Archive member included to satisfy reference by file (symbol)

/home/andre/Ac6/SystemWorkbench/plugins/fr.ac6.mcu.externaltools.arm-none.linux64_1.15.0.201708311556/tools/compiler/bin/../lib/gcc/arm-none-eabi/6.3.1/../../../../arm-none-eabi/lib/thumb/v7-m/libc.a(lib_a-errno.o)
                              src/syscalls.o (__errno)
/home/andre/Ac6/SystemWorkbench/plugins/fr.ac6.mcu.externaltools.arm-none.linux64_1.15.0.201708311556/tools/compiler/bin/../lib/gcc/arm-none-eabi/6.3.1/../../../../arm-none-eabi/lib/thumb/v7-m/libc.a(lib_a-exit.o)
                              /home/andre/Ac6/SystemWorkbench/plugins/fr.ac6.mcu.externaltools.arm-none.linux64_1.15.0.201708311556/tools/compiler/bin/../lib/gcc/arm-none-eabi/6.3.1/../../../../arm-none-eabi/lib/thumb/v7-m/crt0.o (exit)
/home/andre/Ac6/SystemWorkbench/plugins/fr.ac6.mcu.externaltools.arm-none.linux64_1.15.0.201708311556/tools/compiler/bin/../lib/gcc/arm-none-eabi/6.3.1/../../../../arm-none-eabi/lib/thumb/v7-m/libc.a(lib_a-impure.o)
                              /home/andre/Ac6/SystemWorkbench/plugins/fr.ac6.mcu.externaltools.arm-none.linux64_1.15.0.201708311556/tools/compiler/bin/../lib/gcc/arm-none-eabi/6.3.1/../../../../arm-none-eabi/lib/thumb/v7-m/libc.a(lib_a-exit.o) (_global_impure_ptr)
/home/andre/Ac6/SystemWorkbench/plugins/fr.ac6.mcu.externaltools.arm-none.linux64_1.15.0.201708311556/tools/compiler/bin/../lib/gcc/arm-none-eabi/6.3.1/../../../../arm-none-eabi/lib/thumb/v7-m/libc.a(lib_a-init.o)
                              /home/andre/Ac6/SystemWorkbench/plugins/fr.ac6.mcu.externaltools.arm-none.linux64_1.15.0.201708311556/tools/compiler/bin/../lib/gcc/arm-none-eabi/6.3.1/../../../../arm-none-eabi/lib/thumb/v7-m/crt0.o (__libc_init_array)
/home/andre/Ac6/SystemWorkbench/plugins/fr.ac6.mcu.externaltools.arm-none.linux64_1.15.0.201708311556/tools/compiler/bin/../lib/gcc/arm-none-eabi/6.3.1/../../../../arm-none-eabi/lib/thumb/v7-m/libc.a(lib_a-memset.o)
                              /home/andre/Ac6/SystemWorkbench/plugins/fr.ac6.mcu.externaltools.arm-none.linux64_1.15.0.201708311556/tools/compiler/bin/../lib/gcc/arm-none-eabi/6.3.1/../../../../arm-none-eabi/lib/thumb/v7-m/crt0.o (memset)
/home/andre/Ac6/SystemWorkbench/plugins/fr.ac6.mcu.externaltools.arm-none.linux64_1.15.0.201708311556/tools/compiler/bin/../lib/gcc/arm-none-eabi/6.3.1/../../../../arm-none-eabi/lib/thumb/v7-m/libc.a(lib_a-__call_atexit.o)
                              /home/andre/Ac6/SystemWorkbench/plugins/fr.ac6.mcu.externaltools.arm-none.linux64_1.15.0.201708311556/tools/compiler/bin/../lib/gcc/arm-none-eabi/6.3.1/../../../../arm-none-eabi/lib/thumb/v7-m/libc.a(lib_a-exit.o) (__call_exitprocs)
/home/andre/Ac6/SystemWorkbench/plugins/fr.ac6.mcu.externaltools.arm-none.linux64_1.15.0.201708311556/tools/compiler/bin/../lib/gcc/arm-none-eabi/6.3.1/../../../../arm-none-eabi/lib/thumb/v7-m/libc.a(lib_a-atexit.o)
                              /home/andre/Ac6/SystemWorkbench/plugins/fr.ac6.mcu.externaltools.arm-none.linux64_1.15.0.201708311556/tools/compiler/bin/../lib/gcc/arm-none-eabi/6.3.1/../../../../arm-none-eabi/lib/thumb/v7-m/libc.a(lib_a-__call_atexit.o) (atexit)
/home/andre/Ac6/SystemWorkbench/plugins/fr.ac6.mcu.externaltools.arm-none.linux64_1.15.0.201708311556/tools/compiler/bin/../lib/gcc/arm-none-eabi/6.3.1/../../../../arm-none-eabi/lib/thumb/v7-m/libc.a(lib_a-fini.o)
                              /home/andre/Ac6/SystemWorkbench/plugins/fr.ac6.mcu.externaltools.arm-none.linux64_1.15.0.201708311556/tools/compiler/bin/../lib/gcc/arm-none-eabi/6.3.1/../../../../arm-none-eabi/lib/thumb/v7-m/libc.a(lib_a-__call_atexit.o) (__libc_fini_array)
/home/andre/Ac6/SystemWorkbench/plugins/fr.ac6.mcu.externaltools.arm-none.linux64_1.15.0.201708311556/tools/compiler/bin/../lib/gcc/arm-none-eabi/6.3.1/../../../../arm-none-eabi/lib/thumb/v7-m/libc.a(lib_a-lock.o)
                              /home/andre/Ac6/SystemWorkbench/plugins/fr.ac6.mcu.externaltools.arm-none.linux64_1.15.0.201708311556/tools/compiler/bin/../lib/gcc/arm-none-eabi/6.3.1/../../../../arm-none-eabi/lib/thumb/v7-m/libc.a(lib_a-__call_atexit.o) (__retarget_lock_acquire_recursive)
/home/andre/Ac6/SystemWorkbench/plugins/fr.ac6.mcu.externaltools.arm-none.linux64_1.15.0.201708311556/tools/compiler/bin/../lib/gcc/arm-none-eabi/6.3.1/../../../../arm-none-eabi/lib/thumb/v7-m/libc.a(lib_a-__atexit.o)
                              /home/andre/Ac6/SystemWorkbench/plugins/fr.ac6.mcu.externaltools.arm-none.linux64_1.15.0.201708311556/tools/compiler/bin/../lib/gcc/arm-none-eabi/6.3.1/../../../../arm-none-eabi/lib/thumb/v7-m/libc.a(lib_a-atexit.o) (__register_exitproc)

Allocating common symbols
Common symbol       size              file

__lock___atexit_recursive_mutex
                    0x1               /home/andre/Ac6/SystemWorkbench/plugins/fr.ac6.mcu.externaltools.arm-none.linux64_1.15.0.201708311556/tools/compiler/bin/../lib/gcc/arm-none-eabi/6.3.1/../../../../arm-none-eabi/lib/thumb/v7-m/libc.a(lib_a-lock.o)
[...]
Memory Configuration

Name             Origin             Length             Attributes
RAM              0x0000000020000000 0x0000000000005000 xrw
ROM              0x0000000008000000 0x0000000000010000 xr
*default*        0x0000000000000000 0xffffffffffffffff

Linker script and memory map

LOAD /home/andre/Ac6/SystemWorkbench/plugins/fr.ac6.mcu.externaltools.arm-none.linux64_1.15.0.201708311556/tools/compiler/bin/../lib/gcc/arm-none-eabi/6.3.1/thumb/v7-m/crti.o
LOAD /home/andre/Ac6/SystemWorkbench/plugins/fr.ac6.mcu.externaltools.arm-none.linux64_1.15.0.201708311556/tools/compiler/bin/../lib/gcc/arm-none-eabi/6.3.1/thumb/v7-m/crtbegin.o
LOAD /home/andre/Ac6/SystemWorkbench/plugins/fr.ac6.mcu.externaltools.arm-none.linux64_1.15.0.201708311556/tools/compiler/bin/../lib/gcc/arm-none-eabi/6.3.1/../../../../arm-none-eabi/lib/thumb/v7-m/crt0.o
LOAD CMSIS/core/core_cm3.o
LOAD StdPeriph_Driver/src/misc.o
LOAD StdPeriph_Driver/src/stm32f10x_adc.o
LOAD StdPeriph_Driver/src/stm32f10x_bkp.o
LOAD StdPeriph_Driver/src/stm32f10x_can.o
LOAD StdPeriph_Driver/src/stm32f10x_cec.o
LOAD StdPeriph_Driver/src/stm32f10x_crc.o
LOAD StdPeriph_Driver/src/stm32f10x_dac.o
LOAD StdPeriph_Driver/src/stm32f10x_dbgmcu.o
LOAD StdPeriph_Driver/src/stm32f10x_dma.o
LOAD StdPeriph_Driver/src/stm32f10x_exti.o
LOAD StdPeriph_Driver/src/stm32f10x_flash.o
LOAD StdPeriph_Driver/src/stm32f10x_fsmc.o
LOAD StdPeriph_Driver/src/stm32f10x_gpio.o
LOAD StdPeriph_Driver/src/stm32f10x_i2c.o
LOAD StdPeriph_Driver/src/stm32f10x_iwdg.o
LOAD StdPeriph_Driver/src/stm32f10x_pwr.o
LOAD StdPeriph_Driver/src/stm32f10x_rcc.o
LOAD StdPeriph_Driver/src/stm32f10x_rtc.o
LOAD StdPeriph_Driver/src/stm32f10x_sdio.o
LOAD StdPeriph_Driver/src/stm32f10x_spi.o
LOAD StdPeriph_Driver/src/stm32f10x_tim.o
LOAD StdPeriph_Driver/src/stm32f10x_usart.o
LOAD StdPeriph_Driver/src/stm32f10x_wwdg.o
LOAD src/main.o
LOAD src/syscalls.o
LOAD src/system_stm32f10x.o
LOAD src/systickdelay.o
LOAD startup/startup_stm32.o
LOAD /home/andre/Ac6/SystemWorkbench/plugins/fr.ac6.mcu.externaltools.arm-none.linux64_1.15.0.201708311556/tools/compiler/bin/../lib/gcc/arm-none-eabi/6.3.1/../../../../arm-none-eabi/lib/thumb/v7-m/libm.a
START GROUP
LOAD /home/andre/Ac6/SystemWorkbench/plugins/fr.ac6.mcu.externaltools.arm-none.linux64_1.15.0.201708311556/tools/compiler/bin/../lib/gcc/arm-none-eabi/6.3.1/thumb/v7-m/libgcc.a
LOAD /home/andre/Ac6/SystemWorkbench/plugins/fr.ac6.mcu.externaltools.arm-none.linux64_1.15.0.201708311556/tools/compiler/bin/../lib/gcc/arm-none-eabi/6.3.1/../../../../arm-none-eabi/lib/thumb/v7-m/libc.a
END GROUP
LOAD /home/andre/Ac6/SystemWorkbench/plugins/fr.ac6.mcu.externaltools.arm-none.linux64_1.15.0.201708311556/tools/compiler/bin/../lib/gcc/arm-none-eabi/6.3.1/thumb/v7-m/crtend.o
LOAD /home/andre/Ac6/SystemWorkbench/plugins/fr.ac6.mcu.externaltools.arm-none.linux64_1.15.0.201708311556/tools/compiler/bin/../lib/gcc/arm-none-eabi/6.3.1/thumb/v7-m/crtn.o
                0x0000000020005000                _estack = 0x20005000
                0x0000000000000000                _Min_Heap_Size = 0x0
                0x0000000000000400                _Min_Stack_Size = 0x400

.isr_vector     0x0000000008000000      0x130
                0x0000000008000000                . = ALIGN (0x4)
 *(.isr_vector)
 .isr_vector    0x0000000008000000      0x130 startup/startup_stm32.o
                0x0000000008000000                g_pfnVectors
                0x0000000008000130                . = ALIGN (0x4)

.text           0x0000000008000130      0xa64
                0x0000000008000130                . = ALIGN (0x4)
 *(.text)
 .text          0x0000000008000130       0x6c /home/andre/Ac6/SystemWorkbench/plugins/fr.ac6.mcu.externaltools.arm-none.linux64_1.15.0.201708311556/tools/compiler/bin/../lib/gcc/arm-none-eabi/6.3.1/thumb/v7-m/crtbegin.o
 *(.text*)
 .text.GPIO_Init
                0x000000000800019c      0x178 StdPeriph_Driver/src/stm32f10x_gpio.o
                0x000000000800019c                GPIO_Init
 .text.RCC_DeInit
                0x0000000008000314       0x5c StdPeriph_Driver/src/stm32f10x_rcc.o
                0x0000000008000314                RCC_DeInit
 .text.RCC_HSEConfig
                0x0000000008000370       0x5c StdPeriph_Driver/src/stm32f10x_rcc.o
                0x0000000008000370                RCC_HSEConfig
 .text.RCC_WaitForHSEStartUp
                0x00000000080003cc       0x50 StdPeriph_Driver/src/stm32f10x_rcc.o
                0x00000000080003cc                RCC_WaitForHSEStartUp
 .text.RCC_PLLConfig
                0x000000000800041c       0x3c StdPeriph_Driver/src/stm32f10x_rcc.o
                0x000000000800041c                RCC_PLLConfig
 .text.RCC_PLLCmd
                0x0000000008000458       0x20 StdPeriph_Driver/src/stm32f10x_rcc.o
                0x0000000008000458                RCC_PLLCmd
 .text.RCC_SYSCLKConfig
                0x0000000008000478       0x38 StdPeriph_Driver/src/stm32f10x_rcc.o
                0x0000000008000478                RCC_SYSCLKConfig
 .text.RCC_GetSYSCLKSource
                0x00000000080004b0       0x1c StdPeriph_Driver/src/stm32f10x_rcc.o
                0x00000000080004b0                RCC_GetSYSCLKSource
 .text.RCC_HCLKConfig
                0x00000000080004cc       0x38 StdPeriph_Driver/src/stm32f10x_rcc.o
                0x00000000080004cc                RCC_HCLKConfig
 .text.RCC_PCLK1Config
                0x0000000008000504       0x38 StdPeriph_Driver/src/stm32f10x_rcc.o
                0x0000000008000504                RCC_PCLK1Config
 .text.RCC_PCLK2Config
                0x000000000800053c       0x38 StdPeriph_Driver/src/stm32f10x_rcc.o
                0x000000000800053c                RCC_PCLK2Config
 .text.RCC_APB2PeriphClockCmd
                0x0000000008000574       0x3c StdPeriph_Driver/src/stm32f10x_rcc.o
                0x0000000008000574                RCC_APB2PeriphClockCmd
 .text.RCC_GetFlagStatus
                0x00000000080005b0       0x74 StdPeriph_Driver/src/stm32f10x_rcc.o
                0x00000000080005b0                RCC_GetFlagStatus
 .text.SetSysClockTo72
                0x0000000008000624       0x70 src/main.o
                0x0000000008000624                SetSysClockTo72
 .text.main     0x0000000008000694       0x78 src/main.o
                0x0000000008000694                main
 .text.SystemInit
                0x000000000800070c       0x68 src/system_stm32f10x.o
                0x000000000800070c                SystemInit
 .text.SetSysClock
                0x0000000008000774        0xc src/system_stm32f10x.o
 .text.SetSysClockTo72
                0x0000000008000780      0x100 src/system_stm32f10x.o
 .text.NVIC_SetPriority
                0x0000000008000880       0x54 src/systickdelay.o
 .text.SysTick_Config
                0x00000000080008d4       0x44 src/systickdelay.o
 .text.SysTick_Handler
                0x0000000008000918       0x24 src/systickdelay.o
                0x0000000008000918                SysTick_Handler
 .text.sysTickDalayInit
                0x000000000800093c       0x24 src/systickdelay.o
                0x000000000800093c                sysTickDalayInit
 .text.sysTickDalay
                0x0000000008000960       0x28 src/systickdelay.o
                0x0000000008000960                sysTickDalay
 .text.sysTickSet
                0x0000000008000988       0x1c src/systickdelay.o
                0x0000000008000988                sysTickSet
 .text.sysTickGet
                0x00000000080009a4       0x14 src/systickdelay.o
                0x00000000080009a4                sysTickGet
 .text.Reset_Handler
                0x00000000080009b8       0x50 startup/startup_stm32.o
                0x00000000080009b8                Reset_Handler
 .text.Default_Handler
                0x0000000008000a08        0x2 startup/startup_stm32.o
                0x0000000008000a08                EXTI2_IRQHandler
                0x0000000008000a08                TIM8_TRG_COM_IRQHandler
                0x0000000008000a08                TIM8_CC_IRQHandler
                0x0000000008000a08                DebugMon_Handler
                0x0000000008000a08                TIM1_CC_IRQHandler
                0x0000000008000a08                HardFault_Handler
                0x0000000008000a08                TIM6_IRQHandler
                0x0000000008000a08                PVD_IRQHandler
                0x0000000008000a08                SDIO_IRQHandler
                0x0000000008000a08                PendSV_Handler
                0x0000000008000a08                NMI_Handler
                0x0000000008000a08                EXTI3_IRQHandler
                0x0000000008000a08                USB_HP_CAN_TX_IRQHandler
                0x0000000008000a08                EXTI0_IRQHandler
                0x0000000008000a08                I2C2_EV_IRQHandler
                0x0000000008000a08                UsageFault_Handler
                0x0000000008000a08                ADC1_2_IRQHandler
                0x0000000008000a08                SPI1_IRQHandler
                0x0000000008000a08                CAN_SCE_IRQHandler
                0x0000000008000a08                TAMPER_IRQHandler
                0x0000000008000a08                TIM8_UP_IRQHandler
                0x0000000008000a08                DMA2_Channel2_IRQHandler
                0x0000000008000a08                DMA1_Channel4_IRQHandler
                0x0000000008000a08                USART3_IRQHandler
                0x0000000008000a08                RTC_IRQHandler
                0x0000000008000a08                DMA1_Channel7_IRQHandler
                0x0000000008000a08                UART5_IRQHandler
                0x0000000008000a08                ADC3_IRQHandler
                0x0000000008000a08                TIM4_IRQHandler
                0x0000000008000a08                CAN_RX1_IRQHandler
                0x0000000008000a08                DMA2_Channel1_IRQHandler
                0x0000000008000a08                I2C1_EV_IRQHandler
                0x0000000008000a08                DMA1_Channel6_IRQHandler
                0x0000000008000a08                UART4_IRQHandler
                0x0000000008000a08                TIM3_IRQHandler
                0x0000000008000a08                RCC_IRQHandler
                0x0000000008000a08                TIM1_TRG_COM_IRQHandler
                0x0000000008000a08                DMA1_Channel1_IRQHandler
                0x0000000008000a08                Default_Handler
                0x0000000008000a08                EXTI15_10_IRQHandler
                0x0000000008000a08                TIM7_IRQHandler
                0x0000000008000a08                TIM5_IRQHandler
                0x0000000008000a08                EXTI9_5_IRQHandler
                0x0000000008000a08                SPI2_IRQHandler
                0x0000000008000a08                USB_LP_CAN_RX0_IRQHandler
                0x0000000008000a08                MemManage_Handler
                0x0000000008000a08                SVC_Handler
                0x0000000008000a08                DMA1_Channel5_IRQHandler
                0x0000000008000a08                EXTI4_IRQHandler
                0x0000000008000a08                DMA1_Channel3_IRQHandler
                0x0000000008000a08                FSMC_IRQHandler
                0x0000000008000a08                TIM1_UP_IRQHandler
                0x0000000008000a08                WWDG_IRQHandler
                0x0000000008000a08                TIM2_IRQHandler
                0x0000000008000a08                TIM1_BRK_IRQHandler
                0x0000000008000a08                EXTI1_IRQHandler
                0x0000000008000a08                RTCAlarm_IRQHandler
                0x0000000008000a08                DMA2_Channel4_5_IRQHandler
                0x0000000008000a08                USART2_IRQHandler
                0x0000000008000a08                I2C2_ER_IRQHandler
                0x0000000008000a08                DMA1_Channel2_IRQHandler
                0x0000000008000a08                TIM8_BRK_IRQHandler
                0x0000000008000a08                FLASH_IRQHandler
                0x0000000008000a08                BusFault_Handler
                0x0000000008000a08                USART1_IRQHandler
                0x0000000008000a08                SPI3_IRQHandler
                0x0000000008000a08                I2C1_ER_IRQHandler
                0x0000000008000a08                DMA2_Channel3_IRQHandler
 *fill*         0x0000000008000a0a        0x2 
 .text.__libc_init_array
                0x0000000008000a0c       0x50 /home/andre/Ac6/SystemWorkbench/plugins/fr.ac6.mcu.externaltools.arm-none.linux64_1.15.0.201708311556/tools/compiler/bin/../lib/gcc/arm-none-eabi/6.3.1/../../../../arm-none-eabi/lib/thumb/v7-m/libc.a(lib_a-init.o)
                0x0000000008000a0c                __libc_init_array
 .text.startup.register_fini
                0x0000000008000a5c       0x14 /home/andre/Ac6/SystemWorkbench/plugins/fr.ac6.mcu.externaltools.arm-none.linux64_1.15.0.201708311556/tools/compiler/bin/../lib/gcc/arm-none-eabi/6.3.1/../../../../arm-none-eabi/lib/thumb/v7-m/libc.a(lib_a-__call_atexit.o)
 .text.atexit   0x0000000008000a70        0xc /home/andre/Ac6/SystemWorkbench/plugins/fr.ac6.mcu.externaltools.arm-none.linux64_1.15.0.201708311556/tools/compiler/bin/../lib/gcc/arm-none-eabi/6.3.1/../../../../arm-none-eabi/lib/thumb/v7-m/libc.a(lib_a-atexit.o)
                0x0000000008000a70                atexit
 .text.__libc_fini_array
                0x0000000008000a7c       0x34 /home/andre/Ac6/SystemWorkbench/plugins/fr.ac6.mcu.externaltools.arm-none.linux64_1.15.0.201708311556/tools/compiler/bin/../lib/gcc/arm-none-eabi/6.3.1/../../../../arm-none-eabi/lib/thumb/v7-m/libc.a(lib_a-fini.o)
                0x0000000008000a7c                __libc_fini_array
 .text.__retarget_lock_acquire_recursive
                0x0000000008000ab0        0x4 /home/andre/Ac6/SystemWorkbench/plugins/fr.ac6.mcu.externaltools.arm-none.linux64_1.15.0.201708311556/tools/compiler/bin/../lib/gcc/arm-none-eabi/6.3.1/../../../../arm-none-eabi/lib/thumb/v7-m/libc.a(lib_a-lock.o)
                0x0000000008000ab0                __retarget_lock_acquire_recursive
 .text.__retarget_lock_release_recursive
                0x0000000008000ab4        0x4 /home/andre/Ac6/SystemWorkbench/plugins/fr.ac6.mcu.externaltools.arm-none.linux64_1.15.0.201708311556/tools/compiler/bin/../lib/gcc/arm-none-eabi/6.3.1/../../../../arm-none-eabi/lib/thumb/v7-m/libc.a(lib_a-lock.o)
                0x0000000008000ab4                __retarget_lock_release_recursive
 .text.__register_exitproc
                0x0000000008000ab8       0xc4 /home/andre/Ac6/SystemWorkbench/plugins/fr.ac6.mcu.externaltools.arm-none.linux64_1.15.0.201708311556/tools/compiler/bin/../lib/gcc/arm-none-eabi/6.3.1/../../../../arm-none-eabi/lib/thumb/v7-m/libc.a(lib_a-__atexit.o)
                0x0000000008000ab8                __register_exitproc
 *(.glue_7)
 .glue_7        0x0000000008000b7c        0x0 linker stubs
 *(.glue_7t)
 .glue_7t       0x0000000008000b7c        0x0 linker stubs
 *(.eh_frame)
 .eh_frame      0x0000000008000b7c        0x0 /home/andre/Ac6/SystemWorkbench/plugins/fr.ac6.mcu.externaltools.arm-none.linux64_1.15.0.201708311556/tools/compiler/bin/../lib/gcc/arm-none-eabi/6.3.1/thumb/v7-m/crtbegin.o
 *(.init)
 .init          0x0000000008000b7c        0x4 /home/andre/Ac6/SystemWorkbench/plugins/fr.ac6.mcu.externaltools.arm-none.linux64_1.15.0.201708311556/tools/compiler/bin/../lib/gcc/arm-none-eabi/6.3.1/thumb/v7-m/crti.o
                0x0000000008000b7c                _init
 .init          0x0000000008000b80        0x8 /home/andre/Ac6/SystemWorkbench/plugins/fr.ac6.mcu.externaltools.arm-none.linux64_1.15.0.201708311556/tools/compiler/bin/../lib/gcc/arm-none-eabi/6.3.1/thumb/v7-m/crtn.o
 *(.fini)
 .fini          0x0000000008000b88        0x4 /home/andre/Ac6/SystemWorkbench/plugins/fr.ac6.mcu.externaltools.arm-none.linux64_1.15.0.201708311556/tools/compiler/bin/../lib/gcc/arm-none-eabi/6.3.1/thumb/v7-m/crti.o
                0x0000000008000b88                _fini
 .fini          0x0000000008000b8c        0x8 /home/andre/Ac6/SystemWorkbench/plugins/fr.ac6.mcu.externaltools.arm-none.linux64_1.15.0.201708311556/tools/compiler/bin/../lib/gcc/arm-none-eabi/6.3.1/thumb/v7-m/crtn.o
                0x0000000008000b94                . = ALIGN (0x4)
                0x0000000008000b94                _etext = .

.vfp11_veneer   0x0000000008000b94        0x0
 .vfp11_veneer  0x0000000008000b94        0x0 linker stubs

.v4_bx          0x0000000008000b94        0x0
 .v4_bx         0x0000000008000b94        0x0 linker stubs

.iplt           0x0000000008000b94        0x0
 .iplt          0x0000000008000b94        0x0 /home/andre/Ac6/SystemWorkbench/plugins/fr.ac6.mcu.externaltools.arm-none.linux64_1.15.0.201708311556/tools/compiler/bin/../lib/gcc/arm-none-eabi/6.3.1/thumb/v7-m/crtbegin.o

.rodata         0x0000000008000b94        0x4
                0x0000000008000b94                . = ALIGN (0x4)
 *(.rodata)
 *(.rodata*)
 .rodata._global_impure_ptr
                0x0000000008000b94        0x4 /home/andre/Ac6/SystemWorkbench/plugins/fr.ac6.mcu.externaltools.arm-none.linux64_1.15.0.201708311556/tools/compiler/bin/../lib/gcc/arm-none-eabi/6.3.1/../../../../arm-none-eabi/lib/thumb/v7-m/libc.a(lib_a-impure.o)
                0x0000000008000b94                _global_impure_ptr
                0x0000000008000b98                . = ALIGN (0x4)

.rel.dyn        0x0000000008000b98        0x0
 .rel.iplt      0x0000000008000b98        0x0 /home/andre/Ac6/SystemWorkbench/plugins/fr.ac6.mcu.externaltools.arm-none.linux64_1.15.0.201708311556/tools/compiler/bin/../lib/gcc/arm-none-eabi/6.3.1/thumb/v7-m/crtbegin.o

.ARM.extab      0x0000000008000b98        0x0
                0x0000000008000b98                . = ALIGN (0x4)
 *(.ARM.extab* .gnu.linkonce.armextab.*)
                0x0000000008000b98                . = ALIGN (0x4)

.ARM            0x0000000008000b98        0x0
                0x0000000008000b98                . = ALIGN (0x4)
                0x0000000008000b98                __exidx_start = .
 *(.ARM.exidx*)
                0x0000000008000b98                __exidx_end = .
                0x0000000008000b98                . = ALIGN (0x4)

.preinit_array  0x0000000008000b98        0x0
                0x0000000008000b98                . = ALIGN (0x4)
                0x0000000008000b98                PROVIDE (__preinit_array_start, .)
 *(.preinit_array*)
                0x0000000008000b98                PROVIDE (__preinit_array_end, .)
                0x0000000008000b98                . = ALIGN (0x4)

.init_array     0x0000000008000b98        0x8
                0x0000000008000b98                . = ALIGN (0x4)
                0x0000000008000b98                PROVIDE (__init_array_start, .)
 *(SORT(.init_array.*))
 .init_array.00000
                0x0000000008000b98        0x4 /home/andre/Ac6/SystemWorkbench/plugins/fr.ac6.mcu.externaltools.arm-none.linux64_1.15.0.201708311556/tools/compiler/bin/../lib/gcc/arm-none-eabi/6.3.1/../../../../arm-none-eabi/lib/thumb/v7-m/libc.a(lib_a-__call_atexit.o)
 *(.init_array*)
 .init_array    0x0000000008000b9c        0x4 /home/andre/Ac6/SystemWorkbench/plugins/fr.ac6.mcu.externaltools.arm-none.linux64_1.15.0.201708311556/tools/compiler/bin/../lib/gcc/arm-none-eabi/6.3.1/thumb/v7-m/crtbegin.o
                0x0000000008000ba0                PROVIDE (__init_array_end, .)
                0x0000000008000ba0                . = ALIGN (0x4)

.fini_array     0x0000000008000ba0        0x4
                0x0000000008000ba0                . = ALIGN (0x4)
                0x0000000008000ba0                PROVIDE (__fini_array_start, .)
 *(SORT(.fini_array.*))
 *(.fini_array*)
 .fini_array    0x0000000008000ba0        0x4 /home/andre/Ac6/SystemWorkbench/plugins/fr.ac6.mcu.externaltools.arm-none.linux64_1.15.0.201708311556/tools/compiler/bin/../lib/gcc/arm-none-eabi/6.3.1/thumb/v7-m/crtbegin.o
                0x0000000008000ba4                PROVIDE (__fini_array_end, .)
                0x0000000008000ba4                . = ALIGN (0x4)
                0x0000000008000ba4                _sidata = LOADADDR (.data)

.data           0x0000000020000000      0x444 load address 0x0000000008000ba4
                0x0000000020000000                . = ALIGN (0x4)
                0x0000000020000000                _sdata = .
 *(.data)
 .data          0x0000000020000000       0x14 src/system_stm32f10x.o
                0x0000000020000000                SystemCoreClock
                0x0000000020000004                AHBPrescTable
 *(.data*)
 *fill*         0x0000000020000014        0x4 
 .data.impure_data
                0x0000000020000018      0x428 /home/andre/Ac6/SystemWorkbench/plugins/fr.ac6.mcu.externaltools.arm-none.linux64_1.15.0.201708311556/tools/compiler/bin/../lib/gcc/arm-none-eabi/6.3.1/../../../../arm-none-eabi/lib/thumb/v7-m/libc.a(lib_a-impure.o)
 .data.__atexit_recursive_mutex
                0x0000000020000440        0x4 /home/andre/Ac6/SystemWorkbench/plugins/fr.ac6.mcu.externaltools.arm-none.linux64_1.15.0.201708311556/tools/compiler/bin/../lib/gcc/arm-none-eabi/6.3.1/../../../../arm-none-eabi/lib/thumb/v7-m/libc.a(lib_a-__call_atexit.o)
                0x0000000020000440                __atexit_recursive_mutex
                0x0000000020000444                . = ALIGN (0x4)
                0x0000000020000444                _edata = .

.jcr            0x0000000020000444        0x0 load address 0x0000000008000fe8
 .jcr           0x0000000020000444        0x0 /home/andre/Ac6/SystemWorkbench/plugins/fr.ac6.mcu.externaltools.arm-none.linux64_1.15.0.201708311556/tools/compiler/bin/../lib/gcc/arm-none-eabi/6.3.1/thumb/v7-m/crtbegin.o

.igot.plt       0x0000000020000444        0x0 load address 0x0000000008000fe8
 .igot.plt      0x0000000020000444        0x0 /home/andre/Ac6/SystemWorkbench/plugins/fr.ac6.mcu.externaltools.arm-none.linux64_1.15.0.201708311556/tools/compiler/bin/../lib/gcc/arm-none-eabi/6.3.1/thumb/v7-m/crtbegin.o
                0x0000000020000444                . = ALIGN (0x4)

.bss            0x0000000020000444       0x44 load address 0x0000000008000fe8
                0x0000000020000444                _sbss = .
                0x0000000020000444                __bss_start__ = _sbss
 *(.bss)
 .bss           0x0000000020000444       0x1c /home/andre/Ac6/SystemWorkbench/plugins/fr.ac6.mcu.externaltools.arm-none.linux64_1.15.0.201708311556/tools/compiler/bin/../lib/gcc/arm-none-eabi/6.3.1/thumb/v7-m/crtbegin.o
 .bss           0x0000000020000460        0x4 src/systickdelay.o
 *(.bss*)
 *(COMMON)
 COMMON         0x0000000020000464       0x21 /home/andre/Ac6/SystemWorkbench/plugins/fr.ac6.mcu.externaltools.arm-none.linux64_1.15.0.201708311556/tools/compiler/bin/../lib/gcc/arm-none-eabi/6.3.1/../../../../arm-none-eabi/lib/thumb/v7-m/libc.a(lib_a-lock.o)
                0x0000000020000464                __lock___atexit_recursive_mutex
                0x0000000020000468                __lock___arc4random_mutex
                0x000000002000046c                __lock___env_recursive_mutex
                0x0000000020000470                __lock___sinit_recursive_mutex
                0x0000000020000474                __lock___malloc_recursive_mutex
                0x0000000020000478                __lock___at_quick_exit_mutex
                0x000000002000047c                __lock___dd_hash_mutex
                0x0000000020000480                __lock___tz_mutex
                0x0000000020000484                __lock___sfp_recursive_mutex
                0x0000000020000488                . = ALIGN (0x4)
 *fill*         0x0000000020000485        0x3 
                0x0000000020000488                _ebss = .
                0x0000000020000488                __bss_end__ = _ebss

._user_heap_stack
                0x0000000020000488      0x400 load address 0x0000000008000fe8
                0x0000000020000488                . = ALIGN (0x8)
                0x0000000020000488                PROVIDE (end, .)
                [!provide]                        PROVIDE (_end, .)
                0x0000000020000488                . = (. + _Min_Heap_Size)
                0x0000000020000888                . = (. + _Min_Stack_Size)
 *fill*         0x0000000020000488      0x400 
                0x0000000020000888                . = ALIGN (0x8)

/DISCARD/
 libc.a(*)
 libm.a(*)
 libgcc.a(*)

.ARM.attributes
                0x0000000000000000       0x29
 *(.ARM.attributes)
 .ARM.attributes
                0x0000000000000000       0x1d /home/andre/Ac6/SystemWorkbench/plugins/fr.ac6.mcu.externaltools.arm-none.linux64_1.15.0.201708311556/tools/compiler/bin/../lib/gcc/arm-none-eabi/6.3.1/thumb/v7-m/crti.o
 .ARM.attributes
                0x000000000000001d       0x2d /home/andre/Ac6/SystemWorkbench/plugins/fr.ac6.mcu.externaltools.arm-none.linux64_1.15.0.201708311556/tools/compiler/bin/../lib/gcc/arm-none-eabi/6.3.1/thumb/v7-m/crtbegin.o
 .ARM.attributes
                0x000000000000004a       0x33 StdPeriph_Driver/src/stm32f10x_gpio.o
 .ARM.attributes
                0x000000000000007d       0x33 StdPeriph_Driver/src/stm32f10x_rcc.o
 .ARM.attributes
                0x00000000000000b0       0x33 src/main.o
 .ARM.attributes
                0x00000000000000e3       0x33 src/system_stm32f10x.o
 .ARM.attributes
                0x0000000000000116       0x33 src/systickdelay.o
 .ARM.attributes
                0x0000000000000149       0x21 startup/startup_stm32.o
 .ARM.attributes
                0x000000000000016a       0x2d /home/andre/Ac6/SystemWorkbench/plugins/fr.ac6.mcu.externaltools.arm-none.linux64_1.15.0.201708311556/tools/compiler/bin/../lib/gcc/arm-none-eabi/6.3.1/../../../../arm-none-eabi/lib/thumb/v7-m/libc.a(lib_a-impure.o)
 .ARM.attributes
                0x0000000000000197       0x2d /home/andre/Ac6/SystemWorkbench/plugins/fr.ac6.mcu.externaltools.arm-none.linux64_1.15.0.201708311556/tools/compiler/bin/../lib/gcc/arm-none-eabi/6.3.1/../../../../arm-none-eabi/lib/thumb/v7-m/libc.a(lib_a-init.o)
 .ARM.attributes
                0x00000000000001c4       0x2d /home/andre/Ac6/SystemWorkbench/plugins/fr.ac6.mcu.externaltools.arm-none.linux64_1.15.0.201708311556/tools/compiler/bin/../lib/gcc/arm-none-eabi/6.3.1/../../../../arm-none-eabi/lib/thumb/v7-m/libc.a(lib_a-__call_atexit.o)
 .ARM.attributes
                0x00000000000001f1       0x2d /home/andre/Ac6/SystemWorkbench/plugins/fr.ac6.mcu.externaltools.arm-none.linux64_1.15.0.201708311556/tools/compiler/bin/../lib/gcc/arm-none-eabi/6.3.1/../../../../arm-none-eabi/lib/thumb/v7-m/libc.a(lib_a-atexit.o)
 .ARM.attributes
                0x000000000000021e       0x2d /home/andre/Ac6/SystemWorkbench/plugins/fr.ac6.mcu.externaltools.arm-none.linux64_1.15.0.201708311556/tools/compiler/bin/../lib/gcc/arm-none-eabi/6.3.1/../../../../arm-none-eabi/lib/thumb/v7-m/libc.a(lib_a-fini.o)
 .ARM.attributes
                0x000000000000024b       0x2d /home/andre/Ac6/SystemWorkbench/plugins/fr.ac6.mcu.externaltools.arm-none.linux64_1.15.0.201708311556/tools/compiler/bin/../lib/gcc/arm-none-eabi/6.3.1/../../../../arm-none-eabi/lib/thumb/v7-m/libc.a(lib_a-lock.o)
 .ARM.attributes
                0x0000000000000278       0x2d /home/andre/Ac6/SystemWorkbench/plugins/fr.ac6.mcu.externaltools.arm-none.linux64_1.15.0.201708311556/tools/compiler/bin/../lib/gcc/arm-none-eabi/6.3.1/../../../../arm-none-eabi/lib/thumb/v7-m/libc.a(lib_a-__atexit.o)
 .ARM.attributes
                0x00000000000002a5       0x1d /home/andre/Ac6/SystemWorkbench/plugins/fr.ac6.mcu.externaltools.arm-none.linux64_1.15.0.201708311556/tools/compiler/bin/../lib/gcc/arm-none-eabi/6.3.1/thumb/v7-m/crtn.o
OUTPUT(Example_SysTick.elf elf32-littlearm)

.debug_info     0x0000000000000000     0x1cb4
 .debug_info    0x0000000000000000      0x6ef StdPeriph_Driver/src/stm32f10x_gpio.o
 .debug_info    0x00000000000006ef      0x8a0 StdPeriph_Driver/src/stm32f10x_rcc.o
 .debug_info    0x0000000000000f8f      0x2a3 src/main.o
 .debug_info    0x0000000000001232      0x456 src/system_stm32f10x.o
 .debug_info    0x0000000000001688      0x5c1 src/systickdelay.o
 .debug_info    0x0000000000001c49       0x6b startup/startup_stm32.o

.debug_abbrev   0x0000000000000000      0x88a
 .debug_abbrev  0x0000000000000000      0x1e0 StdPeriph_Driver/src/stm32f10x_gpio.o
 .debug_abbrev  0x00000000000001e0      0x1d2 StdPeriph_Driver/src/stm32f10x_rcc.o
 .debug_abbrev  0x00000000000003b2      0x139 src/main.o
 .debug_abbrev  0x00000000000004eb      0x19c src/system_stm32f10x.o
 .debug_abbrev  0x0000000000000687      0x1f1 src/systickdelay.o
 .debug_abbrev  0x0000000000000878       0x12 startup/startup_stm32.o

.debug_aranges  0x0000000000000000      0x298
 .debug_aranges
                0x0000000000000000       0xa8 StdPeriph_Driver/src/stm32f10x_gpio.o
 .debug_aranges
                0x00000000000000a8      0x118 StdPeriph_Driver/src/stm32f10x_rcc.o
 .debug_aranges
                0x00000000000001c0       0x28 src/main.o
 .debug_aranges
                0x00000000000001e8       0x38 src/system_stm32f10x.o
 .debug_aranges
                0x0000000000000220       0x50 src/systickdelay.o
 .debug_aranges
                0x0000000000000270       0x28 startup/startup_stm32.o

.debug_ranges   0x0000000000000000      0x240
 .debug_ranges  0x0000000000000000       0x98 StdPeriph_Driver/src/stm32f10x_gpio.o
 .debug_ranges  0x0000000000000098      0x108 StdPeriph_Driver/src/stm32f10x_rcc.o
 .debug_ranges  0x00000000000001a0       0x18 src/main.o
 .debug_ranges  0x00000000000001b8       0x28 src/system_stm32f10x.o
 .debug_ranges  0x00000000000001e0       0x40 src/systickdelay.o
 .debug_ranges  0x0000000000000220       0x20 startup/startup_stm32.o

.debug_macro    0x0000000000000000      0xf86
 .debug_macro   0x0000000000000000      0x1d7 StdPeriph_Driver/src/stm32f10x_gpio.o
 .debug_macro   0x00000000000001d7      0x2a6 StdPeriph_Driver/src/stm32f10x_gpio.o
 .debug_macro   0x000000000000047d      0x2a1 StdPeriph_Driver/src/stm32f10x_rcc.o
 .debug_macro   0x000000000000071e      0x3dc StdPeriph_Driver/src/stm32f10x_rcc.o
 .debug_macro   0x0000000000000afa      0x189 src/main.o
 .debug_macro   0x0000000000000c83      0x188 src/system_stm32f10x.o
 .debug_macro   0x0000000000000e0b      0x17b src/systickdelay.o

.debug_line     0x0000000000000000     0x22cc
 .debug_line    0x0000000000000000      0x781 StdPeriph_Driver/src/stm32f10x_gpio.o
 .debug_line    0x0000000000000781      0x87d StdPeriph_Driver/src/stm32f10x_rcc.o
 .debug_line    0x0000000000000ffe      0x5ff src/main.o
 .debug_line    0x00000000000015fd      0x636 src/system_stm32f10x.o
 .debug_line    0x0000000000001c33      0x61d src/systickdelay.o
 .debug_line    0x0000000000002250       0x7c startup/startup_stm32.o

.debug_str      0x0000000000000000    0x4df31
 .debug_str     0x0000000000000000    0x4ceb7 StdPeriph_Driver/src/stm32f10x_gpio.o
                                      0x4d02c (size before relaxing)
 .debug_str     0x000000000004ceb7      0xb59 StdPeriph_Driver/src/stm32f10x_rcc.o
                                      0x4d612 (size before relaxing)
 .debug_str     0x000000000004da10       0x58 src/main.o
                                      0x4cbe9 (size before relaxing)
 .debug_str     0x000000000004da68       0xe8 src/system_stm32f10x.o
                                      0x4cbc0 (size before relaxing)
 .debug_str     0x000000000004db50      0x3e1 src/systickdelay.o
                                      0x4ce6f (size before relaxing)

.comment        0x0000000000000000       0x7f
 .comment       0x0000000000000000       0x7f StdPeriph_Driver/src/stm32f10x_gpio.o
                                         0x80 (size before relaxing)
 .comment       0x000000000000007f       0x80 StdPeriph_Driver/src/stm32f10x_rcc.o
 .comment       0x000000000000007f       0x80 src/main.o
 .comment       0x000000000000007f       0x80 src/system_stm32f10x.o
 .comment       0x000000000000007f       0x80 src/systickdelay.o

.debug_frame    0x0000000000000000      0xb78
 .debug_frame   0x0000000000000000      0x2d0 StdPeriph_Driver/src/stm32f10x_gpio.o
 .debug_frame   0x00000000000002d0      0x4f4 StdPeriph_Driver/src/stm32f10x_rcc.o
 .debug_frame   0x00000000000007c4       0x54 src/main.o
 .debug_frame   0x0000000000000818       0x98 src/system_stm32f10x.o
 .debug_frame   0x00000000000008b0      0x108 src/systickdelay.o
 .debug_frame   0x00000000000009b8       0x2c /home/andre/Ac6/SystemWorkbench/plugins/fr.ac6.mcu.externaltools.arm-none.linux64_1.15.0.201708311556/tools/compiler/bin/../lib/gcc/arm-none-eabi/6.3.1/../../../../arm-none-eabi/lib/thumb/v7-m/libc.a(lib_a-init.o)
 .debug_frame   0x00000000000009e4       0x5c /home/andre/Ac6/SystemWorkbench/plugins/fr.ac6.mcu.externaltools.arm-none.linux64_1.15.0.201708311556/tools/compiler/bin/../lib/gcc/arm-none-eabi/6.3.1/../../../../arm-none-eabi/lib/thumb/v7-m/libc.a(lib_a-__call_atexit.o)
 .debug_frame   0x0000000000000a40       0x20 /home/andre/Ac6/SystemWorkbench/plugins/fr.ac6.mcu.externaltools.arm-none.linux64_1.15.0.201708311556/tools/compiler/bin/../lib/gcc/arm-none-eabi/6.3.1/../../../../arm-none-eabi/lib/thumb/v7-m/libc.a(lib_a-atexit.o)
 .debug_frame   0x0000000000000a60       0x34 /home/andre/Ac6/SystemWorkbench/plugins/fr.ac6.mcu.externaltools.arm-none.linux64_1.15.0.201708311556/tools/compiler/bin/../lib/gcc/arm-none-eabi/6.3.1/../../../../arm-none-eabi/lib/thumb/v7-m/libc.a(lib_a-fini.o)
 .debug_frame   0x0000000000000a94       0xb0 /home/andre/Ac6/SystemWorkbench/plugins/fr.ac6.mcu.externaltools.arm-none.linux64_1.15.0.201708311556/tools/compiler/bin/../lib/gcc/arm-none-eabi/6.3.1/../../../../arm-none-eabi/lib/thumb/v7-m/libc.a(lib_a-lock.o)
 .debug_frame   0x0000000000000b44       0x34 /home/andre/Ac6/SystemWorkbench/plugins/fr.ac6.mcu.externaltools.arm-none.linux64_1.15.0.201708311556/tools/compiler/bin/../lib/gcc/arm-none-eabi/6.3.1/../../../../arm-none-eabi/lib/thumb/v7-m/libc.a(lib_a-__atexit.o)
