Archive member included to satisfy reference by file (symbol)

/home/andre/Ac6/SystemWorkbench/plugins/fr.ac6.mcu.externaltools.arm-none.linux64_1.15.0.201708311556/tools/compiler/bin/../lib/gcc/arm-none-eabi/6.3.1/../../../../arm-none-eabi/lib/thumb/v7-m/libc.a(lib_a-errno.o)
                              src/syscalls.o (__errno)
/home/andre/Ac6/SystemWorkbench/plugins/fr.ac6.mcu.externaltools.arm-none.linux64_1.15.0.201708311556/tools/compiler/bin/../lib/gcc/arm-none-eabi/6.3.1/../../../../arm-none-eabi/lib/thumb/v7-m/libc.a(lib_a-exit.o)
                              /home/andre/Ac6/SystemWorkbench/plugins/fr.ac6.mcu.externaltools.arm-none.linux64_1.15.0.201708311556/tools/compiler/bin/../lib/gcc/arm-none-eabi/6.3.1/../../../../arm-none-eabi/lib/thumb/v7-m/crt0.o (exit)
/home/andre/Ac6/SystemWorkbench/plugins/fr.ac6.mcu.externaltools.arm-none.linux64_1.15.0.201708311556/tools/compiler/bin/../lib/gcc/arm-none-eabi/6.3.1/../../../../arm-none-eabi/lib/thumb/v7-m/libc.a(lib_a-impure.o)
                              /home/andre/Ac6/SystemWorkbench/plugins/fr.ac6.mcu.externaltools.arm-none.linux64_1.15.0.201708311556/tools/compiler/bin/../lib/gcc/arm-none-eabi/6.3.1/../../../../arm-none-eabi/lib/thumb/v7-m/libc.a(lib_a-exit.o) (_global_impure_ptr)
/home/andre/Ac6/SystemWorkbench/plugins/fr.ac6.mcu.externaltools.arm-none.linux64_1.15.0.201708311556/tools/compiler/bin/../lib/gcc/arm-none-eabi/6.3.1/../../../../arm-none-eabi/lib/thumb/v7-m/libc.a(lib_a-init.o)
                              /home/andre/Ac6/SystemWorkbench/plugins/fr.ac6.mcu.externaltools.arm-none.linux64_1.15.0.201708311556/tools/compiler/bin/../lib/gcc/arm-none-eabi/6.3.1/../../../../arm-none-eabi/lib/thumb/v7-m/crt0.o (__libc_init_array)
/home/andre/Ac6/SystemWorkbench/plugins/fr.ac6.mcu.externaltools.arm-none.linux64_1.15.0.201708311556/tools/compiler/bin/../lib/gcc/arm-none-eabi/6.3.1/../../../../arm-none-eabi/lib/thumb/v7-m/libc.a(lib_a-memset.o)
                              /home/andre/Ac6/SystemWorkbench/plugins/fr.ac6.mcu.externaltools.arm-none.linux64_1.15.0.201708311556/tools/compiler/bin/../lib/gcc/arm-none-eabi/6.3.1/../../../../arm-none-eabi/lib/thumb/v7-m/crt0.o (memset)
/home/andre/Ac6/SystemWorkbench/plugins/fr.ac6.mcu.externaltools.arm-none.linux64_1.15.0.201708311556/tools/compiler/bin/../lib/gcc/arm-none-eabi/6.3.1/../../../../arm-none-eabi/lib/thumb/v7-m/libc.a(lib_a-sprintf.o)
                              src/main.o (sprintf)
/home/andre/Ac6/SystemWorkbench/plugins/fr.ac6.mcu.externaltools.arm-none.linux64_1.15.0.201708311556/tools/compiler/bin/../lib/gcc/arm-none-eabi/6.3.1/../../../../arm-none-eabi/lib/thumb/v7-m/libc.a(lib_a-strcpy.o)
                              src/usart_dma.o (strcpy)
/home/andre/Ac6/SystemWorkbench/plugins/fr.ac6.mcu.externaltools.arm-none.linux64_1.15.0.201708311556/tools/compiler/bin/../lib/gcc/arm-none-eabi/6.3.1/../../../../arm-none-eabi/lib/thumb/v7-m/libc.a(lib_a-strlen-stub.o)
                              src/usart_dma.o (strlen)
/home/andre/Ac6/SystemWorkbench/plugins/fr.ac6.mcu.externaltools.arm-none.linux64_1.15.0.201708311556/tools/compiler/bin/../lib/gcc/arm-none-eabi/6.3.1/../../../../arm-none-eabi/lib/thumb/v7-m/libc.a(lib_a-svfprintf.o)
                              /home/andre/Ac6/SystemWorkbench/plugins/fr.ac6.mcu.externaltools.arm-none.linux64_1.15.0.201708311556/tools/compiler/bin/../lib/gcc/arm-none-eabi/6.3.1/../../../../arm-none-eabi/lib/thumb/v7-m/libc.a(lib_a-sprintf.o) (_svfprintf_r)
/home/andre/Ac6/SystemWorkbench/plugins/fr.ac6.mcu.externaltools.arm-none.linux64_1.15.0.201708311556/tools/compiler/bin/../lib/gcc/arm-none-eabi/6.3.1/../../../../arm-none-eabi/lib/thumb/v7-m/libc.a(lib_a-__call_atexit.o)
                              /home/andre/Ac6/SystemWorkbench/plugins/fr.ac6.mcu.externaltools.arm-none.linux64_1.15.0.201708311556/tools/compiler/bin/../lib/gcc/arm-none-eabi/6.3.1/../../../../arm-none-eabi/lib/thumb/v7-m/libc.a(lib_a-exit.o) (__call_exitprocs)
/home/andre/Ac6/SystemWorkbench/plugins/fr.ac6.mcu.externaltools.arm-none.linux64_1.15.0.201708311556/tools/compiler/bin/../lib/gcc/arm-none-eabi/6.3.1/../../../../arm-none-eabi/lib/thumb/v7-m/libc.a(lib_a-atexit.o)
                              /home/andre/Ac6/SystemWorkbench/plugins/fr.ac6.mcu.externaltools.arm-none.linux64_1.15.0.201708311556/tools/compiler/bin/../lib/gcc/arm-none-eabi/6.3.1/../../../../arm-none-eabi/lib/thumb/v7-m/libc.a(lib_a-__call_atexit.o) (atexit)
/home/andre/Ac6/SystemWorkbench/plugins/fr.ac6.mcu.externaltools.arm-none.linux64_1.15.0.201708311556/tools/compiler/bin/../lib/gcc/arm-none-eabi/6.3.1/../../../../arm-none-eabi/lib/thumb/v7-m/libc.a(lib_a-dtoa.o)
                              /home/andre/Ac6/SystemWorkbench/plugins/fr.ac6.mcu.externaltools.arm-none.linux64_1.15.0.201708311556/tools/compiler/bin/../lib/gcc/arm-none-eabi/6.3.1/../../../../arm-none-eabi/lib/thumb/v7-m/libc.a(lib_a-svfprintf.o) (_dtoa_r)
[...]
Memory Configuration

Name             Origin             Length             Attributes
RAM              0x0000000020000000 0x0000000000005000 xrw
ROM              0x0000000008000000 0x0000000000010000 xr
*default*        0x0000000000000000 0xffffffffffffffff

Linker script and memory map

LOAD /home/andre/Ac6/SystemWorkbench/plugins/fr.ac6.mcu.externaltools.arm-none.linux64_1.15.0.201708311556/tools/compiler/bin/../lib/gcc/arm-none-eabi/6.3.1/thumb/v7-m/crti.o
LOAD /home/andre/Ac6/SystemWorkbench/plugins/fr.ac6.mcu.externaltools.arm-none.linux64_1.15.0.201708311556/tools/compiler/bin/../lib/gcc/arm-none-eabi/6.3.1/thumb/v7-m/crtbegin.o
LOAD /home/andre/Ac6/SystemWorkbench/plugins/fr.ac6.mcu.externaltools.arm-none.linux64_1.15.0.201708311556/tools/compiler/bin/../lib/gcc/arm-none-eabi/6.3.1/../../../../arm-none-eabi/lib/thumb/v7-m/crt0.o
LOAD CMSIS/core/core_cm3.o
LOAD StdPeriph_Driver/src/misc.o
LOAD StdPeriph_Driver/src/stm32f10x_adc.o
LOAD StdPeriph_Driver/src/stm32f10x_bkp.o
LOAD StdPeriph_Driver/src/stm32f10x_can.o
LOAD StdPeriph_Driver/src/stm32f10x_cec.o
LOAD StdPeriph_Driver/src/stm32f10x_crc.o
LOAD StdPeriph_Driver/src/stm32f10x_dac.o
LOAD StdPeriph_Driver/src/stm32f10x_dbgmcu.o
LOAD StdPeriph_Driver/src/stm32f10x_dma.o
LOAD StdPeriph_Driver/src/stm32f10x_exti.o
LOAD StdPeriph_Driver/src/stm32f10x_flash.o
LOAD StdPeriph_Driver/src/stm32f10x_fsmc.o
LOAD StdPeriph_Driver/src/stm32f10x_gpio.o
LOAD StdPeriph_Driver/src/stm32f10x_i2c.o
LOAD StdPeriph_Driver/src/stm32f10x_iwdg.o
LOAD StdPeriph_Driver/src/stm32f10x_pwr.o
LOAD StdPeriph_Driver/src/stm32f10x_rcc.o
LOAD StdPeriph_Driver/src/stm32f10x_rtc.o
LOAD StdPeriph_Driver/src/stm32f10x_sdio.o
LOAD StdPeriph_Driver/src/stm32f10x_spi.o
LOAD StdPeriph_Driver/src/stm32f10x_tim.o
LOAD StdPeriph_Driver/src/stm32f10x_usart.o
LOAD StdPeriph_Driver/src/stm32f10x_wwdg.o
LOAD src/adc_dma.o
LOAD src/bldc.o
LOAD src/main.o
LOAD src/syscalls.o
LOAD src/system_stm32f10x.o
LOAD src/systickdelay.o
LOAD src/usart_dma.o
LOAD startup/startup_stm32.o
LOAD /home/andre/Ac6/SystemWorkbench/plugins/fr.ac6.mcu.externaltools.arm-none.linux64_1.15.0.201708311556/tools/compiler/bin/../lib/gcc/arm-none-eabi/6.3.1/../../../../arm-none-eabi/lib/thumb/v7-m/libm.a
START GROUP
LOAD /home/andre/Ac6/SystemWorkbench/plugins/fr.ac6.mcu.externaltools.arm-none.linux64_1.15.0.201708311556/tools/compiler/bin/../lib/gcc/arm-none-eabi/6.3.1/thumb/v7-m/libgcc.a
LOAD /home/andre/Ac6/SystemWorkbench/plugins/fr.ac6.mcu.externaltools.arm-none.linux64_1.15.0.201708311556/tools/compiler/bin/../lib/gcc/arm-none-eabi/6.3.1/../../../../arm-none-eabi/lib/thumb/v7-m/libc.a
END GROUP
LOAD /home/andre/Ac6/SystemWorkbench/plugins/fr.ac6.mcu.externaltools.arm-none.linux64_1.15.0.201708311556/tools/compiler/bin/../lib/gcc/arm-none-eabi/6.3.1/thumb/v7-m/crtend.o
LOAD /home/andre/Ac6/SystemWorkbench/plugins/fr.ac6.mcu.externaltools.arm-none.linux64_1.15.0.201708311556/tools/compiler/bin/../lib/gcc/arm-none-eabi/6.3.1/thumb/v7-m/crtn.o
                0x0000000020005000                _estack = 0x20005000
                0x0000000000000000                _Min_Heap_Size = 0x0
                0x0000000000000400                _Min_Stack_Size = 0x400

.isr_vector     0x0000000008000000      0x130
                0x0000000008000000                . = ALIGN (0x4)
 *(.isr_vector)
 .isr_vector    0x0000000008000000      0x130 startup/startup_stm32.o
                0x0000000008000000                g_pfnVectors
                0x0000000008000130                . = ALIGN (0x4)

.text           0x0000000008000130     0x6ebc
                0x0000000008000130                . = ALIGN (0x4)
 *(.text)
 .text          0x0000000008000130       0x6c /home/andre/Ac6/SystemWorkbench/plugins/fr.ac6.mcu.externaltools.arm-none.linux64_1.15.0.201708311556/tools/compiler/bin/../lib/gcc/arm-none-eabi/6.3.1/thumb/v7-m/crtbegin.o
 .text          0x000000000800019c       0xec /home/andre/Ac6/SystemWorkbench/plugins/fr.ac6.mcu.externaltools.arm-none.linux64_1.15.0.201708311556/tools/compiler/bin/../lib/gcc/arm-none-eabi/6.3.1/../../../../arm-none-eabi/lib/thumb/v7-m/libc.a(lib_a-memcpy.o)
                0x000000000800019c                memcpy
 .text          0x0000000008000288      0x370 /home/andre/Ac6/SystemWorkbench/plugins/fr.ac6.mcu.externaltools.arm-none.linux64_1.15.0.201708311556/tools/compiler/bin/../lib/gcc/arm-none-eabi/6.3.1/thumb/v7-m/libgcc.a(_arm_addsubdf3.o)
                0x0000000008000288                __aeabi_drsub
                0x0000000008000290                __aeabi_dsub
                0x0000000008000290                __subdf3
                0x0000000008000294                __adddf3
                0x0000000008000294                __aeabi_dadd
                0x000000000800050c                __aeabi_ui2d
                0x000000000800050c                __floatunsidf
                0x000000000800052c                __floatsidf
                0x000000000800052c                __aeabi_i2d
                0x0000000008000550                __extendsfdf2
                0x0000000008000550                __aeabi_f2d
                0x000000000800058c                __aeabi_ul2d
                0x000000000800058c                __floatundidf
                0x000000000800059c                __floatdidf
                0x000000000800059c                __aeabi_l2d
 .text          0x00000000080005f8      0x424 /home/andre/Ac6/SystemWorkbench/plugins/fr.ac6.mcu.externaltools.arm-none.linux64_1.15.0.201708311556/tools/compiler/bin/../lib/gcc/arm-none-eabi/6.3.1/thumb/v7-m/libgcc.a(_arm_muldivdf3.o)
                0x00000000080005f8                __aeabi_dmul
                0x00000000080005f8                __muldf3
                0x000000000800084c                __aeabi_ddiv
                0x000000000800084c                __divdf3
 .text          0x0000000008000a1c      0x110 /home/andre/Ac6/SystemWorkbench/plugins/fr.ac6.mcu.externaltools.arm-none.linux64_1.15.0.201708311556/tools/compiler/bin/../lib/gcc/arm-none-eabi/6.3.1/thumb/v7-m/libgcc.a(_arm_cmpdf2.o)
                0x0000000008000a1c                __gtdf2
                0x0000000008000a1c                __gedf2
                0x0000000008000a24                __ltdf2
                0x0000000008000a24                __ledf2
                0x0000000008000a2c                __cmpdf2
                0x0000000008000a2c                __eqdf2
                0x0000000008000a2c                __nedf2
                0x0000000008000aa8                __aeabi_cdrcmple
                0x0000000008000ab8                __aeabi_cdcmple
                0x0000000008000ab8                __aeabi_cdcmpeq
                0x0000000008000ac8                __aeabi_dcmpeq
                0x0000000008000adc                __aeabi_dcmplt
                0x0000000008000af0                __aeabi_dcmple
                0x0000000008000b04                __aeabi_dcmpge
                0x0000000008000b18                __aeabi_dcmpgt
 .text          0x0000000008000b2c       0x2c /home/andre/Ac6/SystemWorkbench/plugins/fr.ac6.mcu.externaltools.arm-none.linux64_1.15.0.201708311556/tools/compiler/bin/../lib/gcc/arm-none-eabi/6.3.1/thumb/v7-m/libgcc.a(_arm_unorddf2.o)
                0x0000000008000b2c                __aeabi_dcmpun
                0x0000000008000b2c                __unorddf2
 .text          0x0000000008000b58       0x50 /home/andre/Ac6/SystemWorkbench/plugins/fr.ac6.mcu.externaltools.arm-none.linux64_1.15.0.201708311556/tools/compiler/bin/../lib/gcc/arm-none-eabi/6.3.1/thumb/v7-m/libgcc.a(_arm_fixdfsi.o)
                0x0000000008000b58                __fixdfsi
                0x0000000008000b58                __aeabi_d2iz
 .text          0x0000000008000ba8       0x30 /home/andre/Ac6/SystemWorkbench/plugins/fr.ac6.mcu.externaltools.arm-none.linux64_1.15.0.201708311556/tools/compiler/bin/../lib/gcc/arm-none-eabi/6.3.1/thumb/v7-m/libgcc.a(_aeabi_uldivmod.o)
                0x0000000008000ba8                __aeabi_uldivmod
 .text          0x0000000008000bd8      0x2dc /home/andre/Ac6/SystemWorkbench/plugins/fr.ac6.mcu.externaltools.arm-none.linux64_1.15.0.201708311556/tools/compiler/bin/../lib/gcc/arm-none-eabi/6.3.1/thumb/v7-m/libgcc.a(_udivmoddi4.o)
                0x0000000008000bd8                __udivmoddi4
 .text          0x0000000008000eb4        0x4 /home/andre/Ac6/SystemWorkbench/plugins/fr.ac6.mcu.externaltools.arm-none.linux64_1.15.0.201708311556/tools/compiler/bin/../lib/gcc/arm-none-eabi/6.3.1/thumb/v7-m/libgcc.a(_dvmd_tls.o)
                0x0000000008000eb4                __aeabi_ldiv0
                0x0000000008000eb4                __aeabi_idiv0
 *(.text*)
 .text.NVIC_Init
                0x0000000008000eb8       0xc4 StdPeriph_Driver/src/misc.o
                0x0000000008000eb8                NVIC_Init
 .text.ADC_Init
                0x0000000008000f7c       0xa4 StdPeriph_Driver/src/stm32f10x_adc.o
                0x0000000008000f7c                ADC_Init
 .text.ADC_Cmd  0x0000000008001020       0x36 StdPeriph_Driver/src/stm32f10x_adc.o
                0x0000000008001020                ADC_Cmd
 .text.ADC_DMACmd
                0x0000000008001056       0x36 StdPeriph_Driver/src/stm32f10x_adc.o
                0x0000000008001056                ADC_DMACmd
 .text.ADC_ResetCalibration
                0x000000000800108c       0x1e StdPeriph_Driver/src/stm32f10x_adc.o
                0x000000000800108c                ADC_ResetCalibration
 .text.ADC_GetResetCalibrationStatus
                0x00000000080010aa       0x2e StdPeriph_Driver/src/stm32f10x_adc.o
                0x00000000080010aa                ADC_GetResetCalibrationStatus
 .text.ADC_StartCalibration
                0x00000000080010d8       0x1e StdPeriph_Driver/src/stm32f10x_adc.o
                0x00000000080010d8                ADC_StartCalibration
 .text.ADC_GetCalibrationStatus
                0x00000000080010f6       0x2e StdPeriph_Driver/src/stm32f10x_adc.o
                0x00000000080010f6                ADC_GetCalibrationStatus
 .text.ADC_SoftwareStartConvCmd
                0x0000000008001124       0x36 StdPeriph_Driver/src/stm32f10x_adc.o
                0x0000000008001124                ADC_SoftwareStartConvCmd
 .text.ADC_RegularChannelConfig
                0x000000000800115a      0x192 StdPeriph_Driver/src/stm32f10x_adc.o
                0x000000000800115a                ADC_RegularChannelConfig
 .text.DMA_Init
                0x00000000080012ec       0x7c StdPeriph_Driver/src/stm32f10x_dma.o
                0x00000000080012ec                DMA_Init
 .text.DMA_Cmd  0x0000000008001368       0x38 StdPeriph_Driver/src/stm32f10x_dma.o
                0x0000000008001368                DMA_Cmd
 .text.DMA_ITConfig
                0x00000000080013a0       0x3a StdPeriph_Driver/src/stm32f10x_dma.o
                0x00000000080013a0                DMA_ITConfig
 *fill*         0x00000000080013da        0x2 
 .text.DMA_ClearITPendingBit
                0x00000000080013dc       0x34 StdPeriph_Driver/src/stm32f10x_dma.o
                0x00000000080013dc                DMA_ClearITPendingBit
 .text.GPIO_Init
                0x0000000008001410      0x178 StdPeriph_Driver/src/stm32f10x_gpio.o
                0x0000000008001410                GPIO_Init
 .text.GPIO_ReadInputDataBit
                0x0000000008001588       0x32 StdPeriph_Driver/src/stm32f10x_gpio.o
                0x0000000008001588                GPIO_ReadInputDataBit
 .text.GPIO_SetBits
                0x00000000080015ba       0x1c StdPeriph_Driver/src/stm32f10x_gpio.o
                0x00000000080015ba                GPIO_SetBits
 *fill*         0x00000000080015d6        0x2 
 .text.RCC_DeInit
                0x00000000080015d8       0x5c StdPeriph_Driver/src/stm32f10x_rcc.o
                0x00000000080015d8                RCC_DeInit
 .text.RCC_HSEConfig
                0x0000000008001634       0x5c StdPeriph_Driver/src/stm32f10x_rcc.o
                0x0000000008001634                RCC_HSEConfig
 .text.RCC_WaitForHSEStartUp
                0x0000000008001690       0x50 StdPeriph_Driver/src/stm32f10x_rcc.o
                0x0000000008001690                RCC_WaitForHSEStartUp
 .text.RCC_PLLConfig
                0x00000000080016e0       0x3c StdPeriph_Driver/src/stm32f10x_rcc.o
                0x00000000080016e0                RCC_PLLConfig
 .text.RCC_PLLCmd
                0x000000000800171c       0x20 StdPeriph_Driver/src/stm32f10x_rcc.o
                0x000000000800171c                RCC_PLLCmd
 .text.RCC_SYSCLKConfig
                0x000000000800173c       0x38 StdPeriph_Driver/src/stm32f10x_rcc.o
                0x000000000800173c                RCC_SYSCLKConfig
 .text.RCC_GetSYSCLKSource
                0x0000000008001774       0x1c StdPeriph_Driver/src/stm32f10x_rcc.o
                0x0000000008001774                RCC_GetSYSCLKSource
 .text.RCC_HCLKConfig
                0x0000000008001790       0x38 StdPeriph_Driver/src/stm32f10x_rcc.o
                0x0000000008001790                RCC_HCLKConfig
 .text.RCC_PCLK1Config
                0x00000000080017c8       0x38 StdPeriph_Driver/src/stm32f10x_rcc.o
                0x00000000080017c8                RCC_PCLK1Config
 .text.RCC_PCLK2Config
                0x0000000008001800       0x38 StdPeriph_Driver/src/stm32f10x_rcc.o
                0x0000000008001800                RCC_PCLK2Config
 .text.RCC_ADCCLKConfig
                0x0000000008001838       0x38 StdPeriph_Driver/src/stm32f10x_rcc.o
                0x0000000008001838                RCC_ADCCLKConfig
 .text.RCC_GetClocksFreq
                0x0000000008001870      0x160 StdPeriph_Driver/src/stm32f10x_rcc.o
                0x0000000008001870                RCC_GetClocksFreq
 .text.RCC_AHBPeriphClockCmd
                0x00000000080019d0       0x3c StdPeriph_Driver/src/stm32f10x_rcc.o
                0x00000000080019d0                RCC_AHBPeriphClockCmd
 .text.RCC_APB2PeriphClockCmd
                0x0000000008001a0c       0x3c StdPeriph_Driver/src/stm32f10x_rcc.o
                0x0000000008001a0c                RCC_APB2PeriphClockCmd
 .text.RCC_APB1PeriphClockCmd
                0x0000000008001a48       0x3c StdPeriph_Driver/src/stm32f10x_rcc.o
                0x0000000008001a48                RCC_APB1PeriphClockCmd
 .text.RCC_GetFlagStatus
                0x0000000008001a84       0x74 StdPeriph_Driver/src/stm32f10x_rcc.o
                0x0000000008001a84                RCC_GetFlagStatus
 .text.TIM_TimeBaseInit
                0x0000000008001af8       0xf8 StdPeriph_Driver/src/stm32f10x_tim.o
                0x0000000008001af8                TIM_TimeBaseInit
 .text.TIM_OC1Init
                0x0000000008001bf0      0x118 StdPeriph_Driver/src/stm32f10x_tim.o
                0x0000000008001bf0                TIM_OC1Init
 .text.TIM_OC2Init
                0x0000000008001d08      0x110 StdPeriph_Driver/src/stm32f10x_tim.o
                0x0000000008001d08                TIM_OC2Init
 .text.TIM_OC3Init
                0x0000000008001e18      0x10c StdPeriph_Driver/src/stm32f10x_tim.o
                0x0000000008001e18                TIM_OC3Init
 .text.TIM_BDTRConfig
                0x0000000008001f24       0x4e StdPeriph_Driver/src/stm32f10x_tim.o
                0x0000000008001f24                TIM_BDTRConfig
 .text.TIM_TimeBaseStructInit
                0x0000000008001f72       0x32 StdPeriph_Driver/src/stm32f10x_tim.o
                0x0000000008001f72                TIM_TimeBaseStructInit
 .text.TIM_Cmd  0x0000000008001fa4       0x3e StdPeriph_Driver/src/stm32f10x_tim.o
                0x0000000008001fa4                TIM_Cmd
 .text.TIM_CtrlPWMOutputs
                0x0000000008001fe2       0x4a StdPeriph_Driver/src/stm32f10x_tim.o
                0x0000000008001fe2                TIM_CtrlPWMOutputs
 .text.TIM_ITConfig
                0x000000000800202c       0x46 StdPeriph_Driver/src/stm32f10x_tim.o
                0x000000000800202c                TIM_ITConfig
 .text.TIM_CCxCmd
                0x0000000008002072       0x54 StdPeriph_Driver/src/stm32f10x_tim.o
                0x0000000008002072                TIM_CCxCmd
 .text.TIM_CCxNCmd
                0x00000000080020c6       0x54 StdPeriph_Driver/src/stm32f10x_tim.o
                0x00000000080020c6                TIM_CCxNCmd
 .text.TIM_SelectOCxM
                0x000000000800211a       0xac StdPeriph_Driver/src/stm32f10x_tim.o
                0x000000000800211a                TIM_SelectOCxM
 .text.TIM_SetCounter
                0x00000000080021c6       0x1c StdPeriph_Driver/src/stm32f10x_tim.o
                0x00000000080021c6                TIM_SetCounter
 .text.TIM_GetCounter
                0x00000000080021e2       0x18 StdPeriph_Driver/src/stm32f10x_tim.o
                0x00000000080021e2                TIM_GetCounter
 .text.TIM_GetITStatus
                0x00000000080021fa       0x52 StdPeriph_Driver/src/stm32f10x_tim.o
                0x00000000080021fa                TIM_GetITStatus
 .text.TIM_ClearITPendingBit
                0x000000000800224c       0x20 StdPeriph_Driver/src/stm32f10x_tim.o
                0x000000000800224c                TIM_ClearITPendingBit
 .text.USART_Init
                0x000000000800226c      0x174 StdPeriph_Driver/src/stm32f10x_usart.o
                0x000000000800226c                USART_Init
 .text.USART_Cmd
                0x00000000080023e0       0x3e StdPeriph_Driver/src/stm32f10x_usart.o
                0x00000000080023e0                USART_Cmd
 .text.USART_DMACmd
                0x000000000800241e       0x46 StdPeriph_Driver/src/stm32f10x_usart.o
                0x000000000800241e                USART_DMACmd
 .text.ADC_DMA_Init
                0x0000000008002464      0x13c src/adc_dma.o
                0x0000000008002464                ADC_DMA_Init
 .text.ADC_DMA_GET
                0x00000000080025a0       0x2c src/adc_dma.o
                0x00000000080025a0                ADC_DMA_GET
 .text.BLDC_MotorSpeedIsOK
                0x00000000080025cc       0x38 src/bldc.o
                0x00000000080025cc                BLDC_MotorSpeedIsOK
 .text.BLDC_SpeedTimerInit
                0x0000000008002604       0x9c src/bldc.o
                0x0000000008002604                BLDC_SpeedTimerInit
 .text.TIM3_IRQHandler
                0x00000000080026a0       0x30 src/bldc.o
                0x00000000080026a0                TIM3_IRQHandler
 .text.TIM4_IRQHandler
                0x00000000080026d0       0x48 src/bldc.o
                0x00000000080026d0                TIM4_IRQHandler
 .text.TIM1_UP_IRQHandler
                0x0000000008002718      0x180 src/bldc.o
                0x0000000008002718                TIM1_UP_IRQHandler
 .text.BLDC_Init
                0x0000000008002898       0x6c src/bldc.o
                0x0000000008002898                BLDC_Init
 .text.BLDC_PWMTimerInit
                0x0000000008002904      0x134 src/bldc.o
                0x0000000008002904                BLDC_PWMTimerInit
 .text.BLDC_MotorGetSpin
                0x0000000008002a38       0x18 src/bldc.o
                0x0000000008002a38                BLDC_MotorGetSpin
 .text.BLDC_MotorSetSpin
                0x0000000008002a50       0x20 src/bldc.o
                0x0000000008002a50                BLDC_MotorSetSpin
 .text.BLDC_MotorStart
                0x0000000008002a70       0x7c src/bldc.o
                0x0000000008002a70                BLDC_MotorStart
 .text.BLDC_MotorStop
                0x0000000008002aec       0x90 src/bldc.o
                0x0000000008002aec                BLDC_MotorStop
 .text.BLDC_MotorCommutation
                0x0000000008002b7c      0x150 src/bldc.o
                0x0000000008002b7c                BLDC_MotorCommutation
 .text.BLDC_Next_Step
                0x0000000008002ccc       0x34 src/bldc.o
                0x0000000008002ccc                BLDC_Next_Step
 .text.BLDC_ADCToPWM
                0x0000000008002d00       0x50 src/bldc.o
                0x0000000008002d00                BLDC_ADCToPWM
 .text.BLDC_SetPWM
                0x0000000008002d50       0x2c src/bldc.o
                0x0000000008002d50                BLDC_SetPWM
 .text.SetSysClockTo72
                0x0000000008002d7c       0x70 src/main.o
                0x0000000008002d7c                SetSysClockTo72
 .text.main     0x0000000008002dec       0xcc src/main.o
                0x0000000008002dec                main
 .text._sbrk    0x0000000008002eb8       0x58 src/syscalls.o
                0x0000000008002eb8                _sbrk
 .text.SystemInit
                0x0000000008002f10       0x68 src/system_stm32f10x.o
                0x0000000008002f10                SystemInit
 .text.SetSysClock
                0x0000000008002f78        0xc src/system_stm32f10x.o
 .text.SetSysClockTo72
                0x0000000008002f84      0x100 src/system_stm32f10x.o
 .text.NVIC_SetPriority
                0x0000000008003084       0x54 src/systickdelay.o
 .text.SysTick_Config
                0x00000000080030d8       0x44 src/systickdelay.o
 .text.SysTick_Handler
                0x000000000800311c       0x24 src/systickdelay.o
                0x000000000800311c                SysTick_Handler
 .text.sysTickDalayInit
                0x0000000008003140       0x24 src/systickdelay.o
                0x0000000008003140                sysTickDalayInit
 .text.sysTickDalay
                0x0000000008003164       0x28 src/systickdelay.o
                0x0000000008003164                sysTickDalay
 .text.NVIC_EnableIRQ
                0x000000000800318c       0x30 src/usart_dma.o
 .text.USART_DMA_Init
                0x00000000080031bc      0x100 src/usart_dma.o
                0x00000000080031bc                USART_DMA_Init
 .text.USART_DMA_Send
                0x00000000080032bc       0x3c src/usart_dma.o
                0x00000000080032bc                USART_DMA_Send
 .text.USART_DMA_Ready
                0x00000000080032f8       0x24 src/usart_dma.o
                0x00000000080032f8                USART_DMA_Ready
 .text.DMA1_Channel7_IRQHandler
                0x000000000800331c       0x1c src/usart_dma.o
                0x000000000800331c                DMA1_Channel7_IRQHandler
 .text.Reset_Handler
                0x0000000008003338       0x50 startup/startup_stm32.o
                0x0000000008003338                Reset_Handler
 .text.Default_Handler
                0x0000000008003388        0x2 startup/startup_stm32.o
                0x0000000008003388                EXTI2_IRQHandler
                0x0000000008003388                TIM8_TRG_COM_IRQHandler
                0x0000000008003388                TIM8_CC_IRQHandler
                0x0000000008003388                DebugMon_Handler
                0x0000000008003388                TIM1_CC_IRQHandler
                0x0000000008003388                HardFault_Handler
                0x0000000008003388                TIM6_IRQHandler
                0x0000000008003388                PVD_IRQHandler
                0x0000000008003388                SDIO_IRQHandler
                0x0000000008003388                PendSV_Handler
                0x0000000008003388                NMI_Handler
                0x0000000008003388                EXTI3_IRQHandler
                0x0000000008003388                USB_HP_CAN_TX_IRQHandler
                0x0000000008003388                EXTI0_IRQHandler
                0x0000000008003388                I2C2_EV_IRQHandler
                0x0000000008003388                UsageFault_Handler
                0x0000000008003388                ADC1_2_IRQHandler
                0x0000000008003388                SPI1_IRQHandler
                0x0000000008003388                CAN_SCE_IRQHandler
                0x0000000008003388                TAMPER_IRQHandler
                0x0000000008003388                TIM8_UP_IRQHandler
                0x0000000008003388                DMA2_Channel2_IRQHandler
                0x0000000008003388                DMA1_Channel4_IRQHandler
                0x0000000008003388                USART3_IRQHandler
                0x0000000008003388                RTC_IRQHandler
                0x0000000008003388                UART5_IRQHandler
                0x0000000008003388                ADC3_IRQHandler
                0x0000000008003388                CAN_RX1_IRQHandler
                0x0000000008003388                DMA2_Channel1_IRQHandler
                0x0000000008003388                I2C1_EV_IRQHandler
                0x0000000008003388                DMA1_Channel6_IRQHandler
                0x0000000008003388                UART4_IRQHandler
                0x0000000008003388                RCC_IRQHandler
                0x0000000008003388                TIM1_TRG_COM_IRQHandler
                0x0000000008003388                DMA1_Channel1_IRQHandler
                0x0000000008003388                Default_Handler
                0x0000000008003388                EXTI15_10_IRQHandler
                0x0000000008003388                TIM7_IRQHandler
                0x0000000008003388                TIM5_IRQHandler
                0x0000000008003388                EXTI9_5_IRQHandler
                0x0000000008003388                SPI2_IRQHandler
                0x0000000008003388                USB_LP_CAN_RX0_IRQHandler
                0x0000000008003388                MemManage_Handler
                0x0000000008003388                SVC_Handler
                0x0000000008003388                DMA1_Channel5_IRQHandler
                0x0000000008003388                EXTI4_IRQHandler
                0x0000000008003388                DMA1_Channel3_IRQHandler
                0x0000000008003388                FSMC_IRQHandler
                0x0000000008003388                WWDG_IRQHandler
                0x0000000008003388                TIM2_IRQHandler
                0x0000000008003388                TIM1_BRK_IRQHandler
                0x0000000008003388                EXTI1_IRQHandler
                0x0000000008003388                RTCAlarm_IRQHandler
                0x0000000008003388                DMA2_Channel4_5_IRQHandler
                0x0000000008003388                USART2_IRQHandler
                0x0000000008003388                I2C2_ER_IRQHandler
                0x0000000008003388                DMA1_Channel2_IRQHandler
                0x0000000008003388                TIM8_BRK_IRQHandler
                0x0000000008003388                FLASH_IRQHandler
                0x0000000008003388                BusFault_Handler
                0x0000000008003388                USART1_IRQHandler
                0x0000000008003388                SPI3_IRQHandler
                0x0000000008003388                I2C1_ER_IRQHandler
                0x0000000008003388                DMA2_Channel3_IRQHandler
 *fill*         0x000000000800338a        0x2 
 .text.__errno  0x000000000800338c        0xc /home/andre/Ac6/SystemWorkbench/plugins/fr.ac6.mcu.externaltools.arm-none.linux64_1.15.0.201708311556/tools/compiler/bin/../lib/gcc/arm-none-eabi/6.3.1/../../../../arm-none-eabi/lib/thumb/v7-m/libc.a(lib_a-errno.o)
                0x000000000800338c                __errno
 .text.__libc_init_array
                0x0000000008003398       0x50 /home/andre/Ac6/SystemWorkbench/plugins/fr.ac6.mcu.externaltools.arm-none.linux64_1.15.0.201708311556/tools/compiler/bin/../lib/gcc/arm-none-eabi/6.3.1/../../../../arm-none-eabi/lib/thumb/v7-m/libc.a(lib_a-init.o)
                0x0000000008003398                __libc_init_array
 .text.memset   0x00000000080033e8       0x9c /home/andre/Ac6/SystemWorkbench/plugins/fr.ac6.mcu.externaltools.arm-none.linux64_1.15.0.201708311556/tools/compiler/bin/../lib/gcc/arm-none-eabi/6.3.1/../../../../arm-none-eabi/lib/thumb/v7-m/libc.a(lib_a-memset.o)
                0x00000000080033e8                memset
 .text.sprintf  0x0000000008003484       0x4c /home/andre/Ac6/SystemWorkbench/plugins/fr.ac6.mcu.externaltools.arm-none.linux64_1.15.0.201708311556/tools/compiler/bin/../lib/gcc/arm-none-eabi/6.3.1/../../../../arm-none-eabi/lib/thumb/v7-m/libc.a(lib_a-sprintf.o)
                0x0000000008003484                sprintf
 .text.strcpy   0x00000000080034d0       0xbc /home/andre/Ac6/SystemWorkbench/plugins/fr.ac6.mcu.externaltools.arm-none.linux64_1.15.0.201708311556/tools/compiler/bin/../lib/gcc/arm-none-eabi/6.3.1/../../../../arm-none-eabi/lib/thumb/v7-m/libc.a(lib_a-strcpy.o)
                0x00000000080034d0                strcpy
 .text.strlen   0x000000000800358c       0x5c /home/andre/Ac6/SystemWorkbench/plugins/fr.ac6.mcu.externaltools.arm-none.linux64_1.15.0.201708311556/tools/compiler/bin/../lib/gcc/arm-none-eabi/6.3.1/../../../../arm-none-eabi/lib/thumb/v7-m/libc.a(lib_a-strlen-stub.o)
                0x000000000800358c                strlen
 .text._svfprintf_r
                0x00000000080035e8     0x1500 /home/andre/Ac6/SystemWorkbench/plugins/fr.ac6.mcu.externaltools.arm-none.linux64_1.15.0.201708311556/tools/compiler/bin/../lib/gcc/arm-none-eabi/6.3.1/../../../../arm-none-eabi/lib/thumb/v7-m/libc.a(lib_a-svfprintf.o)
                0x00000000080035e8                _svfprintf_r
 .text.startup.register_fini
                0x0000000008004ae8       0x14 /home/andre/Ac6/SystemWorkbench/plugins/fr.ac6.mcu.externaltools.arm-none.linux64_1.15.0.201708311556/tools/compiler/bin/../lib/gcc/arm-none-eabi/6.3.1/../../../../arm-none-eabi/lib/thumb/v7-m/libc.a(lib_a-__call_atexit.o)
 .text.atexit   0x0000000008004afc        0xc /home/andre/Ac6/SystemWorkbench/plugins/fr.ac6.mcu.externaltools.arm-none.linux64_1.15.0.201708311556/tools/compiler/bin/../lib/gcc/arm-none-eabi/6.3.1/../../../../arm-none-eabi/lib/thumb/v7-m/libc.a(lib_a-atexit.o)
                0x0000000008004afc                atexit
 .text.quorem   0x0000000008004b08      0x128 /home/andre/Ac6/SystemWorkbench/plugins/fr.ac6.mcu.externaltools.arm-none.linux64_1.15.0.201708311556/tools/compiler/bin/../lib/gcc/arm-none-eabi/6.3.1/../../../../arm-none-eabi/lib/thumb/v7-m/libc.a(lib_a-dtoa.o)
 .text._dtoa_r  0x0000000008004c30      0xe44 /home/andre/Ac6/SystemWorkbench/plugins/fr.ac6.mcu.externaltools.arm-none.linux64_1.15.0.201708311556/tools/compiler/bin/../lib/gcc/arm-none-eabi/6.3.1/../../../../arm-none-eabi/lib/thumb/v7-m/libc.a(lib_a-dtoa.o)
                0x0000000008004c30                _dtoa_r
 .text.__libc_fini_array
                0x0000000008005a74       0x34 /home/andre/Ac6/SystemWorkbench/plugins/fr.ac6.mcu.externaltools.arm-none.linux64_1.15.0.201708311556/tools/compiler/bin/../lib/gcc/arm-none-eabi/6.3.1/../../../../arm-none-eabi/lib/thumb/v7-m/libc.a(lib_a-fini.o)
                0x0000000008005a74                __libc_fini_array
 .text._localeconv_r
                0x0000000008005aa8       0x1c /home/andre/Ac6/SystemWorkbench/plugins/fr.ac6.mcu.externaltools.arm-none.linux64_1.15.0.201708311556/tools/compiler/bin/../lib/gcc/arm-none-eabi/6.3.1/../../../../arm-none-eabi/lib/thumb/v7-m/libc.a(lib_a-localeconv.o)
                0x0000000008005aa8                _localeconv_r
 .text.__retarget_lock_acquire_recursive
                0x0000000008005ac4        0x4 /home/andre/Ac6/SystemWorkbench/plugins/fr.ac6.mcu.externaltools.arm-none.linux64_1.15.0.201708311556/tools/compiler/bin/../lib/gcc/arm-none-eabi/6.3.1/../../../../arm-none-eabi/lib/thumb/v7-m/libc.a(lib_a-lock.o)
                0x0000000008005ac4                __retarget_lock_acquire_recursive
 .text.__retarget_lock_release_recursive
                0x0000000008005ac8        0x4 /home/andre/Ac6/SystemWorkbench/plugins/fr.ac6.mcu.externaltools.arm-none.linux64_1.15.0.201708311556/tools/compiler/bin/../lib/gcc/arm-none-eabi/6.3.1/../../../../arm-none-eabi/lib/thumb/v7-m/libc.a(lib_a-lock.o)
                0x0000000008005ac8                __retarget_lock_release_recursive
 .text._malloc_r
                0x0000000008005acc      0x544 /home/andre/Ac6/SystemWorkbench/plugins/fr.ac6.mcu.externaltools.arm-none.linux64_1.15.0.201708311556/tools/compiler/bin/../lib/gcc/arm-none-eabi/6.3.1/../../../../arm-none-eabi/lib/thumb/v7-m/libc.a(lib_a-mallocr.o)
                0x0000000008005acc                _malloc_r
 .text.memchr   0x0000000008006010       0x8c /home/andre/Ac6/SystemWorkbench/plugins/fr.ac6.mcu.externaltools.arm-none.linux64_1.15.0.201708311556/tools/compiler/bin/../lib/gcc/arm-none-eabi/6.3.1/../../../../arm-none-eabi/lib/thumb/v7-m/libc.a(lib_a-memchr-stub.o)
                0x0000000008006010                memchr
 .text.__malloc_lock
                0x000000000800609c        0xc /home/andre/Ac6/SystemWorkbench/plugins/fr.ac6.mcu.externaltools.arm-none.linux64_1.15.0.201708311556/tools/compiler/bin/../lib/gcc/arm-none-eabi/6.3.1/../../../../arm-none-eabi/lib/thumb/v7-m/libc.a(lib_a-mlock.o)
                0x000000000800609c                __malloc_lock
 .text.__malloc_unlock
                0x00000000080060a8        0xc /home/andre/Ac6/SystemWorkbench/plugins/fr.ac6.mcu.externaltools.arm-none.linux64_1.15.0.201708311556/tools/compiler/bin/../lib/gcc/arm-none-eabi/6.3.1/../../../../arm-none-eabi/lib/thumb/v7-m/libc.a(lib_a-mlock.o)
                0x00000000080060a8                __malloc_unlock
 .text._Balloc  0x00000000080060b4       0x4c /home/andre/Ac6/SystemWorkbench/plugins/fr.ac6.mcu.externaltools.arm-none.linux64_1.15.0.201708311556/tools/compiler/bin/../lib/gcc/arm-none-eabi/6.3.1/../../../../arm-none-eabi/lib/thumb/v7-m/libc.a(lib_a-mprec.o)
                0x00000000080060b4                _Balloc
 .text._Bfree   0x0000000008006100       0x14 /home/andre/Ac6/SystemWorkbench/plugins/fr.ac6.mcu.externaltools.arm-none.linux64_1.15.0.201708311556/tools/compiler/bin/../lib/gcc/arm-none-eabi/6.3.1/../../../../arm-none-eabi/lib/thumb/v7-m/libc.a(lib_a-mprec.o)
                0x0000000008006100                _Bfree
 .text.__multadd
                0x0000000008006114       0x84 /home/andre/Ac6/SystemWorkbench/plugins/fr.ac6.mcu.externaltools.arm-none.linux64_1.15.0.201708311556/tools/compiler/bin/../lib/gcc/arm-none-eabi/6.3.1/../../../../arm-none-eabi/lib/thumb/v7-m/libc.a(lib_a-mprec.o)
                0x0000000008006114                __multadd
 .text.__hi0bits
                0x0000000008006198       0x40 /home/andre/Ac6/SystemWorkbench/plugins/fr.ac6.mcu.externaltools.arm-none.linux64_1.15.0.201708311556/tools/compiler/bin/../lib/gcc/arm-none-eabi/6.3.1/../../../../arm-none-eabi/lib/thumb/v7-m/libc.a(lib_a-mprec.o)
                0x0000000008006198                __hi0bits
 .text.__lo0bits
                0x00000000080061d8       0x60 /home/andre/Ac6/SystemWorkbench/plugins/fr.ac6.mcu.externaltools.arm-none.linux64_1.15.0.201708311556/tools/compiler/bin/../lib/gcc/arm-none-eabi/6.3.1/../../../../arm-none-eabi/lib/thumb/v7-m/libc.a(lib_a-mprec.o)
                0x00000000080061d8                __lo0bits
 .text.__i2b    0x0000000008006238       0x14 /home/andre/Ac6/SystemWorkbench/plugins/fr.ac6.mcu.externaltools.arm-none.linux64_1.15.0.201708311556/tools/compiler/bin/../lib/gcc/arm-none-eabi/6.3.1/../../../../arm-none-eabi/lib/thumb/v7-m/libc.a(lib_a-mprec.o)
                0x0000000008006238                __i2b
 .text.__multiply
                0x000000000800624c      0x124 /home/andre/Ac6/SystemWorkbench/plugins/fr.ac6.mcu.externaltools.arm-none.linux64_1.15.0.201708311556/tools/compiler/bin/../lib/gcc/arm-none-eabi/6.3.1/../../../../arm-none-eabi/lib/thumb/v7-m/libc.a(lib_a-mprec.o)
                0x000000000800624c                __multiply
 .text.__pow5mult
                0x0000000008006370       0xa0 /home/andre/Ac6/SystemWorkbench/plugins/fr.ac6.mcu.externaltools.arm-none.linux64_1.15.0.201708311556/tools/compiler/bin/../lib/gcc/arm-none-eabi/6.3.1/../../../../arm-none-eabi/lib/thumb/v7-m/libc.a(lib_a-mprec.o)
                0x0000000008006370                __pow5mult
 .text.__lshift
                0x0000000008006410       0xa0 /home/andre/Ac6/SystemWorkbench/plugins/fr.ac6.mcu.externaltools.arm-none.linux64_1.15.0.201708311556/tools/compiler/bin/../lib/gcc/arm-none-eabi/6.3.1/../../../../arm-none-eabi/lib/thumb/v7-m/libc.a(lib_a-mprec.o)
                0x0000000008006410                __lshift
 .text.__mcmp   0x00000000080064b0       0x38 /home/andre/Ac6/SystemWorkbench/plugins/fr.ac6.mcu.externaltools.arm-none.linux64_1.15.0.201708311556/tools/compiler/bin/../lib/gcc/arm-none-eabi/6.3.1/../../../../arm-none-eabi/lib/thumb/v7-m/libc.a(lib_a-mprec.o)
                0x00000000080064b0                __mcmp
 .text.__mdiff  0x00000000080064e8      0x11c /home/andre/Ac6/SystemWorkbench/plugins/fr.ac6.mcu.externaltools.arm-none.linux64_1.15.0.201708311556/tools/compiler/bin/../lib/gcc/arm-none-eabi/6.3.1/../../../../arm-none-eabi/lib/thumb/v7-m/libc.a(lib_a-mprec.o)
                0x00000000080064e8                __mdiff
 .text.__d2b    0x0000000008006604       0xa8 /home/andre/Ac6/SystemWorkbench/plugins/fr.ac6.mcu.externaltools.arm-none.linux64_1.15.0.201708311556/tools/compiler/bin/../lib/gcc/arm-none-eabi/6.3.1/../../../../arm-none-eabi/lib/thumb/v7-m/libc.a(lib_a-mprec.o)
                0x0000000008006604                __d2b
 .text._sbrk_r  0x00000000080066ac       0x24 /home/andre/Ac6/SystemWorkbench/plugins/fr.ac6.mcu.externaltools.arm-none.linux64_1.15.0.201708311556/tools/compiler/bin/../lib/gcc/arm-none-eabi/6.3.1/../../../../arm-none-eabi/lib/thumb/v7-m/libc.a(lib_a-sbrkr.o)
                0x00000000080066ac                _sbrk_r
 .text.__ssprint_r
                0x00000000080066d0       0xfc /home/andre/Ac6/SystemWorkbench/plugins/fr.ac6.mcu.externaltools.arm-none.linux64_1.15.0.201708311556/tools/compiler/bin/../lib/gcc/arm-none-eabi/6.3.1/../../../../arm-none-eabi/lib/thumb/v7-m/libc.a(lib_a-svfiprintf.o)
                0x00000000080066d0                __ssprint_r
 .text.__register_exitproc
                0x00000000080067cc       0xc4 /home/andre/Ac6/SystemWorkbench/plugins/fr.ac6.mcu.externaltools.arm-none.linux64_1.15.0.201708311556/tools/compiler/bin/../lib/gcc/arm-none-eabi/6.3.1/../../../../arm-none-eabi/lib/thumb/v7-m/libc.a(lib_a-__atexit.o)
                0x00000000080067cc                __register_exitproc
 .text._calloc_r
                0x0000000008006890       0x60 /home/andre/Ac6/SystemWorkbench/plugins/fr.ac6.mcu.externaltools.arm-none.linux64_1.15.0.201708311556/tools/compiler/bin/../lib/gcc/arm-none-eabi/6.3.1/../../../../arm-none-eabi/lib/thumb/v7-m/libc.a(lib_a-callocr.o)
                0x0000000008006890                _calloc_r
 .text._malloc_trim_r
                0x00000000080068f0       0xa0 /home/andre/Ac6/SystemWorkbench/plugins/fr.ac6.mcu.externaltools.arm-none.linux64_1.15.0.201708311556/tools/compiler/bin/../lib/gcc/arm-none-eabi/6.3.1/../../../../arm-none-eabi/lib/thumb/v7-m/libc.a(lib_a-freer.o)
                0x00000000080068f0                _malloc_trim_r
 .text._free_r  0x0000000008006990      0x1cc /home/andre/Ac6/SystemWorkbench/plugins/fr.ac6.mcu.externaltools.arm-none.linux64_1.15.0.201708311556/tools/compiler/bin/../lib/gcc/arm-none-eabi/6.3.1/../../../../arm-none-eabi/lib/thumb/v7-m/libc.a(lib_a-freer.o)
                0x0000000008006990                _free_r
 .text.__ascii_mbtowc
                0x0000000008006b5c       0x2c /home/andre/Ac6/SystemWorkbench/plugins/fr.ac6.mcu.externaltools.arm-none.linux64_1.15.0.201708311556/tools/compiler/bin/../lib/gcc/arm-none-eabi/6.3.1/../../../../arm-none-eabi/lib/thumb/v7-m/libc.a(lib_a-mbtowc_r.o)
                0x0000000008006b5c                __ascii_mbtowc
 .text.memmove  0x0000000008006b88       0xc8 /home/andre/Ac6/SystemWorkbench/plugins/fr.ac6.mcu.externaltools.arm-none.linux64_1.15.0.201708311556/tools/compiler/bin/../lib/gcc/arm-none-eabi/6.3.1/../../../../arm-none-eabi/lib/thumb/v7-m/libc.a(lib_a-memmove.o)
                0x0000000008006b88                memmove
 .text._realloc_r
                0x0000000008006c50      0x36c /home/andre/Ac6/SystemWorkbench/plugins/fr.ac6.mcu.externaltools.arm-none.linux64_1.15.0.201708311556/tools/compiler/bin/../lib/gcc/arm-none-eabi/6.3.1/../../../../arm-none-eabi/lib/thumb/v7-m/libc.a(lib_a-reallocr.o)
                0x0000000008006c50                _realloc_r
 .text.__ascii_wctomb
                0x0000000008006fbc       0x18 /home/andre/Ac6/SystemWorkbench/plugins/fr.ac6.mcu.externaltools.arm-none.linux64_1.15.0.201708311556/tools/compiler/bin/../lib/gcc/arm-none-eabi/6.3.1/../../../../arm-none-eabi/lib/thumb/v7-m/libc.a(lib_a-wctomb_r.o)
                0x0000000008006fbc                __ascii_wctomb
 *(.glue_7)
 .glue_7        0x0000000008006fd4        0x0 linker stubs
 *(.glue_7t)
 .glue_7t       0x0000000008006fd4        0x0 linker stubs
 *(.eh_frame)
 .eh_frame      0x0000000008006fd4        0x0 /home/andre/Ac6/SystemWorkbench/plugins/fr.ac6.mcu.externaltools.arm-none.linux64_1.15.0.201708311556/tools/compiler/bin/../lib/gcc/arm-none-eabi/6.3.1/thumb/v7-m/crtbegin.o
 *(.init)
 .init          0x0000000008006fd4        0x4 /home/andre/Ac6/SystemWorkbench/plugins/fr.ac6.mcu.externaltools.arm-none.linux64_1.15.0.201708311556/tools/compiler/bin/../lib/gcc/arm-none-eabi/6.3.1/thumb/v7-m/crti.o
                0x0000000008006fd4                _init
 .init          0x0000000008006fd8        0x8 /home/andre/Ac6/SystemWorkbench/plugins/fr.ac6.mcu.externaltools.arm-none.linux64_1.15.0.201708311556/tools/compiler/bin/../lib/gcc/arm-none-eabi/6.3.1/thumb/v7-m/crtn.o
 *(.fini)
 .fini          0x0000000008006fe0        0x4 /home/andre/Ac6/SystemWorkbench/plugins/fr.ac6.mcu.externaltools.arm-none.linux64_1.15.0.201708311556/tools/compiler/bin/../lib/gcc/arm-none-eabi/6.3.1/thumb/v7-m/crti.o
                0x0000000008006fe0                _fini
 .fini          0x0000000008006fe4        0x8 /home/andre/Ac6/SystemWorkbench/plugins/fr.ac6.mcu.externaltools.arm-none.linux64_1.15.0.201708311556/tools/compiler/bin/../lib/gcc/arm-none-eabi/6.3.1/thumb/v7-m/crtn.o
                0x0000000008006fec                . = ALIGN (0x4)
                0x0000000008006fec                _etext = .

.vfp11_veneer   0x0000000008006fec        0x0
 .vfp11_veneer  0x0000000008006fec        0x0 linker stubs

.v4_bx          0x0000000008006fec        0x0
 .v4_bx         0x0000000008006fec        0x0 linker stubs

.iplt           0x0000000008006fec        0x0
 .iplt          0x0000000008006fec        0x0 /home/andre/Ac6/SystemWorkbench/plugins/fr.ac6.mcu.externaltools.arm-none.linux64_1.15.0.201708311556/tools/compiler/bin/../lib/gcc/arm-none-eabi/6.3.1/thumb/v7-m/crtbegin.o

.rodata         0x0000000008006ff0      0x2c0
                0x0000000008006ff0                . = ALIGN (0x4)
 *(.rodata)
 .rodata        0x0000000008006ff0       0x2a src/bldc.o
 *fill*         0x000000000800701a        0x2 
 .rodata        0x000000000800701c        0x9 src/main.o
 *(.rodata*)
 *fill*         0x0000000008007025        0x3 
 .rodata._global_impure_ptr
                0x0000000008007028        0x4 /home/andre/Ac6/SystemWorkbench/plugins/fr.ac6.mcu.externaltools.arm-none.linux64_1.15.0.201708311556/tools/compiler/bin/../lib/gcc/arm-none-eabi/6.3.1/../../../../arm-none-eabi/lib/thumb/v7-m/libc.a(lib_a-impure.o)
                0x0000000008007028                _global_impure_ptr
 .rodata._svfprintf_r.str1.4
                0x000000000800702c       0x42 /home/andre/Ac6/SystemWorkbench/plugins/fr.ac6.mcu.externaltools.arm-none.linux64_1.15.0.201708311556/tools/compiler/bin/../lib/gcc/arm-none-eabi/6.3.1/../../../../arm-none-eabi/lib/thumb/v7-m/libc.a(lib_a-svfprintf.o)
 *fill*         0x000000000800706e        0x2 
 .rodata.blanks.7223
                0x0000000008007070       0x10 /home/andre/Ac6/SystemWorkbench/plugins/fr.ac6.mcu.externaltools.arm-none.linux64_1.15.0.201708311556/tools/compiler/bin/../lib/gcc/arm-none-eabi/6.3.1/../../../../arm-none-eabi/lib/thumb/v7-m/libc.a(lib_a-svfprintf.o)
 .rodata.zeroes.7224
                0x0000000008007080       0x10 /home/andre/Ac6/SystemWorkbench/plugins/fr.ac6.mcu.externaltools.arm-none.linux64_1.15.0.201708311556/tools/compiler/bin/../lib/gcc/arm-none-eabi/6.3.1/../../../../arm-none-eabi/lib/thumb/v7-m/libc.a(lib_a-svfprintf.o)
 .rodata._dtoa_r.str1.4
                0x0000000008007090       0x10 /home/andre/Ac6/SystemWorkbench/plugins/fr.ac6.mcu.externaltools.arm-none.linux64_1.15.0.201708311556/tools/compiler/bin/../lib/gcc/arm-none-eabi/6.3.1/../../../../arm-none-eabi/lib/thumb/v7-m/libc.a(lib_a-dtoa.o)
                                         0x12 (size before relaxing)
 .rodata.__mprec_bigtens
                0x00000000080070a0       0x28 /home/andre/Ac6/SystemWorkbench/plugins/fr.ac6.mcu.externaltools.arm-none.linux64_1.15.0.201708311556/tools/compiler/bin/../lib/gcc/arm-none-eabi/6.3.1/../../../../arm-none-eabi/lib/thumb/v7-m/libc.a(lib_a-mprec.o)
                0x00000000080070a0                __mprec_bigtens
 .rodata.__mprec_tens
                0x00000000080070c8       0xc8 /home/andre/Ac6/SystemWorkbench/plugins/fr.ac6.mcu.externaltools.arm-none.linux64_1.15.0.201708311556/tools/compiler/bin/../lib/gcc/arm-none-eabi/6.3.1/../../../../arm-none-eabi/lib/thumb/v7-m/libc.a(lib_a-mprec.o)
                0x00000000080070c8                __mprec_tens
 .rodata.p05.6055
                0x0000000008007190        0xc /home/andre/Ac6/SystemWorkbench/plugins/fr.ac6.mcu.externaltools.arm-none.linux64_1.15.0.201708311556/tools/compiler/bin/../lib/gcc/arm-none-eabi/6.3.1/../../../../arm-none-eabi/lib/thumb/v7-m/libc.a(lib_a-mprec.o)
 .rodata._setlocale_r.str1.4
                0x000000000800719c        0xa /home/andre/Ac6/SystemWorkbench/plugins/fr.ac6.mcu.externaltools.arm-none.linux64_1.15.0.201708311556/tools/compiler/bin/../lib/gcc/arm-none-eabi/6.3.1/../../../../arm-none-eabi/lib/thumb/v7-m/libc.a(lib_a-locale.o)
                                          0xd (size before relaxing)
 *fill*         0x00000000080071a6        0x2 
 .rodata.str1.4
                0x00000000080071a8        0x4 /home/andre/Ac6/SystemWorkbench/plugins/fr.ac6.mcu.externaltools.arm-none.linux64_1.15.0.201708311556/tools/compiler/bin/../lib/gcc/arm-none-eabi/6.3.1/../../../../arm-none-eabi/lib/thumb/v7-m/libc.a(lib_a-locale.o)
                                          0x2 (size before relaxing)
 .rodata._ctype_
                0x00000000080071ac      0x101 /home/andre/Ac6/SystemWorkbench/plugins/fr.ac6.mcu.externaltools.arm-none.linux64_1.15.0.201708311556/tools/compiler/bin/../lib/gcc/arm-none-eabi/6.3.1/../../../../arm-none-eabi/lib/thumb/v7-m/libc.a(lib_a-ctype_.o)
                0x00000000080071ac                _ctype_
                0x00000000080072b0                . = ALIGN (0x4)
 *fill*         0x00000000080072ad        0x3 

.ARM.extab      0x00000000080072b0        0x0
                0x00000000080072b0                . = ALIGN (0x4)
 *(.ARM.extab* .gnu.linkonce.armextab.*)
                0x00000000080072b0                . = ALIGN (0x4)

.ARM            0x00000000080072b0        0x8
                0x00000000080072b0                . = ALIGN (0x4)
                0x00000000080072b0                __exidx_start = .
 *(.ARM.exidx*)
 .ARM.exidx     0x00000000080072b0        0x8 /home/andre/Ac6/SystemWorkbench/plugins/fr.ac6.mcu.externaltools.arm-none.linux64_1.15.0.201708311556/tools/compiler/bin/../lib/gcc/arm-none-eabi/6.3.1/thumb/v7-m/libgcc.a(_udivmoddi4.o)
                0x00000000080072b8                __exidx_end = .
                0x00000000080072b8                . = ALIGN (0x4)

.rel.dyn        0x00000000080072b8        0x0
 .rel.iplt      0x00000000080072b8        0x0 /home/andre/Ac6/SystemWorkbench/plugins/fr.ac6.mcu.externaltools.arm-none.linux64_1.15.0.201708311556/tools/compiler/bin/../lib/gcc/arm-none-eabi/6.3.1/thumb/v7-m/crtbegin.o

.preinit_array  0x00000000080072b8        0x0
                0x00000000080072b8                . = ALIGN (0x4)
                0x00000000080072b8                PROVIDE (__preinit_array_start, .)
 *(.preinit_array*)
                0x00000000080072b8                PROVIDE (__preinit_array_end, .)
                0x00000000080072b8                . = ALIGN (0x4)

.init_array     0x00000000080072b8        0x8
                0x00000000080072b8                . = ALIGN (0x4)
                0x00000000080072b8                PROVIDE (__init_array_start, .)
 *(SORT(.init_array.*))
 .init_array.00000
                0x00000000080072b8        0x4 /home/andre/Ac6/SystemWorkbench/plugins/fr.ac6.mcu.externaltools.arm-none.linux64_1.15.0.201708311556/tools/compiler/bin/../lib/gcc/arm-none-eabi/6.3.1/../../../../arm-none-eabi/lib/thumb/v7-m/libc.a(lib_a-__call_atexit.o)
 *(.init_array*)
 .init_array    0x00000000080072bc        0x4 /home/andre/Ac6/SystemWorkbench/plugins/fr.ac6.mcu.externaltools.arm-none.linux64_1.15.0.201708311556/tools/compiler/bin/../lib/gcc/arm-none-eabi/6.3.1/thumb/v7-m/crtbegin.o
                0x00000000080072c0                PROVIDE (__init_array_end, .)
                0x00000000080072c0                . = ALIGN (0x4)

.fini_array     0x00000000080072c0        0x4
                0x00000000080072c0                . = ALIGN (0x4)
                0x00000000080072c0                PROVIDE (__fini_array_start, .)
 *(SORT(.fini_array.*))
 *(.fini_array*)
 .fini_array    0x00000000080072c0        0x4 /home/andre/Ac6/SystemWorkbench/plugins/fr.ac6.mcu.externaltools.arm-none.linux64_1.15.0.201708311556/tools/compiler/bin/../lib/gcc/arm-none-eabi/6.3.1/thumb/v7-m/crtbegin.o
                0x00000000080072c4                PROVIDE (__fini_array_end, .)
                0x00000000080072c4                . = ALIGN (0x4)
                0x00000000080072c4                _sidata = LOADADDR (.data)

.data           0x0000000020000000      0x9d8 load address 0x00000000080072c4
                0x0000000020000000                . = ALIGN (0x4)
                0x0000000020000000                _sdata = .
 *(.data)
 .data          0x0000000020000000       0x14 StdPeriph_Driver/src/stm32f10x_rcc.o
 .data          0x0000000020000014        0x1 src/bldc.o
                0x0000000020000014                BLDC_TIMING
 *fill*         0x0000000020000015        0x3 
 .data          0x0000000020000018       0x14 src/system_stm32f10x.o
                0x0000000020000018                SystemCoreClock
                0x000000002000001c                AHBPrescTable
 *(.data*)
 .data._impure_ptr
                0x000000002000002c        0x4 /home/andre/Ac6/SystemWorkbench/plugins/fr.ac6.mcu.externaltools.arm-none.linux64_1.15.0.201708311556/tools/compiler/bin/../lib/gcc/arm-none-eabi/6.3.1/../../../../arm-none-eabi/lib/thumb/v7-m/libc.a(lib_a-impure.o)
                0x000000002000002c                _impure_ptr
 .data.impure_data
                0x0000000020000030      0x428 /home/andre/Ac6/SystemWorkbench/plugins/fr.ac6.mcu.externaltools.arm-none.linux64_1.15.0.201708311556/tools/compiler/bin/../lib/gcc/arm-none-eabi/6.3.1/../../../../arm-none-eabi/lib/thumb/v7-m/libc.a(lib_a-impure.o)
 .data.__atexit_recursive_mutex
                0x0000000020000458        0x4 /home/andre/Ac6/SystemWorkbench/plugins/fr.ac6.mcu.externaltools.arm-none.linux64_1.15.0.201708311556/tools/compiler/bin/../lib/gcc/arm-none-eabi/6.3.1/../../../../arm-none-eabi/lib/thumb/v7-m/libc.a(lib_a-__call_atexit.o)
                0x0000000020000458                __atexit_recursive_mutex
 .data.__malloc_av_
                0x000000002000045c      0x408 /home/andre/Ac6/SystemWorkbench/plugins/fr.ac6.mcu.externaltools.arm-none.linux64_1.15.0.201708311556/tools/compiler/bin/../lib/gcc/arm-none-eabi/6.3.1/../../../../arm-none-eabi/lib/thumb/v7-m/libc.a(lib_a-mallocr.o)
                0x000000002000045c                __malloc_av_
 .data.__malloc_sbrk_base
                0x0000000020000864        0x4 /home/andre/Ac6/SystemWorkbench/plugins/fr.ac6.mcu.externaltools.arm-none.linux64_1.15.0.201708311556/tools/compiler/bin/../lib/gcc/arm-none-eabi/6.3.1/../../../../arm-none-eabi/lib/thumb/v7-m/libc.a(lib_a-mallocr.o)
                0x0000000020000864                __malloc_sbrk_base
 .data.__malloc_trim_threshold
                0x0000000020000868        0x4 /home/andre/Ac6/SystemWorkbench/plugins/fr.ac6.mcu.externaltools.arm-none.linux64_1.15.0.201708311556/tools/compiler/bin/../lib/gcc/arm-none-eabi/6.3.1/../../../../arm-none-eabi/lib/thumb/v7-m/libc.a(lib_a-mallocr.o)
                0x0000000020000868                __malloc_trim_threshold
 .data.__global_locale
                0x000000002000086c      0x16c /home/andre/Ac6/SystemWorkbench/plugins/fr.ac6.mcu.externaltools.arm-none.linux64_1.15.0.201708311556/tools/compiler/bin/../lib/gcc/arm-none-eabi/6.3.1/../../../../arm-none-eabi/lib/thumb/v7-m/libc.a(lib_a-locale.o)
                0x000000002000086c                __global_locale
                0x00000000200009d8                . = ALIGN (0x4)
                0x00000000200009d8                _edata = .

.jcr            0x00000000200009d8        0x0 load address 0x0000000008007c9c
 .jcr           0x00000000200009d8        0x0 /home/andre/Ac6/SystemWorkbench/plugins/fr.ac6.mcu.externaltools.arm-none.linux64_1.15.0.201708311556/tools/compiler/bin/../lib/gcc/arm-none-eabi/6.3.1/thumb/v7-m/crtbegin.o

.igot.plt       0x00000000200009d8        0x0 load address 0x0000000008007c9c
 .igot.plt      0x00000000200009d8        0x0 /home/andre/Ac6/SystemWorkbench/plugins/fr.ac6.mcu.externaltools.arm-none.linux64_1.15.0.201708311556/tools/compiler/bin/../lib/gcc/arm-none-eabi/6.3.1/thumb/v7-m/crtbegin.o
                0x00000000200009d8                . = ALIGN (0x4)

.bss            0x00000000200009d8      0x114 load address 0x0000000008007c9c
                0x00000000200009d8                _sbss = .
                0x00000000200009d8                __bss_start__ = _sbss
 *(.bss)
 .bss           0x00000000200009d8       0x1c /home/andre/Ac6/SystemWorkbench/plugins/fr.ac6.mcu.externaltools.arm-none.linux64_1.15.0.201708311556/tools/compiler/bin/../lib/gcc/arm-none-eabi/6.3.1/thumb/v7-m/crtbegin.o
 .bss           0x00000000200009f4        0x6 src/adc_dma.o
                0x00000000200009f4                ADCBuffer
 *fill*         0x00000000200009fa        0x2 
 .bss           0x00000000200009fc        0xe src/bldc.o
                0x00000000200009fc                BLDC_Speed
                0x00000000200009fe                BLDC_Speed_prev
                0x0000000020000a00                BLDC_COMP_STATE
                0x0000000020000a01                BEMF_TIMEOUT_COUNTER
                0x0000000020000a02                BLDC_MotorSpin
                0x0000000020000a03                BLDC_CURRENT_STEP
                0x0000000020000a04                BLDC_STATE
 *fill*         0x0000000020000a0a        0x2 
 .bss           0x0000000020000a0c        0x8 src/syscalls.o
                0x0000000020000a0c                __env
 .bss           0x0000000020000a14        0x4 src/systickdelay.o
 .bss           0x0000000020000a18       0x78 src/usart_dma.o
                0x0000000020000a18                usart_buffer
 *(.bss*)
 .bss.__malloc_current_mallinfo
                0x0000000020000a90       0x28 /home/andre/Ac6/SystemWorkbench/plugins/fr.ac6.mcu.externaltools.arm-none.linux64_1.15.0.201708311556/tools/compiler/bin/../lib/gcc/arm-none-eabi/6.3.1/../../../../arm-none-eabi/lib/thumb/v7-m/libc.a(lib_a-mallocr.o)
                0x0000000020000a90                __malloc_current_mallinfo
 .bss.__malloc_max_sbrked_mem
                0x0000000020000ab8        0x4 /home/andre/Ac6/SystemWorkbench/plugins/fr.ac6.mcu.externaltools.arm-none.linux64_1.15.0.201708311556/tools/compiler/bin/../lib/gcc/arm-none-eabi/6.3.1/../../../../arm-none-eabi/lib/thumb/v7-m/libc.a(lib_a-mallocr.o)
                0x0000000020000ab8                __malloc_max_sbrked_mem
 .bss.__malloc_max_total_mem
                0x0000000020000abc        0x4 /home/andre/Ac6/SystemWorkbench/plugins/fr.ac6.mcu.externaltools.arm-none.linux64_1.15.0.201708311556/tools/compiler/bin/../lib/gcc/arm-none-eabi/6.3.1/../../../../arm-none-eabi/lib/thumb/v7-m/libc.a(lib_a-mallocr.o)
                0x0000000020000abc                __malloc_max_total_mem
 .bss.__malloc_top_pad
                0x0000000020000ac0        0x4 /home/andre/Ac6/SystemWorkbench/plugins/fr.ac6.mcu.externaltools.arm-none.linux64_1.15.0.201708311556/tools/compiler/bin/../lib/gcc/arm-none-eabi/6.3.1/../../../../arm-none-eabi/lib/thumb/v7-m/libc.a(lib_a-mallocr.o)
                0x0000000020000ac0                __malloc_top_pad
 *(COMMON)
 COMMON         0x0000000020000ac4       0x21 /home/andre/Ac6/SystemWorkbench/plugins/fr.ac6.mcu.externaltools.arm-none.linux64_1.15.0.201708311556/tools/compiler/bin/../lib/gcc/arm-none-eabi/6.3.1/../../../../arm-none-eabi/lib/thumb/v7-m/libc.a(lib_a-lock.o)
                0x0000000020000ac4                __lock___atexit_recursive_mutex
                0x0000000020000ac8                __lock___arc4random_mutex
                0x0000000020000acc                __lock___env_recursive_mutex
                0x0000000020000ad0                __lock___sinit_recursive_mutex
                0x0000000020000ad4                __lock___malloc_recursive_mutex
                0x0000000020000ad8                __lock___at_quick_exit_mutex
                0x0000000020000adc                __lock___dd_hash_mutex
                0x0000000020000ae0                __lock___tz_mutex
                0x0000000020000ae4                __lock___sfp_recursive_mutex
 *fill*         0x0000000020000ae5        0x3 
 COMMON         0x0000000020000ae8        0x4 /home/andre/Ac6/SystemWorkbench/plugins/fr.ac6.mcu.externaltools.arm-none.linux64_1.15.0.201708311556/tools/compiler/bin/../lib/gcc/arm-none-eabi/6.3.1/../../../../arm-none-eabi/lib/thumb/v7-m/libc.a(lib_a-reent.o)
                0x0000000020000ae8                errno
                0x0000000020000aec                . = ALIGN (0x4)
                0x0000000020000aec                _ebss = .
                0x0000000020000aec                __bss_end__ = _ebss

._user_heap_stack
                0x0000000020000aec      0x404 load address 0x0000000008007c9c
                0x0000000020000af0                . = ALIGN (0x8)
 *fill*         0x0000000020000aec        0x4 
                0x0000000020000af0                PROVIDE (end, .)
                [!provide]                        PROVIDE (_end, .)
                0x0000000020000af0                . = (. + _Min_Heap_Size)
                0x0000000020000ef0                . = (. + _Min_Stack_Size)
 *fill*         0x0000000020000af0      0x400 
                0x0000000020000ef0                . = ALIGN (0x8)

/DISCARD/
 libc.a(*)
 libm.a(*)
 libgcc.a(*)

.ARM.attributes
                0x0000000000000000       0x29
 *(.ARM.attributes)
 .ARM.attributes
                0x0000000000000000       0x1d /home/andre/Ac6/SystemWorkbench/plugins/fr.ac6.mcu.externaltools.arm-none.linux64_1.15.0.201708311556/tools/compiler/bin/../lib/gcc/arm-none-eabi/6.3.1/thumb/v7-m/crti.o
 .ARM.attributes
                0x000000000000001d       0x2d /home/andre/Ac6/SystemWorkbench/plugins/fr.ac6.mcu.externaltools.arm-none.linux64_1.15.0.201708311556/tools/compiler/bin/../lib/gcc/arm-none-eabi/6.3.1/thumb/v7-m/crtbegin.o
 .ARM.attributes
                0x000000000000004a       0x33 StdPeriph_Driver/src/misc.o
 .ARM.attributes
                0x000000000000007d       0x33 StdPeriph_Driver/src/stm32f10x_adc.o
 .ARM.attributes
                0x00000000000000b0       0x33 StdPeriph_Driver/src/stm32f10x_dma.o
 .ARM.attributes
                0x00000000000000e3       0x33 StdPeriph_Driver/src/stm32f10x_gpio.o
 .ARM.attributes
                0x0000000000000116       0x33 StdPeriph_Driver/src/stm32f10x_rcc.o
 .ARM.attributes
                0x0000000000000149       0x33 StdPeriph_Driver/src/stm32f10x_tim.o
 .ARM.attributes
                0x000000000000017c       0x33 StdPeriph_Driver/src/stm32f10x_usart.o
 .ARM.attributes
                0x00000000000001af       0x33 src/adc_dma.o
 .ARM.attributes
                0x00000000000001e2       0x33 src/bldc.o
 .ARM.attributes
                0x0000000000000215       0x33 src/main.o
 .ARM.attributes
                0x0000000000000248       0x33 src/syscalls.o
 .ARM.attributes
                0x000000000000027b       0x33 src/system_stm32f10x.o
 .ARM.attributes
                0x00000000000002ae       0x33 src/systickdelay.o
 .ARM.attributes
                0x00000000000002e1       0x33 src/usart_dma.o
 .ARM.attributes
                0x0000000000000314       0x21 startup/startup_stm32.o
 .ARM.attributes
                0x0000000000000335       0x2d /home/andre/Ac6/SystemWorkbench/plugins/fr.ac6.mcu.externaltools.arm-none.linux64_1.15.0.201708311556/tools/compiler/bin/../lib/gcc/arm-none-eabi/6.3.1/../../../../arm-none-eabi/lib/thumb/v7-m/libc.a(lib_a-errno.o)
 .ARM.attributes
                0x0000000000000362       0x2d /home/andre/Ac6/SystemWorkbench/plugins/fr.ac6.mcu.externaltools.arm-none.linux64_1.15.0.201708311556/tools/compiler/bin/../lib/gcc/arm-none-eabi/6.3.1/../../../../arm-none-eabi/lib/thumb/v7-m/libc.a(lib_a-impure.o)
 .ARM.attributes
                0x000000000000038f       0x2d /home/andre/Ac6/SystemWorkbench/plugins/fr.ac6.mcu.externaltools.arm-none.linux64_1.15.0.201708311556/tools/compiler/bin/../lib/gcc/arm-none-eabi/6.3.1/../../../../arm-none-eabi/lib/thumb/v7-m/libc.a(lib_a-init.o)
 .ARM.attributes
                0x00000000000003bc       0x2d /home/andre/Ac6/SystemWorkbench/plugins/fr.ac6.mcu.externaltools.arm-none.linux64_1.15.0.201708311556/tools/compiler/bin/../lib/gcc/arm-none-eabi/6.3.1/../../../../arm-none-eabi/lib/thumb/v7-m/libc.a(lib_a-memset.o)
 .ARM.attributes
                0x00000000000003e9       0x2d /home/andre/Ac6/SystemWorkbench/plugins/fr.ac6.mcu.externaltools.arm-none.linux64_1.15.0.201708311556/tools/compiler/bin/../lib/gcc/arm-none-eabi/6.3.1/../../../../arm-none-eabi/lib/thumb/v7-m/libc.a(lib_a-sprintf.o)
 .ARM.attributes
                0x0000000000000416       0x2d /home/andre/Ac6/SystemWorkbench/plugins/fr.ac6.mcu.externaltools.arm-none.linux64_1.15.0.201708311556/tools/compiler/bin/../lib/gcc/arm-none-eabi/6.3.1/../../../../arm-none-eabi/lib/thumb/v7-m/libc.a(lib_a-strcpy.o)
 .ARM.attributes
                0x0000000000000443       0x2d /home/andre/Ac6/SystemWorkbench/plugins/fr.ac6.mcu.externaltools.arm-none.linux64_1.15.0.201708311556/tools/compiler/bin/../lib/gcc/arm-none-eabi/6.3.1/../../../../arm-none-eabi/lib/thumb/v7-m/libc.a(lib_a-strlen-stub.o)
 .ARM.attributes
                0x0000000000000470       0x2d /home/andre/Ac6/SystemWorkbench/plugins/fr.ac6.mcu.externaltools.arm-none.linux64_1.15.0.201708311556/tools/compiler/bin/../lib/gcc/arm-none-eabi/6.3.1/../../../../arm-none-eabi/lib/thumb/v7-m/libc.a(lib_a-svfprintf.o)
 .ARM.attributes
                0x000000000000049d       0x2d /home/andre/Ac6/SystemWorkbench/plugins/fr.ac6.mcu.externaltools.arm-none.linux64_1.15.0.201708311556/tools/compiler/bin/../lib/gcc/arm-none-eabi/6.3.1/../../../../arm-none-eabi/lib/thumb/v7-m/libc.a(lib_a-__call_atexit.o)
 .ARM.attributes
                0x00000000000004ca       0x2d /home/andre/Ac6/SystemWorkbench/plugins/fr.ac6.mcu.externaltools.arm-none.linux64_1.15.0.201708311556/tools/compiler/bin/../lib/gcc/arm-none-eabi/6.3.1/../../../../arm-none-eabi/lib/thumb/v7-m/libc.a(lib_a-atexit.o)
 .ARM.attributes
                0x00000000000004f7       0x2d /home/andre/Ac6/SystemWorkbench/plugins/fr.ac6.mcu.externaltools.arm-none.linux64_1.15.0.201708311556/tools/compiler/bin/../lib/gcc/arm-none-eabi/6.3.1/../../../../arm-none-eabi/lib/thumb/v7-m/libc.a(lib_a-dtoa.o)
 .ARM.attributes
                0x0000000000000524       0x2d /home/andre/Ac6/SystemWorkbench/plugins/fr.ac6.mcu.externaltools.arm-none.linux64_1.15.0.201708311556/tools/compiler/bin/../lib/gcc/arm-none-eabi/6.3.1/../../../../arm-none-eabi/lib/thumb/v7-m/libc.a(lib_a-fini.o)
 .ARM.attributes
                0x0000000000000551       0x2d /home/andre/Ac6/SystemWorkbench/plugins/fr.ac6.mcu.externaltools.arm-none.linux64_1.15.0.201708311556/tools/compiler/bin/../lib/gcc/arm-none-eabi/6.3.1/../../../../arm-none-eabi/lib/thumb/v7-m/libc.a(lib_a-localeconv.o)
 .ARM.attributes
                0x000000000000057e       0x2d /home/andre/Ac6/SystemWorkbench/plugins/fr.ac6.mcu.externaltools.arm-none.linux64_1.15.0.201708311556/tools/compiler/bin/../lib/gcc/arm-none-eabi/6.3.1/../../../../arm-none-eabi/lib/thumb/v7-m/libc.a(lib_a-lock.o)
 .ARM.attributes
                0x00000000000005ab       0x2d /home/andre/Ac6/SystemWorkbench/plugins/fr.ac6.mcu.externaltools.arm-none.linux64_1.15.0.201708311556/tools/compiler/bin/../lib/gcc/arm-none-eabi/6.3.1/../../../../arm-none-eabi/lib/thumb/v7-m/libc.a(lib_a-mallocr.o)
 .ARM.attributes
                0x00000000000005d8       0x2d /home/andre/Ac6/SystemWorkbench/plugins/fr.ac6.mcu.externaltools.arm-none.linux64_1.15.0.201708311556/tools/compiler/bin/../lib/gcc/arm-none-eabi/6.3.1/../../../../arm-none-eabi/lib/thumb/v7-m/libc.a(lib_a-memchr-stub.o)
 .ARM.attributes
                0x0000000000000605       0x1b /home/andre/Ac6/SystemWorkbench/plugins/fr.ac6.mcu.externaltools.arm-none.linux64_1.15.0.201708311556/tools/compiler/bin/../lib/gcc/arm-none-eabi/6.3.1/../../../../arm-none-eabi/lib/thumb/v7-m/libc.a(lib_a-memcpy.o)
 .ARM.attributes
                0x0000000000000620       0x2d /home/andre/Ac6/SystemWorkbench/plugins/fr.ac6.mcu.externaltools.arm-none.linux64_1.15.0.201708311556/tools/compiler/bin/../lib/gcc/arm-none-eabi/6.3.1/../../../../arm-none-eabi/lib/thumb/v7-m/libc.a(lib_a-mlock.o)
 .ARM.attributes
                0x000000000000064d       0x2d /home/andre/Ac6/SystemWorkbench/plugins/fr.ac6.mcu.externaltools.arm-none.linux64_1.15.0.201708311556/tools/compiler/bin/../lib/gcc/arm-none-eabi/6.3.1/../../../../arm-none-eabi/lib/thumb/v7-m/libc.a(lib_a-mprec.o)
 .ARM.attributes
                0x000000000000067a       0x2d /home/andre/Ac6/SystemWorkbench/plugins/fr.ac6.mcu.externaltools.arm-none.linux64_1.15.0.201708311556/tools/compiler/bin/../lib/gcc/arm-none-eabi/6.3.1/../../../../arm-none-eabi/lib/thumb/v7-m/libc.a(lib_a-sbrkr.o)
 .ARM.attributes
                0x00000000000006a7       0x2d /home/andre/Ac6/SystemWorkbench/plugins/fr.ac6.mcu.externaltools.arm-none.linux64_1.15.0.201708311556/tools/compiler/bin/../lib/gcc/arm-none-eabi/6.3.1/../../../../arm-none-eabi/lib/thumb/v7-m/libc.a(lib_a-svfiprintf.o)
 .ARM.attributes
                0x00000000000006d4       0x2d /home/andre/Ac6/SystemWorkbench/plugins/fr.ac6.mcu.externaltools.arm-none.linux64_1.15.0.201708311556/tools/compiler/bin/../lib/gcc/arm-none-eabi/6.3.1/../../../../arm-none-eabi/lib/thumb/v7-m/libc.a(lib_a-__atexit.o)
 .ARM.attributes
                0x0000000000000701       0x2d /home/andre/Ac6/SystemWorkbench/plugins/fr.ac6.mcu.externaltools.arm-none.linux64_1.15.0.201708311556/tools/compiler/bin/../lib/gcc/arm-none-eabi/6.3.1/../../../../arm-none-eabi/lib/thumb/v7-m/libc.a(lib_a-callocr.o)
 .ARM.attributes
                0x000000000000072e       0x2d /home/andre/Ac6/SystemWorkbench/plugins/fr.ac6.mcu.externaltools.arm-none.linux64_1.15.0.201708311556/tools/compiler/bin/../lib/gcc/arm-none-eabi/6.3.1/../../../../arm-none-eabi/lib/thumb/v7-m/libc.a(lib_a-freer.o)
 .ARM.attributes
                0x000000000000075b       0x2d /home/andre/Ac6/SystemWorkbench/plugins/fr.ac6.mcu.externaltools.arm-none.linux64_1.15.0.201708311556/tools/compiler/bin/../lib/gcc/arm-none-eabi/6.3.1/../../../../arm-none-eabi/lib/thumb/v7-m/libc.a(lib_a-locale.o)
 .ARM.attributes
                0x0000000000000788       0x2d /home/andre/Ac6/SystemWorkbench/plugins/fr.ac6.mcu.externaltools.arm-none.linux64_1.15.0.201708311556/tools/compiler/bin/../lib/gcc/arm-none-eabi/6.3.1/../../../../arm-none-eabi/lib/thumb/v7-m/libc.a(lib_a-mbtowc_r.o)
 .ARM.attributes
                0x00000000000007b5       0x2d /home/andre/Ac6/SystemWorkbench/plugins/fr.ac6.mcu.externaltools.arm-none.linux64_1.15.0.201708311556/tools/compiler/bin/../lib/gcc/arm-none-eabi/6.3.1/../../../../arm-none-eabi/lib/thumb/v7-m/libc.a(lib_a-memmove.o)
 .ARM.attributes
                0x00000000000007e2       0x2d /home/andre/Ac6/SystemWorkbench/plugins/fr.ac6.mcu.externaltools.arm-none.linux64_1.15.0.201708311556/tools/compiler/bin/../lib/gcc/arm-none-eabi/6.3.1/../../../../arm-none-eabi/lib/thumb/v7-m/libc.a(lib_a-reallocr.o)
 .ARM.attributes
                0x000000000000080f       0x2d /home/andre/Ac6/SystemWorkbench/plugins/fr.ac6.mcu.externaltools.arm-none.linux64_1.15.0.201708311556/tools/compiler/bin/../lib/gcc/arm-none-eabi/6.3.1/../../../../arm-none-eabi/lib/thumb/v7-m/libc.a(lib_a-reent.o)
 .ARM.attributes
                0x000000000000083c       0x2d /home/andre/Ac6/SystemWorkbench/plugins/fr.ac6.mcu.externaltools.arm-none.linux64_1.15.0.201708311556/tools/compiler/bin/../lib/gcc/arm-none-eabi/6.3.1/../../../../arm-none-eabi/lib/thumb/v7-m/libc.a(lib_a-wctomb_r.o)
 .ARM.attributes
                0x0000000000000869       0x2d /home/andre/Ac6/SystemWorkbench/plugins/fr.ac6.mcu.externaltools.arm-none.linux64_1.15.0.201708311556/tools/compiler/bin/../lib/gcc/arm-none-eabi/6.3.1/../../../../arm-none-eabi/lib/thumb/v7-m/libc.a(lib_a-ctype_.o)
 .ARM.attributes
                0x0000000000000896       0x1d /home/andre/Ac6/SystemWorkbench/plugins/fr.ac6.mcu.externaltools.arm-none.linux64_1.15.0.201708311556/tools/compiler/bin/../lib/gcc/arm-none-eabi/6.3.1/thumb/v7-m/libgcc.a(_arm_addsubdf3.o)
 .ARM.attributes
                0x00000000000008b3       0x1d /home/andre/Ac6/SystemWorkbench/plugins/fr.ac6.mcu.externaltools.arm-none.linux64_1.15.0.201708311556/tools/compiler/bin/../lib/gcc/arm-none-eabi/6.3.1/thumb/v7-m/libgcc.a(_arm_muldivdf3.o)
 .ARM.attributes
                0x00000000000008d0       0x1d /home/andre/Ac6/SystemWorkbench/plugins/fr.ac6.mcu.externaltools.arm-none.linux64_1.15.0.201708311556/tools/compiler/bin/../lib/gcc/arm-none-eabi/6.3.1/thumb/v7-m/libgcc.a(_arm_cmpdf2.o)
 .ARM.attributes
                0x00000000000008ed       0x1d /home/andre/Ac6/SystemWorkbench/plugins/fr.ac6.mcu.externaltools.arm-none.linux64_1.15.0.201708311556/tools/compiler/bin/../lib/gcc/arm-none-eabi/6.3.1/thumb/v7-m/libgcc.a(_arm_unorddf2.o)
 .ARM.attributes
                0x000000000000090a       0x1d /home/andre/Ac6/SystemWorkbench/plugins/fr.ac6.mcu.externaltools.arm-none.linux64_1.15.0.201708311556/tools/compiler/bin/../lib/gcc/arm-none-eabi/6.3.1/thumb/v7-m/libgcc.a(_arm_fixdfsi.o)
 .ARM.attributes
                0x0000000000000927       0x1d /home/andre/Ac6/SystemWorkbench/plugins/fr.ac6.mcu.externaltools.arm-none.linux64_1.15.0.201708311556/tools/compiler/bin/../lib/gcc/arm-none-eabi/6.3.1/thumb/v7-m/libgcc.a(_aeabi_uldivmod.o)
 .ARM.attributes
                0x0000000000000944       0x2d /home/andre/Ac6/SystemWorkbench/plugins/fr.ac6.mcu.externaltools.arm-none.linux64_1.15.0.201708311556/tools/compiler/bin/../lib/gcc/arm-none-eabi/6.3.1/thumb/v7-m/libgcc.a(_udivmoddi4.o)
 .ARM.attributes
                0x0000000000000971       0x1d /home/andre/Ac6/SystemWorkbench/plugins/fr.ac6.mcu.externaltools.arm-none.linux64_1.15.0.201708311556/tools/compiler/bin/../lib/gcc/arm-none-eabi/6.3.1/thumb/v7-m/libgcc.a(_dvmd_tls.o)
 .ARM.attributes
                0x000000000000098e       0x1d /home/andre/Ac6/SystemWorkbench/plugins/fr.ac6.mcu.externaltools.arm-none.linux64_1.15.0.201708311556/tools/compiler/bin/../lib/gcc/arm-none-eabi/6.3.1/thumb/v7-m/crtn.o
OUTPUT(Example_BLDC_Sensorless.elf elf32-littlearm)

.comment        0x0000000000000000       0x7f
 .comment       0x0000000000000000       0x7f StdPeriph_Driver/src/misc.o
                                         0x80 (size before relaxing)
 .comment       0x000000000000007f       0x80 StdPeriph_Driver/src/stm32f10x_adc.o
 .comment       0x000000000000007f       0x80 StdPeriph_Driver/src/stm32f10x_dma.o
 .comment       0x000000000000007f       0x80 StdPeriph_Driver/src/stm32f10x_gpio.o
 .comment       0x000000000000007f       0x80 StdPeriph_Driver/src/stm32f10x_rcc.o
 .comment       0x000000000000007f       0x80 StdPeriph_Driver/src/stm32f10x_tim.o
 .comment       0x000000000000007f       0x80 StdPeriph_Driver/src/stm32f10x_usart.o
 .comment       0x000000000000007f       0x80 src/adc_dma.o
 .comment       0x000000000000007f       0x80 src/bldc.o
 .comment       0x000000000000007f       0x80 src/main.o
 .comment       0x000000000000007f       0x80 src/syscalls.o
 .comment       0x000000000000007f       0x80 src/system_stm32f10x.o
 .comment       0x000000000000007f       0x80 src/systickdelay.o
 .comment       0x000000000000007f       0x80 src/usart_dma.o

.debug_line     0x0000000000000000       0x7c
 .debug_line    0x0000000000000000       0x7c startup/startup_stm32.o

.debug_info     0x0000000000000000       0x73
 .debug_info    0x0000000000000000       0x73 startup/startup_stm32.o

.debug_abbrev   0x0000000000000000       0x12
 .debug_abbrev  0x0000000000000000       0x12 startup/startup_stm32.o

.debug_aranges  0x0000000000000000       0x28
 .debug_aranges
                0x0000000000000000       0x28 startup/startup_stm32.o

.debug_ranges   0x0000000000000000       0x20
 .debug_ranges  0x0000000000000000       0x20 startup/startup_stm32.o

.debug_frame    0x0000000000000000      0xc7c
 .debug_frame   0x0000000000000000       0x20 /home/andre/Ac6/SystemWorkbench/plugins/fr.ac6.mcu.externaltools.arm-none.linux64_1.15.0.201708311556/tools/compiler/bin/../lib/gcc/arm-none-eabi/6.3.1/../../../../arm-none-eabi/lib/thumb/v7-m/libc.a(lib_a-errno.o)
 .debug_frame   0x0000000000000020       0x2c /home/andre/Ac6/SystemWorkbench/plugins/fr.ac6.mcu.externaltools.arm-none.linux64_1.15.0.201708311556/tools/compiler/bin/../lib/gcc/arm-none-eabi/6.3.1/../../../../arm-none-eabi/lib/thumb/v7-m/libc.a(lib_a-init.o)
 .debug_frame   0x000000000000004c       0x34 /home/andre/Ac6/SystemWorkbench/plugins/fr.ac6.mcu.externaltools.arm-none.linux64_1.15.0.201708311556/tools/compiler/bin/../lib/gcc/arm-none-eabi/6.3.1/../../../../arm-none-eabi/lib/thumb/v7-m/libc.a(lib_a-memset.o)
 .debug_frame   0x0000000000000080       0x84 /home/andre/Ac6/SystemWorkbench/plugins/fr.ac6.mcu.externaltools.arm-none.linux64_1.15.0.201708311556/tools/compiler/bin/../lib/gcc/arm-none-eabi/6.3.1/../../../../arm-none-eabi/lib/thumb/v7-m/libc.a(lib_a-sprintf.o)
 .debug_frame   0x0000000000000104       0x20 /home/andre/Ac6/SystemWorkbench/plugins/fr.ac6.mcu.externaltools.arm-none.linux64_1.15.0.201708311556/tools/compiler/bin/../lib/gcc/arm-none-eabi/6.3.1/../../../../arm-none-eabi/lib/thumb/v7-m/libc.a(lib_a-strcpy.o)
 .debug_frame   0x0000000000000124       0x20 /home/andre/Ac6/SystemWorkbench/plugins/fr.ac6.mcu.externaltools.arm-none.linux64_1.15.0.201708311556/tools/compiler/bin/../lib/gcc/arm-none-eabi/6.3.1/../../../../arm-none-eabi/lib/thumb/v7-m/libc.a(lib_a-strlen-stub.o)
 .debug_frame   0x0000000000000144       0x40 /home/andre/Ac6/SystemWorkbench/plugins/fr.ac6.mcu.externaltools.arm-none.linux64_1.15.0.201708311556/tools/compiler/bin/../lib/gcc/arm-none-eabi/6.3.1/../../../../arm-none-eabi/lib/thumb/v7-m/libc.a(lib_a-svfprintf.o)
 .debug_frame   0x0000000000000184       0x5c /home/andre/Ac6/SystemWorkbench/plugins/fr.ac6.mcu.externaltools.arm-none.linux64_1.15.0.201708311556/tools/compiler/bin/../lib/gcc/arm-none-eabi/6.3.1/../../../../arm-none-eabi/lib/thumb/v7-m/libc.a(lib_a-__call_atexit.o)
 .debug_frame   0x00000000000001e0       0x20 /home/andre/Ac6/SystemWorkbench/plugins/fr.ac6.mcu.externaltools.arm-none.linux64_1.15.0.201708311556/tools/compiler/bin/../lib/gcc/arm-none-eabi/6.3.1/../../../../arm-none-eabi/lib/thumb/v7-m/libc.a(lib_a-atexit.o)
 .debug_frame   0x0000000000000200       0x84 /home/andre/Ac6/SystemWorkbench/plugins/fr.ac6.mcu.externaltools.arm-none.linux64_1.15.0.201708311556/tools/compiler/bin/../lib/gcc/arm-none-eabi/6.3.1/../../../../arm-none-eabi/lib/thumb/v7-m/libc.a(lib_a-dtoa.o)
 .debug_frame   0x0000000000000284       0x34 /home/andre/Ac6/SystemWorkbench/plugins/fr.ac6.mcu.externaltools.arm-none.linux64_1.15.0.201708311556/tools/compiler/bin/../lib/gcc/arm-none-eabi/6.3.1/../../../../arm-none-eabi/lib/thumb/v7-m/libc.a(lib_a-fini.o)
 .debug_frame   0x00000000000002b8       0x40 /home/andre/Ac6/SystemWorkbench/plugins/fr.ac6.mcu.externaltools.arm-none.linux64_1.15.0.201708311556/tools/compiler/bin/../lib/gcc/arm-none-eabi/6.3.1/../../../../arm-none-eabi/lib/thumb/v7-m/libc.a(lib_a-localeconv.o)
 .debug_frame   0x00000000000002f8       0xb0 /home/andre/Ac6/SystemWorkbench/plugins/fr.ac6.mcu.externaltools.arm-none.linux64_1.15.0.201708311556/tools/compiler/bin/../lib/gcc/arm-none-eabi/6.3.1/../../../../arm-none-eabi/lib/thumb/v7-m/libc.a(lib_a-lock.o)
 .debug_frame   0x00000000000003a8       0x54 /home/andre/Ac6/SystemWorkbench/plugins/fr.ac6.mcu.externaltools.arm-none.linux64_1.15.0.201708311556/tools/compiler/bin/../lib/gcc/arm-none-eabi/6.3.1/../../../../arm-none-eabi/lib/thumb/v7-m/libc.a(lib_a-mallocr.o)
 .debug_frame   0x00000000000003fc       0x34 /home/andre/Ac6/SystemWorkbench/plugins/fr.ac6.mcu.externaltools.arm-none.linux64_1.15.0.201708311556/tools/compiler/bin/../lib/gcc/arm-none-eabi/6.3.1/../../../../arm-none-eabi/lib/thumb/v7-m/libc.a(lib_a-memchr-stub.o)
 .debug_frame   0x0000000000000430       0x30 /home/andre/Ac6/SystemWorkbench/plugins/fr.ac6.mcu.externaltools.arm-none.linux64_1.15.0.201708311556/tools/compiler/bin/../lib/gcc/arm-none-eabi/6.3.1/../../../../arm-none-eabi/lib/thumb/v7-m/libc.a(lib_a-mlock.o)
 .debug_frame   0x0000000000000460      0x260 /home/andre/Ac6/SystemWorkbench/plugins/fr.ac6.mcu.externaltools.arm-none.linux64_1.15.0.201708311556/tools/compiler/bin/../lib/gcc/arm-none-eabi/6.3.1/../../../../arm-none-eabi/lib/thumb/v7-m/libc.a(lib_a-mprec.o)
 .debug_frame   0x00000000000006c0       0x2c /home/andre/Ac6/SystemWorkbench/plugins/fr.ac6.mcu.externaltools.arm-none.linux64_1.15.0.201708311556/tools/compiler/bin/../lib/gcc/arm-none-eabi/6.3.1/../../../../arm-none-eabi/lib/thumb/v7-m/libc.a(lib_a-sbrkr.o)
 .debug_frame   0x00000000000006ec       0x78 /home/andre/Ac6/SystemWorkbench/plugins/fr.ac6.mcu.externaltools.arm-none.linux64_1.15.0.201708311556/tools/compiler/bin/../lib/gcc/arm-none-eabi/6.3.1/../../../../arm-none-eabi/lib/thumb/v7-m/libc.a(lib_a-svfiprintf.o)
 .debug_frame   0x0000000000000764       0x34 /home/andre/Ac6/SystemWorkbench/plugins/fr.ac6.mcu.externaltools.arm-none.linux64_1.15.0.201708311556/tools/compiler/bin/../lib/gcc/arm-none-eabi/6.3.1/../../../../arm-none-eabi/lib/thumb/v7-m/libc.a(lib_a-__atexit.o)
 .debug_frame   0x0000000000000798       0x28 /home/andre/Ac6/SystemWorkbench/plugins/fr.ac6.mcu.externaltools.arm-none.linux64_1.15.0.201708311556/tools/compiler/bin/../lib/gcc/arm-none-eabi/6.3.1/../../../../arm-none-eabi/lib/thumb/v7-m/libc.a(lib_a-callocr.o)
 .debug_frame   0x00000000000007c0       0x74 /home/andre/Ac6/SystemWorkbench/plugins/fr.ac6.mcu.externaltools.arm-none.linux64_1.15.0.201708311556/tools/compiler/bin/../lib/gcc/arm-none-eabi/6.3.1/../../../../arm-none-eabi/lib/thumb/v7-m/libc.a(lib_a-freer.o)
 .debug_frame   0x0000000000000834       0x6c /home/andre/Ac6/SystemWorkbench/plugins/fr.ac6.mcu.externaltools.arm-none.linux64_1.15.0.201708311556/tools/compiler/bin/../lib/gcc/arm-none-eabi/6.3.1/../../../../arm-none-eabi/lib/thumb/v7-m/libc.a(lib_a-locale.o)
 .debug_frame   0x00000000000008a0       0x4c /home/andre/Ac6/SystemWorkbench/plugins/fr.ac6.mcu.externaltools.arm-none.linux64_1.15.0.201708311556/tools/compiler/bin/../lib/gcc/arm-none-eabi/6.3.1/../../../../arm-none-eabi/lib/thumb/v7-m/libc.a(lib_a-mbtowc_r.o)
 .debug_frame   0x00000000000008ec       0x30 /home/andre/Ac6/SystemWorkbench/plugins/fr.ac6.mcu.externaltools.arm-none.linux64_1.15.0.201708311556/tools/compiler/bin/../lib/gcc/arm-none-eabi/6.3.1/../../../../arm-none-eabi/lib/thumb/v7-m/libc.a(lib_a-memmove.o)
 .debug_frame   0x000000000000091c       0x68 /home/andre/Ac6/SystemWorkbench/plugins/fr.ac6.mcu.externaltools.arm-none.linux64_1.15.0.201708311556/tools/compiler/bin/../lib/gcc/arm-none-eabi/6.3.1/../../../../arm-none-eabi/lib/thumb/v7-m/libc.a(lib_a-reallocr.o)
 .debug_frame   0x0000000000000984       0x58 /home/andre/Ac6/SystemWorkbench/plugins/fr.ac6.mcu.externaltools.arm-none.linux64_1.15.0.201708311556/tools/compiler/bin/../lib/gcc/arm-none-eabi/6.3.1/../../../../arm-none-eabi/lib/thumb/v7-m/libc.a(lib_a-reent.o)
 .debug_frame   0x00000000000009dc       0x3c /home/andre/Ac6/SystemWorkbench/plugins/fr.ac6.mcu.externaltools.arm-none.linux64_1.15.0.201708311556/tools/compiler/bin/../lib/gcc/arm-none-eabi/6.3.1/../../../../arm-none-eabi/lib/thumb/v7-m/libc.a(lib_a-wctomb_r.o)
 .debug_frame   0x0000000000000a18       0xac /home/andre/Ac6/SystemWorkbench/plugins/fr.ac6.mcu.externaltools.arm-none.linux64_1.15.0.201708311556/tools/compiler/bin/../lib/gcc/arm-none-eabi/6.3.1/thumb/v7-m/libgcc.a(_arm_addsubdf3.o)
 .debug_frame   0x0000000000000ac4       0x50 /home/andre/Ac6/SystemWorkbench/plugins/fr.ac6.mcu.externaltools.arm-none.linux64_1.15.0.201708311556/tools/compiler/bin/../lib/gcc/arm-none-eabi/6.3.1/thumb/v7-m/libgcc.a(_arm_muldivdf3.o)
 .debug_frame   0x0000000000000b14       0xc4 /home/andre/Ac6/SystemWorkbench/plugins/fr.ac6.mcu.externaltools.arm-none.linux64_1.15.0.201708311556/tools/compiler/bin/../lib/gcc/arm-none-eabi/6.3.1/thumb/v7-m/libgcc.a(_arm_cmpdf2.o)
 .debug_frame   0x0000000000000bd8       0x20 /home/andre/Ac6/SystemWorkbench/plugins/fr.ac6.mcu.externaltools.arm-none.linux64_1.15.0.201708311556/tools/compiler/bin/../lib/gcc/arm-none-eabi/6.3.1/thumb/v7-m/libgcc.a(_arm_unorddf2.o)
 .debug_frame   0x0000000000000bf8       0x24 /home/andre/Ac6/SystemWorkbench/plugins/fr.ac6.mcu.externaltools.arm-none.linux64_1.15.0.201708311556/tools/compiler/bin/../lib/gcc/arm-none-eabi/6.3.1/thumb/v7-m/libgcc.a(_arm_fixdfsi.o)
 .debug_frame   0x0000000000000c1c       0x2c /home/andre/Ac6/SystemWorkbench/plugins/fr.ac6.mcu.externaltools.arm-none.linux64_1.15.0.201708311556/tools/compiler/bin/../lib/gcc/arm-none-eabi/6.3.1/thumb/v7-m/libgcc.a(_aeabi_uldivmod.o)
 .debug_frame   0x0000000000000c48       0x34 /home/andre/Ac6/SystemWorkbench/plugins/fr.ac6.mcu.externaltools.arm-none.linux64_1.15.0.201708311556/tools/compiler/bin/../lib/gcc/arm-none-eabi/6.3.1/thumb/v7-m/libgcc.a(_udivmoddi4.o)
