Archive member included to satisfy reference by file (symbol)

c:/program files/gnu tools arm embedded/5.3 2016q1/bin/../lib/gcc/arm-none-eabi/5.3.1/../../../../arm-none-eabi/lib/armv7-m\libg.a(lib_a-memcpy.o)
                              ..\obj\startup_stm32f10x_md.o (memcpy)

Allocating common symbols
Common symbol       size              file

SaveRState          0x2               ..\obj\usb_int.o
HSEStartUpStatus    0x1               ..\obj\hw_config.o
SaveState           0x2               ..\obj\usb_init.o
ProtocolValue       0x4               ..\obj\usb_prop.o
wIstr               0x2               ..\obj\usb_istr.o
pProperty           0x4               ..\obj\usb_init.o
EPindex             0x1               ..\obj\usb_init.o
Report_Buf          0x40              ..\obj\usb_prop.o
SaveTState          0x2               ..\obj\usb_int.o
Device_Info         0x1c              ..\obj\usb_init.o
pUser_Standard_Requests
                    0x4               ..\obj\usb_init.o
Receive_Buffer      0x9               ..\obj\usb_endp.o
EXTI_Enable         0x1               ..\obj\usb_prop.o
StatusInfo          0x2               ..\obj\usb_core.o
pInformation        0x4               ..\obj\usb_init.o
ResumeS             0x2               ..\obj\usb_pwr.o
Buffer              0x5               ..\obj\hw_config.o
EP                  0x20              ..\obj\usb_pwr.o
EXTI_InitStructure  0x8               ..\obj\hw_config.o
wInterrupt_Mask     0x2               ..\obj\usb_init.o

Discarded input sections

 .text          0x00000000        0x0 ..\obj\usb_core.o
 .data          0x00000000        0x0 ..\obj\usb_core.o
 .text.Standard_SetConfiguration
                0x00000000       0x3c ..\obj\usb_core.o
 .text.Standard_SetInterface
                0x00000000       0x50 ..\obj\usb_core.o
 .text.Standard_SetDeviceFeature
                0x00000000       0x24 ..\obj\usb_core.o
 .text.Post0_Process
                0x00000000       0x44 ..\obj\usb_core.o
 .text          0x00000000        0x0 ..\obj\usb_int.o
 .data          0x00000000        0x0 ..\obj\usb_int.o
 .bss           0x00000000        0x0 ..\obj\usb_int.o
 .text.CTR_HP   0x00000000       0x74 ..\obj\usb_int.o
 .text          0x00000000        0x0 ..\obj\system_stm32f10x.o
 .data          0x00000000       0x14 ..\obj\system_stm32f10x.o
 .bss           0x00000000        0x0 ..\obj\system_stm32f10x.o
 .text.SystemCoreClockUpdate
                0x00000000       0x58 ..\obj\system_stm32f10x.o
 .text          0x00000000        0x0 ..\obj\keycodes.o
 .bss           0x00000000        0x0 ..\obj\keycodes.o
 .text          0x00000000        0x0 ..\obj\usb_desc.o
 .bss           0x00000000        0x0 ..\obj\usb_desc.o
 .text          0x00000000        0x0 ..\obj\usb_regs.o
 .data          0x00000000        0x0 ..\obj\usb_regs.o
 .bss           0x00000000        0x0 ..\obj\usb_regs.o
 .text.SetCNTR  0x00000000        0xc ..\obj\usb_regs.o
 .text.GetCNTR  0x00000000        0xc ..\obj\usb_regs.o
 .text.SetISTR  0x00000000        0xc ..\obj\usb_regs.o
 .text.GetISTR  0x00000000        0xc ..\obj\usb_regs.o
 .text.GetFNR   0x00000000        0xc ..\obj\usb_regs.o
 .text.SetDADDR
                0x00000000        0xc ..\obj\usb_regs.o
 .text.GetDADDR
                0x00000000        0xc ..\obj\usb_regs.o
 .text.GetBTABLE
                0x00000000        0xc ..\obj\usb_regs.o
 .text.SetENDPOINT
                0x00000000       0x10 ..\obj\usb_regs.o
 .text.GetENDPOINT
                0x00000000       0x10 ..\obj\usb_regs.o
 .text.GetEPType
                0x00000000       0x14 ..\obj\usb_regs.o
 .text.SetDouBleBuffEPStall
                0x00000000       0x2c ..\obj\usb_regs.o
 .text.GetEPTxStatus
                0x00000000       0x14 ..\obj\usb_regs.o
 .text.GetEPRxStatus
                0x00000000       0x14 ..\obj\usb_regs.o
 .text.SetEP_KIND
                0x00000000       0x20 ..\obj\usb_regs.o
 .text.ClearEP_KIND
                0x00000000       0x20 ..\obj\usb_regs.o
 .text.Set_Status_Out
                0x00000000       0x20 ..\obj\usb_regs.o
 .text.SetEPDoubleBuff
                0x00000000       0x20 ..\obj\usb_regs.o
 .text.ClearEPDoubleBuff
                0x00000000       0x20 ..\obj\usb_regs.o
 .text.GetTxStallStatus
                0x00000000       0x1c ..\obj\usb_regs.o
 .text.GetRxStallStatus
                0x00000000       0x1c ..\obj\usb_regs.o
 .text.ClearEP_CTR_RX
                0x00000000       0x18 ..\obj\usb_regs.o
 .text.ClearEP_CTR_TX
                0x00000000       0x18 ..\obj\usb_regs.o
 .text.ToggleDTOG_RX
                0x00000000       0x20 ..\obj\usb_regs.o
 .text.ToggleDTOG_TX
                0x00000000       0x20 ..\obj\usb_regs.o
 .text.SetEPAddress
                0x00000000       0x20 ..\obj\usb_regs.o
 .text.GetEPAddress
                0x00000000       0x14 ..\obj\usb_regs.o
 .text.SetEPCountRxReg
                0x00000000       0x28 ..\obj\usb_regs.o
 .text.GetEPTxCount
                0x00000000       0x20 ..\obj\usb_regs.o
 .text.GetEPRxCount
                0x00000000       0x20 ..\obj\usb_regs.o
 .text.SetEPDblBuffAddr
                0x00000000       0x3c ..\obj\usb_regs.o
 .text.SetEPDblBuf0Addr
                0x00000000       0x20 ..\obj\usb_regs.o
 .text.SetEPDblBuf1Addr
                0x00000000       0x20 ..\obj\usb_regs.o
 .text.GetEPDblBuf0Addr
                0x00000000       0x20 ..\obj\usb_regs.o
 .text.GetEPDblBuf1Addr
                0x00000000       0x20 ..\obj\usb_regs.o
 .text.SetEPDblBuffCount
                0x00000000       0xb4 ..\obj\usb_regs.o
 .text.SetEPDblBuf0Count
                0x00000000       0x60 ..\obj\usb_regs.o
 .text.SetEPDblBuf1Count
                0x00000000       0x60 ..\obj\usb_regs.o
 .text.GetEPDblBuf0Count
                0x00000000       0x20 ..\obj\usb_regs.o
 .text.GetEPDblBuf1Count
                0x00000000       0x20 ..\obj\usb_regs.o
 .text.GetEPDblBufDir
                0x00000000       0x44 ..\obj\usb_regs.o
 .text.FreeUserBuffer
                0x00000000       0x48 ..\obj\usb_regs.o
 .text.ToWord   0x00000000        0x8 ..\obj\usb_regs.o
 .text          0x00000000        0x0 ..\obj\stm32f10x_pwr.o
 .data          0x00000000        0x0 ..\obj\stm32f10x_pwr.o
 .bss           0x00000000        0x0 ..\obj\stm32f10x_pwr.o
 .text.PWR_DeInit
                0x00000000       0x1c ..\obj\stm32f10x_pwr.o
 .text.PWR_BackupAccessCmd
                0x00000000        0xc ..\obj\stm32f10x_pwr.o
 .text.PWR_PVDCmd
                0x00000000        0xc ..\obj\stm32f10x_pwr.o
 .text.PWR_PVDLevelConfig
                0x00000000       0x14 ..\obj\stm32f10x_pwr.o
 .text.PWR_WakeUpPinCmd
                0x00000000        0xc ..\obj\stm32f10x_pwr.o
 .text.PWR_EnterSTOPMode
                0x00000000       0x3c ..\obj\stm32f10x_pwr.o
 .text.PWR_EnterSTANDBYMode
                0x00000000       0x28 ..\obj\stm32f10x_pwr.o
 .text.PWR_GetFlagStatus
                0x00000000       0x14 ..\obj\stm32f10x_pwr.o
 .text.PWR_ClearFlag
                0x00000000       0x10 ..\obj\stm32f10x_pwr.o
 .debug_info    0x00000000      0x4e3 ..\obj\stm32f10x_pwr.o
 .debug_abbrev  0x00000000      0x1b0 ..\obj\stm32f10x_pwr.o
 .debug_loc     0x00000000      0x111 ..\obj\stm32f10x_pwr.o
 .debug_aranges
                0x00000000       0x60 ..\obj\stm32f10x_pwr.o
 .debug_ranges  0x00000000       0x50 ..\obj\stm32f10x_pwr.o
 .debug_line    0x00000000      0x2e4 ..\obj\stm32f10x_pwr.o
 .debug_str     0x00000000      0x34b ..\obj\stm32f10x_pwr.o
 .comment       0x00000000       0x6f ..\obj\stm32f10x_pwr.o
 .debug_frame   0x00000000       0xb8 ..\obj\stm32f10x_pwr.o
 .ARM.attributes
                0x00000000       0x33 ..\obj\stm32f10x_pwr.o
 .text          0x00000000        0x0 ..\obj\startup_stm32f10x_md.o
 .data          0x00000000        0x0 ..\obj\startup_stm32f10x_md.o
 .bss           0x00000000        0x0 ..\obj\startup_stm32f10x_md.o
 .text          0x00000000        0x0 ..\obj\hw_config.o
 .data          0x00000000        0x0 ..\obj\hw_config.o
 .bss           0x00000000        0x0 ..\obj\hw_config.o
 .text.Enter_LowPowerMode
                0x00000000       0x14 ..\obj\hw_config.o
 .text.RHIDCheckState
                0x00000000        0x4 ..\obj\hw_config.o
 .text.RHID_Send
                0x00000000       0x2c ..\obj\hw_config.o
 .text          0x00000000        0x0 ..\obj\stm32f10x_gpio.o
 .data          0x00000000        0x0 ..\obj\stm32f10x_gpio.o
 .bss           0x00000000        0x0 ..\obj\stm32f10x_gpio.o
 .text.GPIO_DeInit
                0x00000000       0xdc ..\obj\stm32f10x_gpio.o
 .text.GPIO_AFIODeInit
                0x00000000       0x18 ..\obj\stm32f10x_gpio.o
 .text.GPIO_StructInit
                0x00000000       0x10 ..\obj\stm32f10x_gpio.o
 .text.GPIO_ReadInputDataBit
                0x00000000        0xc ..\obj\stm32f10x_gpio.o
 .text.GPIO_ReadInputData
                0x00000000        0x8 ..\obj\stm32f10x_gpio.o
 .text.GPIO_ReadOutputDataBit
                0x00000000        0xc ..\obj\stm32f10x_gpio.o
 .text.GPIO_ReadOutputData
                0x00000000        0x8 ..\obj\stm32f10x_gpio.o
 .text.GPIO_WriteBit
                0x00000000        0xc ..\obj\stm32f10x_gpio.o
 .text.GPIO_Write
                0x00000000        0x4 ..\obj\stm32f10x_gpio.o
 .text.GPIO_PinLockConfig
                0x00000000       0x10 ..\obj\stm32f10x_gpio.o
 .text.GPIO_EventOutputConfig
                0x00000000       0x1c ..\obj\stm32f10x_gpio.o
 .text.GPIO_EventOutputCmd
                0x00000000        0xc ..\obj\stm32f10x_gpio.o
 .text.GPIO_PinRemapConfig
                0x00000000       0x6c ..\obj\stm32f10x_gpio.o
 .text.GPIO_EXTILineConfig
                0x00000000       0x2c ..\obj\stm32f10x_gpio.o
 .text.GPIO_ETH_MediaInterfaceConfig
                0x00000000        0xc ..\obj\stm32f10x_gpio.o
 .text          0x00000000        0x0 ..\obj\usb_prop.o
 .text.HID_SetProtocol
                0x00000000       0x18 ..\obj\usb_prop.o
 .text          0x00000000        0x0 ..\obj\usb_pwr.o
 .text.PowerOff
                0x00000000       0x24 ..\obj\usb_pwr.o
 .text.Resume_Init
                0x00000000       0x20 ..\obj\usb_pwr.o
 .text          0x00000000        0x0 ..\obj\usb_init.o
 .data          0x00000000        0x0 ..\obj\usb_init.o
 .bss           0x00000000        0x0 ..\obj\usb_init.o
 .text          0x00000000        0x0 ..\obj\main.o
 .bss           0x00000000        0x0 ..\obj\main.o
 .text.MOUSE_move
                0x00000000       0x38 ..\obj\main.o
 .text.KEYBOARD_SEND_key_buf
                0x00000000       0x28 ..\obj\main.o
 .text.KEYBOARD_SEND_Char
                0x00000000       0x54 ..\obj\main.o
 .text.KEYBOARD_SEND_word
                0x00000000       0x5c ..\obj\main.o
 .text          0x00000000        0x0 ..\obj\stm32f10x_rcc.o
 .data          0x00000000       0x14 ..\obj\stm32f10x_rcc.o
 .bss           0x00000000        0x0 ..\obj\stm32f10x_rcc.o
 .text.RCC_AdjustHSICalibrationValue
                0x00000000       0x14 ..\obj\stm32f10x_rcc.o
 .text.RCC_HSICmd
                0x00000000        0xc ..\obj\stm32f10x_rcc.o
 .text.RCC_ITConfig
                0x00000000       0x1c ..\obj\stm32f10x_rcc.o
 .text.RCC_ADCCLKConfig
                0x00000000       0x14 ..\obj\stm32f10x_rcc.o
 .text.RCC_LSEConfig
                0x00000000       0x20 ..\obj\stm32f10x_rcc.o
 .text.RCC_LSICmd
                0x00000000        0xc ..\obj\stm32f10x_rcc.o
 .text.RCC_RTCCLKConfig
                0x00000000       0x10 ..\obj\stm32f10x_rcc.o
 .text.RCC_RTCCLKCmd
                0x00000000        0xc ..\obj\stm32f10x_rcc.o
 .text.RCC_GetClocksFreq
                0x00000000       0x98 ..\obj\stm32f10x_rcc.o
 .text.RCC_AHBPeriphClockCmd
                0x00000000       0x1c ..\obj\stm32f10x_rcc.o
 .text.RCC_APB2PeriphResetCmd
                0x00000000       0x1c ..\obj\stm32f10x_rcc.o
 .text.RCC_APB1PeriphResetCmd
                0x00000000       0x1c ..\obj\stm32f10x_rcc.o
 .text.RCC_BackupResetCmd
                0x00000000        0xc ..\obj\stm32f10x_rcc.o
 .text.RCC_ClockSecuritySystemCmd
                0x00000000        0xc ..\obj\stm32f10x_rcc.o
 .text.RCC_MCOConfig
                0x00000000        0xc ..\obj\stm32f10x_rcc.o
 .text.RCC_ClearFlag
                0x00000000       0x10 ..\obj\stm32f10x_rcc.o
 .text.RCC_GetITStatus
                0x00000000       0x14 ..\obj\stm32f10x_rcc.o
 .text.RCC_ClearITPendingBit
                0x00000000        0xc ..\obj\stm32f10x_rcc.o
 .text          0x00000000        0x0 ..\obj\stm32f10x_exti.o
 .data          0x00000000        0x0 ..\obj\stm32f10x_exti.o
 .bss           0x00000000        0x0 ..\obj\stm32f10x_exti.o
 .text.EXTI_DeInit
                0x00000000       0x1c ..\obj\stm32f10x_exti.o
 .text.EXTI_StructInit
                0x00000000       0x10 ..\obj\stm32f10x_exti.o
 .text.EXTI_GenerateSWInterrupt
                0x00000000       0x10 ..\obj\stm32f10x_exti.o
 .text.EXTI_GetFlagStatus
                0x00000000       0x14 ..\obj\stm32f10x_exti.o
 .text.EXTI_ClearFlag
                0x00000000        0xc ..\obj\stm32f10x_exti.o
 .text.EXTI_GetITStatus
                0x00000000       0x1c ..\obj\stm32f10x_exti.o
 .text          0x00000000        0x0 ..\obj\usb_sil.o
 .data          0x00000000        0x0 ..\obj\usb_sil.o
 .bss           0x00000000        0x0 ..\obj\usb_sil.o
 .text.USB_SIL_Read
                0x00000000       0x24 ..\obj\usb_sil.o
 .text          0x00000000        0x0 ..\obj\syscalls.o
 .data          0x00000000        0x0 ..\obj\syscalls.o
 .bss           0x00000000        0x4 ..\obj\syscalls.o
 .text._sbrk    0x00000000       0x1c ..\obj\syscalls.o
 .text.link     0x00000000        0x8 ..\obj\syscalls.o
 .text._close   0x00000000        0x8 ..\obj\syscalls.o
 .text._fstat   0x00000000        0xc ..\obj\syscalls.o
 .text._isatty  0x00000000        0x4 ..\obj\syscalls.o
 .text._lseek   0x00000000        0x4 ..\obj\syscalls.o
 .text._read    0x00000000        0x4 ..\obj\syscalls.o
 .text._write   0x00000000        0x4 ..\obj\syscalls.o
 .text.abort    0x00000000        0x4 ..\obj\syscalls.o
 .debug_info    0x00000000      0x3cf ..\obj\syscalls.o
 .debug_abbrev  0x00000000      0x147 ..\obj\syscalls.o
 .debug_loc     0x00000000       0xe7 ..\obj\syscalls.o
 .debug_aranges
                0x00000000       0x58 ..\obj\syscalls.o
 .debug_ranges  0x00000000       0x48 ..\obj\syscalls.o
 .debug_line    0x00000000      0x165 ..\obj\syscalls.o
 .debug_str     0x00000000      0x2f3 ..\obj\syscalls.o
 .comment       0x00000000       0x6f ..\obj\syscalls.o
 .debug_frame   0x00000000       0xa0 ..\obj\syscalls.o
 .ARM.attributes
                0x00000000       0x33 ..\obj\syscalls.o
 .text          0x00000000        0x0 ..\obj\stm32_it.o
 .data          0x00000000        0x0 ..\obj\stm32_it.o
 .bss           0x00000000        0x0 ..\obj\stm32_it.o
 .text          0x00000000        0x0 ..\obj\usb_endp.o
 .data          0x00000000        0x0 ..\obj\usb_endp.o
 .bss           0x00000000        0x0 ..\obj\usb_endp.o
 COMMON         0x00000000        0x9 ..\obj\usb_endp.o
 .text          0x00000000        0x0 ..\obj\misc.o
 .data          0x00000000        0x0 ..\obj\misc.o
 .bss           0x00000000        0x0 ..\obj\misc.o
 .text.NVIC_SetVectorTable
                0x00000000       0x14 ..\obj\misc.o
 .text.NVIC_SystemLPConfig
                0x00000000       0x18 ..\obj\misc.o
 .text.SysTick_CLKSourceConfig
                0x00000000       0x18 ..\obj\misc.o
 .text          0x00000000        0x0 ..\obj\usb_mem.o
 .data          0x00000000        0x0 ..\obj\usb_mem.o
 .bss           0x00000000        0x0 ..\obj\usb_mem.o
 .text          0x00000000        0x0 ..\obj\usb_istr.o
 .data          0x00000000        0x0 c:/program files/gnu tools arm embedded/5.3 2016q1/bin/../lib/gcc/arm-none-eabi/5.3.1/../../../../arm-none-eabi/lib/armv7-m\libg.a(lib_a-memcpy.o)
 .bss           0x00000000        0x0 c:/program files/gnu tools arm embedded/5.3 2016q1/bin/../lib/gcc/arm-none-eabi/5.3.1/../../../../arm-none-eabi/lib/armv7-m\libg.a(lib_a-memcpy.o)

Memory Configuration

Name             Origin             Length             Attributes
rom              0x08000000         0x00010000         xr
ram              0x20000000         0x00005000         xrw
*default*        0x00000000         0xffffffff

Linker script and memory map

                0x20005000                _eram = 0x20005000

.text           0x08000000     0x22c4
 *(.isr_vector)
 .isr_vector    0x08000000      0x10c ..\obj\startup_stm32f10x_md.o
                0x08000000                g_pfnVectors
 *(.text*)
 .text.Standard_GetConfiguration
                0x0800010c       0x28 ..\obj\usb_core.o
                0x0800010c                Standard_GetConfiguration
 .text.Standard_GetInterface
                0x08000134       0x28 ..\obj\usb_core.o
                0x08000134                Standard_GetInterface
 .text.Standard_GetStatus
                0x0800015c       0x8c ..\obj\usb_core.o
                0x0800015c                Standard_GetStatus
 .text.DataStageIn
                0x080001e8       0xb0 ..\obj\usb_core.o
 .text.Standard_ClearFeature
                0x08000298       0xd0 ..\obj\usb_core.o
                0x08000298                Standard_ClearFeature
 .text.Standard_SetEndPointFeature
                0x08000368       0x90 ..\obj\usb_core.o
                0x08000368                Standard_SetEndPointFeature
 .text.Standard_GetDescriptorData
                0x080003f8       0x1c ..\obj\usb_core.o
                0x080003f8                Standard_GetDescriptorData
 .text.Setup0_Process
                0x08000414      0x400 ..\obj\usb_core.o
                0x08000414                Setup0_Process
 .text.In0_Process
                0x08000814       0xc8 ..\obj\usb_core.o
                0x08000814                In0_Process
 .text.Out0_Process
                0x080008dc      0x108 ..\obj\usb_core.o
                0x080008dc                Out0_Process
 .text.SetDeviceAddress
                0x080009e4       0x40 ..\obj\usb_core.o
                0x080009e4                SetDeviceAddress
 .text.NOP_Process
                0x08000a24        0x4 ..\obj\usb_core.o
                0x08000a24                NOP_Process
 .text.CTR_LP   0x08000a28      0x180 ..\obj\usb_int.o
                0x08000a28                CTR_LP
 .text.SystemInit
                0x08000ba8      0x104 ..\obj\system_stm32f10x.o
                0x08000ba8                SystemInit
 .text.set_key_buf
                0x08000cac        0xc ..\obj\keycodes.o
                0x08000cac                set_key_buf
 .text.press_key_mod
                0x08000cb8       0x54 ..\obj\keycodes.o
                0x08000cb8                press_key_mod
 .text.SetBTABLE
                0x08000d0c       0x10 ..\obj\usb_regs.o
                0x08000d0c                SetBTABLE
 .text.SetEPType
                0x08000d1c       0x1c ..\obj\usb_regs.o
                0x08000d1c                SetEPType
 .text.SetEPTxStatus
                0x08000d38       0x34 ..\obj\usb_regs.o
                0x08000d38                SetEPTxStatus
 .text.SetEPRxStatus
                0x08000d6c       0x34 ..\obj\usb_regs.o
                0x08000d6c                SetEPRxStatus
 .text.SetEPTxValid
                0x08000da0       0x28 ..\obj\usb_regs.o
                0x08000da0                SetEPTxValid
 .text.SetEPRxValid
                0x08000dc8       0x28 ..\obj\usb_regs.o
                0x08000dc8                SetEPRxValid
 .text.Clear_Status_Out
                0x08000df0       0x20 ..\obj\usb_regs.o
                0x08000df0                Clear_Status_Out
 .text.ClearDTOG_RX
                0x08000e10       0x24 ..\obj\usb_regs.o
                0x08000e10                ClearDTOG_RX
 .text.ClearDTOG_TX
                0x08000e34       0x24 ..\obj\usb_regs.o
                0x08000e34                ClearDTOG_TX
 .text.SetEPTxAddr
                0x08000e58       0x20 ..\obj\usb_regs.o
                0x08000e58                SetEPTxAddr
 .text.SetEPRxAddr
                0x08000e78       0x20 ..\obj\usb_regs.o
                0x08000e78                SetEPRxAddr
 .text.GetEPTxAddr
                0x08000e98       0x20 ..\obj\usb_regs.o
                0x08000e98                GetEPTxAddr
 .text.GetEPRxAddr
                0x08000eb8       0x20 ..\obj\usb_regs.o
                0x08000eb8                GetEPRxAddr
 .text.SetEPTxCount
                0x08000ed8       0x1c ..\obj\usb_regs.o
                0x08000ed8                SetEPTxCount
 .text.SetEPRxCount
                0x08000ef4       0x44 ..\obj\usb_regs.o
                0x08000ef4                SetEPRxCount
 .text.ByteSwap
                0x08000f38        0xc ..\obj\usb_regs.o
                0x08000f38                ByteSwap
 .text.Default_Handler
                0x08000f44        0x4 ..\obj\startup_stm32f10x_md.o
                0x08000f44                EXTI2_IRQHandler
                0x08000f44                TIM1_CC_IRQHandler
                0x08000f44                PVD_IRQHandler
                0x08000f44                EXTI3_IRQHandler
                0x08000f44                EXTI0_IRQHandler
                0x08000f44                I2C2_EV_IRQHandler
                0x08000f44                ADC1_2_IRQHandler
                0x08000f44                SPI1_IRQHandler
                0x08000f44                TAMPER_IRQHandler
                0x08000f44                DMA1_Channel4_IRQHandler
                0x08000f44                USART3_IRQHandler
                0x08000f44                RTC_IRQHandler
                0x08000f44                DMA1_Channel7_IRQHandler
                0x08000f44                CAN1_RX1_IRQHandler
                0x08000f44                TIM4_IRQHandler
                0x08000f44                I2C1_EV_IRQHandler
                0x08000f44                DMA1_Channel6_IRQHandler
                0x08000f44                TIM3_IRQHandler
                0x08000f44                RCC_IRQHandler
                0x08000f44                TIM1_TRG_COM_IRQHandler
                0x08000f44                DMA1_Channel1_IRQHandler
                0x08000f44                EXTI15_10_IRQHandler
                0x08000f44                EXTI9_5_IRQHandler
                0x08000f44                SPI2_IRQHandler
                0x08000f44                DMA1_Channel5_IRQHandler
                0x08000f44                EXTI4_IRQHandler
                0x08000f44                USB_HP_CAN1_TX_IRQHandler
                0x08000f44                DMA1_Channel3_IRQHandler
                0x08000f44                TIM1_UP_IRQHandler
                0x08000f44                WWDG_IRQHandler
                0x08000f44                TIM2_IRQHandler
                0x08000f44                TIM1_BRK_IRQHandler
                0x08000f44                EXTI1_IRQHandler
                0x08000f44                RTCAlarm_IRQHandler
                0x08000f44                USART2_IRQHandler
                0x08000f44                I2C2_ER_IRQHandler
                0x08000f44                DMA1_Channel2_IRQHandler
                0x08000f44                CAN1_SCE_IRQHandler
                0x08000f44                FLASH_IRQHandler
                0x08000f44                USART1_IRQHandler
                0x08000f44                I2C1_ER_IRQHandler
 .text.Default_Reset_Handler
                0x08000f48       0x4c ..\obj\startup_stm32f10x_md.o
                0x08000f48                Default_Reset_Handler
                0x08000f48                Reset_Handler
 .text.Set_System
                0x08000f94       0x54 ..\obj\hw_config.o
                0x08000f94                Set_System
 .text.Set_USBClock
                0x08000fe8       0x18 ..\obj\hw_config.o
                0x08000fe8                Set_USBClock
 .text.Leave_LowPowerMode
                0x08001000       0x24 ..\obj\hw_config.o
                0x08001000                Leave_LowPowerMode
 .text.USB_Interrupts_Config
                0x08001024       0x40 ..\obj\hw_config.o
                0x08001024                USB_Interrupts_Config
 .text.USB_Cable_Config
                0x08001064       0x18 ..\obj\hw_config.o
                0x08001064                USB_Cable_Config
 .text.Get_SerialNum
                0x0800107c      0x114 ..\obj\hw_config.o
                0x0800107c                Get_SerialNum
 .text.GPIO_Init
                0x08001190      0x3cc ..\obj\stm32f10x_gpio.o
                0x08001190                GPIO_Init
 .text.GPIO_SetBits
                0x0800155c        0x4 ..\obj\stm32f10x_gpio.o
                0x0800155c                GPIO_SetBits
 .text.GPIO_ResetBits
                0x08001560        0x4 ..\obj\stm32f10x_gpio.o
                0x08001560                GPIO_ResetBits
 .text.HID_SetConfiguration
                0x08001564       0x18 ..\obj\usb_prop.o
                0x08001564                HID_SetConfiguration
 .text.HID_SetDeviceAddress
                0x0800157c        0xc ..\obj\usb_prop.o
                0x0800157c                HID_SetDeviceAddress
 .text.HID_Status_In
                0x08001588       0x18 ..\obj\usb_prop.o
                0x08001588                HID_Status_In
 .text.HID_Status_Out
                0x080015a0        0x4 ..\obj\usb_prop.o
                0x080015a0                HID_Status_Out
 .text.HID_Data_Setup
                0x080015a4       0x6c ..\obj\usb_prop.o
                0x080015a4                HID_Data_Setup
 .text.HID_SetReport_Feature
                0x08001610       0x18 ..\obj\usb_prop.o
                0x08001610                HID_SetReport_Feature
 .text.HID_NoData_Setup
                0x08001628       0x28 ..\obj\usb_prop.o
                0x08001628                HID_NoData_Setup
 .text.HID_Get_Interface_Setting
                0x08001650       0x10 ..\obj\usb_prop.o
                0x08001650                HID_Get_Interface_Setting
 .text.HID_GetProtocolValue
                0x08001660       0x18 ..\obj\usb_prop.o
                0x08001660                HID_GetProtocolValue
 .text.HID_init
                0x08001678       0x24 ..\obj\usb_prop.o
                0x08001678                HID_init
 .text.HID_Reset
                0x0800169c       0xb0 ..\obj\usb_prop.o
                0x0800169c                HID_Reset
 .text.HID_GetDeviceDescriptor
                0x0800174c        0xc ..\obj\usb_prop.o
                0x0800174c                HID_GetDeviceDescriptor
 .text.HID_GetConfigDescriptor
                0x08001758        0xc ..\obj\usb_prop.o
                0x08001758                HID_GetConfigDescriptor
 .text.HID_GetStringDescriptor
                0x08001764       0x20 ..\obj\usb_prop.o
                0x08001764                HID_GetStringDescriptor
 .text.HID_GetReportDescriptor
                0x08001784        0xc ..\obj\usb_prop.o
                0x08001784                HID_GetReportDescriptor
 .text.HID_GetHIDDescriptor
                0x08001790        0xc ..\obj\usb_prop.o
                0x08001790                HID_GetHIDDescriptor
 .text.PowerOn  0x0800179c       0x30 ..\obj\usb_pwr.o
                0x0800179c                PowerOn
 .text.Suspend  0x080017cc      0x124 ..\obj\usb_pwr.o
                0x080017cc                Suspend
 .text.Resume   0x080018f0       0xe4 ..\obj\usb_pwr.o
                0x080018f0                Resume
 .text.USB_Init
                0x080019d4       0x38 ..\obj\usb_init.o
                0x080019d4                USB_Init
 .text.SetSysClockTo72
                0x08001a0c       0x5c ..\obj\main.o
                0x08001a0c                SetSysClockTo72
 .text.startup.main
                0x08001a68       0xc4 ..\obj\main.o
                0x08001a68                main
 .text.RCC_DeInit
                0x08001b2c       0x40 ..\obj\stm32f10x_rcc.o
                0x08001b2c                RCC_DeInit
 .text.RCC_HSEConfig
                0x08001b6c       0x38 ..\obj\stm32f10x_rcc.o
                0x08001b6c                RCC_HSEConfig
 .text.RCC_WaitForHSEStartUp
                0x08001ba4       0x34 ..\obj\stm32f10x_rcc.o
                0x08001ba4                RCC_WaitForHSEStartUp
 .text.RCC_PLLConfig
                0x08001bd8       0x14 ..\obj\stm32f10x_rcc.o
                0x08001bd8                RCC_PLLConfig
 .text.RCC_PLLCmd
                0x08001bec        0xc ..\obj\stm32f10x_rcc.o
                0x08001bec                RCC_PLLCmd
 .text.RCC_SYSCLKConfig
                0x08001bf8       0x14 ..\obj\stm32f10x_rcc.o
                0x08001bf8                RCC_SYSCLKConfig
 .text.RCC_GetSYSCLKSource
                0x08001c0c       0x10 ..\obj\stm32f10x_rcc.o
                0x08001c0c                RCC_GetSYSCLKSource
 .text.RCC_HCLKConfig
                0x08001c1c       0x14 ..\obj\stm32f10x_rcc.o
                0x08001c1c                RCC_HCLKConfig
 .text.RCC_PCLK1Config
                0x08001c30       0x14 ..\obj\stm32f10x_rcc.o
                0x08001c30                RCC_PCLK1Config
 .text.RCC_PCLK2Config
                0x08001c44       0x14 ..\obj\stm32f10x_rcc.o
                0x08001c44                RCC_PCLK2Config
 .text.RCC_USBCLKConfig
                0x08001c58        0xc ..\obj\stm32f10x_rcc.o
                0x08001c58                RCC_USBCLKConfig
 .text.RCC_APB2PeriphClockCmd
                0x08001c64       0x1c ..\obj\stm32f10x_rcc.o
                0x08001c64                RCC_APB2PeriphClockCmd
 .text.RCC_APB1PeriphClockCmd
                0x08001c80       0x1c ..\obj\stm32f10x_rcc.o
                0x08001c80                RCC_APB1PeriphClockCmd
 .text.RCC_GetFlagStatus
                0x08001c9c       0x34 ..\obj\stm32f10x_rcc.o
                0x08001c9c                RCC_GetFlagStatus
 .text.EXTI_Init
                0x08001cd0       0x7c ..\obj\stm32f10x_exti.o
                0x08001cd0                EXTI_Init
 .text.EXTI_ClearITPendingBit
                0x08001d4c        0xc ..\obj\stm32f10x_exti.o
                0x08001d4c                EXTI_ClearITPendingBit
 .text.USB_SIL_Init
                0x08001d58       0x24 ..\obj\usb_sil.o
                0x08001d58                USB_SIL_Init
 .text.USB_SIL_Write
                0x08001d7c       0x28 ..\obj\usb_sil.o
                0x08001d7c                USB_SIL_Write
 .text.NMI_Handler
                0x08001da4        0x4 ..\obj\stm32_it.o
                0x08001da4                NMI_Handler
 .text.HardFault_Handler
                0x08001da8        0x4 ..\obj\stm32_it.o
                0x08001da8                HardFault_Handler
 .text.MemManage_Handler
                0x08001dac        0x4 ..\obj\stm32_it.o
                0x08001dac                MemManage_Handler
 .text.BusFault_Handler
                0x08001db0        0x4 ..\obj\stm32_it.o
                0x08001db0                BusFault_Handler
 .text.UsageFault_Handler
                0x08001db4        0x4 ..\obj\stm32_it.o
                0x08001db4                UsageFault_Handler
 .text.SVC_Handler
                0x08001db8        0x4 ..\obj\stm32_it.o
                0x08001db8                SVC_Handler
 .text.DebugMon_Handler
                0x08001dbc        0x4 ..\obj\stm32_it.o
                0x08001dbc                DebugMon_Handler
 .text.PendSV_Handler
                0x08001dc0        0x4 ..\obj\stm32_it.o
                0x08001dc0                PendSV_Handler
 .text.SysTick_Handler
                0x08001dc4        0x4 ..\obj\stm32_it.o
                0x08001dc4                SysTick_Handler
 .text.USB_LP_CAN1_RX0_IRQHandler
                0x08001dc8        0x4 ..\obj\stm32_it.o
                0x08001dc8                USB_LP_CAN1_RX0_IRQHandler
 .text.USBWakeUp_IRQHandler
                0x08001dcc        0x8 ..\obj\stm32_it.o
                0x08001dcc                USBWakeUp_IRQHandler
 .text.EP1_OUT_Callback
                0x08001dd4        0xc ..\obj\usb_endp.o
                0x08001dd4                EP1_OUT_Callback
 .text.EP1_IN_Callback
                0x08001de0        0xc ..\obj\usb_endp.o
                0x08001de0                EP1_IN_Callback
 .text.NVIC_PriorityGroupConfig
                0x08001dec       0x14 ..\obj\misc.o
                0x08001dec                NVIC_PriorityGroupConfig
 .text.NVIC_Init
                0x08001e00       0x6c ..\obj\misc.o
                0x08001e00                NVIC_Init
 .text.UserToPMABufferCopy
                0x08001e6c       0x28 ..\obj\usb_mem.o
                0x08001e6c                UserToPMABufferCopy
 .text.PMAToUserBufferCopy
                0x08001e94       0x20 ..\obj\usb_mem.o
                0x08001e94                PMAToUserBufferCopy
 .text.USB_Istr
                0x08001eb4      0x1dc ..\obj\usb_istr.o
                0x08001eb4                USB_Istr
 .text          0x08002090       0xec c:/program files/gnu tools arm embedded/5.3 2016q1/bin/../lib/gcc/arm-none-eabi/5.3.1/../../../../arm-none-eabi/lib/armv7-m\libg.a(lib_a-memcpy.o)
                0x08002090                memcpy
 *(.init)
 *(.fini)
 *crtbegin.o(.ctors)
 *crtbegin?.o(.ctors)
 *(EXCLUDE_FILE(*crtend.o *crtend?.o) .ctors)
 *(SORT(.ctors.*))
 *(.ctors)
 *crtbegin.o(.dtors)
 *crtbegin?.o(.dtors)
 *(EXCLUDE_FILE(*crtend.o *crtend?.o) .dtors)
 *(SORT(.dtors.*))
 *(.dtors)
 *(.rodata*)
 .rodata        0x0800217c       0x5f ..\obj\keycodes.o
 *fill*         0x080021db        0x1 
 .rodata        0x080021dc       0xda ..\obj\usb_desc.o
                0x080021dc                RHID_StringProduct
                0x080021f4                RHID_StringVendor
                0x08002200                RHID_StringLangID
                0x08002204                RHID_ReportDescriptor
                0x08002278                RHID_ConfigDescriptor
                0x080022a4                RHID_DeviceDescriptor
 *fill*         0x080022b6        0x2 
 .rodata.str1.4
                0x080022b8        0xc ..\obj\main.o
                                  0x9 (size before relaxing)
 *(.eh_fram e*)

.glue_7         0x080022c4        0x0
 .glue_7        0x080022c4        0x0 linker stubs

.glue_7t        0x080022c4        0x0
 .glue_7t       0x080022c4        0x0 linker stubs

.vfp11_veneer   0x080022c4        0x0
 .vfp11_veneer  0x080022c4        0x0 linker stubs

.v4_bx          0x080022c4        0x0
 .v4_bx         0x080022c4        0x0 linker stubs

.iplt           0x080022c4        0x0
 .iplt          0x080022c4        0x0 ..\obj\usb_core.o

.rel.dyn        0x080022c4        0x0
 .rel.iplt      0x080022c4        0x0 ..\obj\usb_core.o

.ARM.extab
 *(.ARM.extab* .gnu.linkonce.armextab.*)
                0x080022c4                __exidx_start = .

.ARM.exidx
 *(.ARM.exidx* .gnu.linkonce.armexidx.*)
                0x080022c4                __exidx_end = .
                0x080022c4                __etext = .
                0x080022c4                _sidata = __etext

.data           0x20000000       0xf8 load address 0x080022c4
                0x20000000                __data_start__ = .
                0x20000000                _sdata = __data_start__
 *(vtable)
 *(.data*)
 .data          0x20000000        0x9 ..\obj\keycodes.o
                0x20000000                key_buf
 *fill*         0x20000009        0x3 
 .data          0x2000000c       0x1a ..\obj\usb_desc.o
                0x2000000c                RHID_StringSerial
 *fill*         0x20000026        0x2 
 .data          0x20000028       0x96 ..\obj\usb_prop.o
                0x20000028                Device_Property
                0x20000058                Device_Descriptor
                0x20000060                Config_Descriptor
                0x20000068                String_Descriptor
                0x20000088                RHID_Report_Descriptor
                0x20000090                RHID_Hid_Descriptor
                0x20000098                User_Standard_Requests
                0x200000bc                Device_Table
 .data          0x200000be        0x1 ..\obj\usb_pwr.o
                0x200000be                fSuspendEnabled
 .data          0x200000bf        0x1 ..\obj\main.o
                0x200000bf                PrevXferComplete
 .data          0x200000c0       0x38 ..\obj\usb_istr.o
                0x200000c0                pEpInt_OUT
                0x200000dc                pEpInt_IN
                0x200000f8                . = ALIGN (0x4)
                [!provide]                PROVIDE (__preinit_array_start, .)
 *(.preinit_array)
                [!provide]                PROVIDE (__preinit_array_end, .)
                0x200000f8                . = ALIGN (0x4)
                [!provide]                PROVIDE (__init_array_start, .)
 *(SORT(.init_array.*))
 *(.init_array)
                [!provide]                PROVIDE (__init_array_end, .)
                0x200000f8                . = ALIGN (0x4)
                [!provide]                PROVIDE (__fini_array_start, .)
 *(SORT(.fini_array.*))
 *(.fini_array)
                [!provide]                PROVIDE (__fini_array_end, .)
 *(.jcr*)
                0x200000f8                . = ALIGN (0x4)
                0x200000f8                __data_end__ = .
                0x200000f8                _edata = __data_end__

.igot.plt       0x200000f8        0x0 load address 0x080023bc
 .igot.plt      0x200000f8        0x0 ..\obj\usb_core.o

.bss            0x200000f8       0xd4 load address 0x080023bc
                0x200000f8                . = ALIGN (0x4)
                0x200000f8                __bss_start__ = .
                0x200000f8                _sbss = __bss_start__
 *(.bss*)
 .bss           0x200000f8        0x1 ..\obj\usb_core.o
                0x200000f8                Data_Mul_MaxPacketSize
 .bss           0x200000f9        0x1 ..\obj\usb_prop.o
                0x200000f9                Request
 *fill*         0x200000fa        0x2 
 .bss           0x200000fc        0x8 ..\obj\usb_pwr.o
                0x200000fc                remotewakeupon
                0x20000100                bDeviceState
 .bss           0x20000104        0xc ..\obj\usb_istr.o
                0x20000104                bIntPackSOF
                0x20000108                esof_counter
                0x2000010c                wCNTR
 *(COMMON)
 COMMON         0x20000110        0x2 ..\obj\usb_core.o
                0x20000110                StatusInfo
 COMMON         0x20000112        0x4 ..\obj\usb_int.o
                0x20000112                SaveRState
                0x20000114                SaveTState
 *fill*         0x20000116        0x2 
 COMMON         0x20000118       0x14 ..\obj\hw_config.o
                0x20000118                HSEStartUpStatus
                0x2000011c                Buffer
                0x20000124                EXTI_InitStructure
 COMMON         0x2000012c       0x45 ..\obj\usb_prop.o
                0x2000012c                ProtocolValue
                0x20000130                Report_Buf
                0x20000170                EXTI_Enable
 *fill*         0x20000171        0x3 
 COMMON         0x20000174       0x24 ..\obj\usb_pwr.o
                0x20000174                ResumeS
                0x20000178                EP
 COMMON         0x20000198       0x32 ..\obj\usb_init.o
                0x20000198                SaveState
                0x2000019c                pProperty
                0x200001a0                EPindex
                0x200001a4                Device_Info
                0x200001c0                pUser_Standard_Requests
                0x200001c4                pInformation
                0x200001c8                wInterrupt_Mask
 COMMON         0x200001ca        0x2 ..\obj\usb_istr.o
                0x200001ca                wIstr
                0x200001cc                . = ALIGN (0x4)
                0x200001cc                __bss_end__ = .
                0x200001cc                _ebss = __bss_end__

.heap           0x200001cc        0x0
                0x200001cc                __end__ = .
                0x200001cc                _end = __end__
                0x200001cc                end = __end__
 *(.heap*)
                0x200001cc                __HeapLimit = .

.co_stack       0x200001cc      0x404 load address 0x08002490
                0x200001d0                . = ALIGN (0x8)
 *fill*         0x200001cc        0x4 
 *(.co_stack .co_stack.*)
 .co_stack      0x200001d0      0x400 ..\obj\startup_stm32f10x_md.o
                0x200001d0                pulStack
                0x20005000                __StackTop = (ORIGIN (ram) + LENGTH (ram))
                0x20004bfc                __StackLimit = (__StackTop - SIZEOF (.co_stack))
                [!provide]                PROVIDE (__stack, __StackTop)
                0x00000001                ASSERT ((__StackLimit >= __HeapLimit), region ram  overflowed with stack)
LOAD ..\obj\usb_core.o
LOAD ..\obj\usb_int.o
LOAD ..\obj\system_stm32f10x.o
LOAD ..\obj\keycodes.o
LOAD ..\obj\usb_desc.o
LOAD ..\obj\usb_regs.o
LOAD ..\obj\stm32f10x_pwr.o
LOAD ..\obj\startup_stm32f10x_md.o
LOAD ..\obj\hw_config.o
LOAD ..\obj\stm32f10x_gpio.o
LOAD ..\obj\usb_prop.o
LOAD ..\obj\usb_pwr.o
LOAD ..\obj\usb_init.o
LOAD ..\obj\main.o
LOAD ..\obj\stm32f10x_rcc.o
LOAD ..\obj\stm32f10x_exti.o
LOAD ..\obj\usb_sil.o
LOAD ..\obj\syscalls.o
LOAD ..\obj\stm32_it.o
LOAD ..\obj\usb_endp.o
LOAD ..\obj\misc.o
LOAD ..\obj\usb_mem.o
LOAD ..\obj\usb_istr.o
START GROUP
LOAD c:/program files/gnu tools arm embedded/5.3 2016q1/bin/../lib/gcc/arm-none-eabi/5.3.1/armv7-m\libgcc.a
LOAD c:/program files/gnu tools arm embedded/5.3 2016q1/bin/../lib/gcc/arm-none-eabi/5.3.1/../../../../arm-none-eabi/lib/armv7-m\libg.a
LOAD c:/program files/gnu tools arm embedded/5.3 2016q1/bin/../lib/gcc/arm-none-eabi/5.3.1/../../../../arm-none-eabi/lib/armv7-m\libc.a
END GROUP
OUTPUT(Example_USB_Keyboard.elf elf32-littlearm)

.debug_info     0x00000000     0x7597
 .debug_info    0x00000000      0xf17 ..\obj\usb_core.o
 .debug_info    0x00000f17      0x1fe ..\obj\usb_int.o
 .debug_info    0x00001115      0x4c4 ..\obj\system_stm32f10x.o
 .debug_info    0x000015d9      0x15a ..\obj\keycodes.o
 .debug_info    0x00001733      0x1ae ..\obj\usb_desc.o
 .debug_info    0x000018e1      0xbc8 ..\obj\usb_regs.o
 .debug_info    0x000024a9      0x122 ..\obj\startup_stm32f10x_md.o
 .debug_info    0x000025cb      0xa83 ..\obj\hw_config.o
 .debug_info    0x0000304e      0x88f ..\obj\stm32f10x_gpio.o
 .debug_info    0x000038dd      0xcba ..\obj\usb_prop.o
 .debug_info    0x00004597      0x65a ..\obj\usb_pwr.o
 .debug_info    0x00004bf1      0x454 ..\obj\usb_init.o
 .debug_info    0x00005045      0x83b ..\obj\main.o
 .debug_info    0x00005880      0x942 ..\obj\stm32f10x_rcc.o
 .debug_info    0x000061c2      0x343 ..\obj\stm32f10x_exti.o
 .debug_info    0x00006505      0x254 ..\obj\usb_sil.o
 .debug_info    0x00006759      0x163 ..\obj\stm32_it.o
 .debug_info    0x000068bc      0x126 ..\obj\usb_endp.o
 .debug_info    0x000069e2      0x55c ..\obj\misc.o
 .debug_info    0x00006f3e      0x1e0 ..\obj\usb_mem.o
 .debug_info    0x0000711e      0x479 ..\obj\usb_istr.o

.debug_abbrev   0x00000000     0x2265
 .debug_abbrev  0x00000000      0x3ee ..\obj\usb_core.o
 .debug_abbrev  0x000003ee       0xf9 ..\obj\usb_int.o
 .debug_abbrev  0x000004e7      0x16e ..\obj\system_stm32f10x.o
 .debug_abbrev  0x00000655       0xb5 ..\obj\keycodes.o
 .debug_abbrev  0x0000070a       0x73 ..\obj\usb_desc.o
 .debug_abbrev  0x0000077d      0x231 ..\obj\usb_regs.o
 .debug_abbrev  0x000009ae       0xdf ..\obj\startup_stm32f10x_md.o
 .debug_abbrev  0x00000a8d      0x31b ..\obj\hw_config.o
 .debug_abbrev  0x00000da8      0x200 ..\obj\stm32f10x_gpio.o
 .debug_abbrev  0x00000fa8      0x299 ..\obj\usb_prop.o
 .debug_abbrev  0x00001241      0x282 ..\obj\usb_pwr.o
 .debug_abbrev  0x000014c3      0x11d ..\obj\usb_init.o
 .debug_abbrev  0x000015e0      0x234 ..\obj\main.o
 .debug_abbrev  0x00001814      0x26e ..\obj\stm32f10x_rcc.o
 .debug_abbrev  0x00001a82      0x19f ..\obj\stm32f10x_exti.o
 .debug_abbrev  0x00001c21      0x101 ..\obj\usb_sil.o
 .debug_abbrev  0x00001d22       0xdc ..\obj\stm32_it.o
 .debug_abbrev  0x00001dfe       0xde ..\obj\usb_endp.o
 .debug_abbrev  0x00001edc      0x156 ..\obj\misc.o
 .debug_abbrev  0x00002032       0x9d ..\obj\usb_mem.o
 .debug_abbrev  0x000020cf      0x196 ..\obj\usb_istr.o

.debug_loc      0x00000000     0x4325
 .debug_loc     0x00000000      0xa77 ..\obj\usb_core.o
 .debug_loc     0x00000a77       0xa7 ..\obj\usb_int.o
 .debug_loc     0x00000b1e       0xbc ..\obj\system_stm32f10x.o
 .debug_loc     0x00000bda      0x170 ..\obj\keycodes.o
 .debug_loc     0x00000d4a      0xa22 ..\obj\usb_regs.o
 .debug_loc     0x0000176c      0x23d ..\obj\hw_config.o
 .debug_loc     0x000019a9     0x1532 ..\obj\stm32f10x_gpio.o
 .debug_loc     0x00002edb      0x26a ..\obj\usb_prop.o
 .debug_loc     0x00003145      0x1ed ..\obj\usb_pwr.o
 .debug_loc     0x00003332      0x101 ..\obj\main.o
 .debug_loc     0x00003433      0x739 ..\obj\stm32f10x_rcc.o
 .debug_loc     0x00003b6c      0x1dc ..\obj\stm32f10x_exti.o
 .debug_loc     0x00003d48       0xcf ..\obj\usb_sil.o
 .debug_loc     0x00003e17      0x193 ..\obj\misc.o
 .debug_loc     0x00003faa      0x283 ..\obj\usb_mem.o
 .debug_loc     0x0000422d       0xf8 ..\obj\usb_istr.o

.debug_aranges  0x00000000      0x7d8
 .debug_aranges
                0x00000000       0x98 ..\obj\usb_core.o
 .debug_aranges
                0x00000098       0x28 ..\obj\usb_int.o
 .debug_aranges
                0x000000c0       0x28 ..\obj\system_stm32f10x.o
 .debug_aranges
                0x000000e8       0x28 ..\obj\keycodes.o
 .debug_aranges
                0x00000110       0x18 ..\obj\usb_desc.o
 .debug_aranges
                0x00000128      0x1a0 ..\obj\usb_regs.o
 .debug_aranges
                0x000002c8       0x28 ..\obj\startup_stm32f10x_md.o
 .debug_aranges
                0x000002f0       0x60 ..\obj\hw_config.o
 .debug_aranges
                0x00000350       0xa8 ..\obj\stm32f10x_gpio.o
 .debug_aranges
                0x000003f8       0xa0 ..\obj\usb_prop.o
 .debug_aranges
                0x00000498       0x40 ..\obj\usb_pwr.o
 .debug_aranges
                0x000004d8       0x20 ..\obj\usb_init.o
 .debug_aranges
                0x000004f8       0x48 ..\obj\main.o
 .debug_aranges
                0x00000540      0x118 ..\obj\stm32f10x_rcc.o
 .debug_aranges
                0x00000658       0x50 ..\obj\stm32f10x_exti.o
 .debug_aranges
                0x000006a8       0x30 ..\obj\usb_sil.o
 .debug_aranges
                0x000006d8       0x50 ..\obj\stm32_it.o
 .debug_aranges
                0x00000728       0x28 ..\obj\usb_endp.o
 .debug_aranges
                0x00000750       0x40 ..\obj\misc.o
 .debug_aranges
                0x00000790       0x28 ..\obj\usb_mem.o
 .debug_aranges
                0x000007b8       0x20 ..\obj\usb_istr.o

.debug_ranges   0x00000000      0xb70
 .debug_ranges  0x00000000      0x1e8 ..\obj\usb_core.o
 .debug_ranges  0x000001e8       0x30 ..\obj\usb_int.o
 .debug_ranges  0x00000218       0x40 ..\obj\system_stm32f10x.o
 .debug_ranges  0x00000258       0x18 ..\obj\keycodes.o
 .debug_ranges  0x00000270      0x3a8 ..\obj\usb_regs.o
 .debug_ranges  0x00000618       0x18 ..\obj\startup_stm32f10x_md.o
 .debug_ranges  0x00000630       0xa0 ..\obj\hw_config.o
 .debug_ranges  0x000006d0       0x98 ..\obj\stm32f10x_gpio.o
 .debug_ranges  0x00000768       0xa8 ..\obj\usb_prop.o
 .debug_ranges  0x00000810       0x68 ..\obj\usb_pwr.o
 .debug_ranges  0x00000878       0x10 ..\obj\usb_init.o
 .debug_ranges  0x00000888       0xb0 ..\obj\main.o
 .debug_ranges  0x00000938      0x128 ..\obj\stm32f10x_rcc.o
 .debug_ranges  0x00000a60       0x40 ..\obj\stm32f10x_exti.o
 .debug_ranges  0x00000aa0       0x20 ..\obj\usb_sil.o
 .debug_ranges  0x00000ac0       0x40 ..\obj\stm32_it.o
 .debug_ranges  0x00000b00       0x18 ..\obj\usb_endp.o
 .debug_ranges  0x00000b18       0x30 ..\obj\misc.o
 .debug_ranges  0x00000b48       0x18 ..\obj\usb_mem.o
 .debug_ranges  0x00000b60       0x10 ..\obj\usb_istr.o

.debug_line     0x00000000     0x3d99
 .debug_line    0x00000000      0x606 ..\obj\usb_core.o
 .debug_line    0x00000606      0x231 ..\obj\usb_int.o
 .debug_line    0x00000837      0x210 ..\obj\system_stm32f10x.o
 .debug_line    0x00000a47      0x167 ..\obj\keycodes.o
 .debug_line    0x00000bae      0x174 ..\obj\usb_desc.o
 .debug_line    0x00000d22      0x577 ..\obj\usb_regs.o
 .debug_line    0x00001299       0xa1 ..\obj\startup_stm32f10x_md.o
 .debug_line    0x0000133a      0x498 ..\obj\hw_config.o
 .debug_line    0x000017d2      0x4ea ..\obj\stm32f10x_gpio.o
 .debug_line    0x00001cbc      0x403 ..\obj\usb_prop.o
 .debug_line    0x000020bf      0x36a ..\obj\usb_pwr.o
 .debug_line    0x00002429      0x19d ..\obj\usb_init.o
 .debug_line    0x000025c6      0x38a ..\obj\main.o
 .debug_line    0x00002950      0x4f5 ..\obj\stm32f10x_rcc.o
 .debug_line    0x00002e45      0x2b7 ..\obj\stm32f10x_exti.o
 .debug_line    0x000030fc      0x1e1 ..\obj\usb_sil.o
 .debug_line    0x000032dd      0x272 ..\obj\stm32_it.o
 .debug_line    0x0000354f      0x1a5 ..\obj\usb_endp.o
 .debug_line    0x000036f4      0x275 ..\obj\misc.o
 .debug_line    0x00003969      0x1bd ..\obj\usb_mem.o
 .debug_line    0x00003b26      0x273 ..\obj\usb_istr.o

.debug_str      0x00000000     0x28ab
 .debug_str     0x00000000      0x97a ..\obj\usb_core.o
                                0xb02 (size before relaxing)
 .debug_str     0x0000097a       0x89 ..\obj\usb_int.o
                                0x232 (size before relaxing)
 .debug_str     0x00000a03      0x186 ..\obj\system_stm32f10x.o
                                0x301 (size before relaxing)
 .debug_str     0x00000b89       0x5d ..\obj\keycodes.o
                                0x185 (size before relaxing)
 .debug_str     0x00000be6       0xdd ..\obj\usb_desc.o
                                0x217 (size before relaxing)
 .debug_str     0x00000cc3      0x342 ..\obj\usb_regs.o
                                0x50b (size before relaxing)
 .debug_str     0x00001005       0xc6 ..\obj\startup_stm32f10x_md.o
                                0x168 (size before relaxing)
 .debug_str     0x000010cb      0x804 ..\obj\hw_config.o
                                0xac4 (size before relaxing)
 .debug_str     0x000018cf      0x26b ..\obj\stm32f10x_gpio.o
                                0x542 (size before relaxing)
 .debug_str     0x00001b3a      0x2ae ..\obj\usb_prop.o
                                0xaf8 (size before relaxing)
 .debug_str     0x00001de8      0x15b ..\obj\usb_pwr.o
                                0x438 (size before relaxing)
 .debug_str     0x00001f43       0x65 ..\obj\usb_init.o
                                0x54b (size before relaxing)
 .debug_str     0x00001fa8      0x134 ..\obj\main.o
                                0x3c8 (size before relaxing)
 .debug_str     0x000020dc      0x2d4 ..\obj\stm32f10x_rcc.o
                                0x62c (size before relaxing)
 .debug_str     0x000023b0       0xdf ..\obj\stm32f10x_exti.o
                                0x34c (size before relaxing)
 .debug_str     0x0000248f       0x99 ..\obj\usb_sil.o
                                0x273 (size before relaxing)
 .debug_str     0x00002528       0xcb ..\obj\stm32_it.o
                                0x21e (size before relaxing)
 .debug_str     0x000025f3       0x82 ..\obj\usb_endp.o
                                0x1db (size before relaxing)
 .debug_str     0x00002675      0x14a ..\obj\misc.o
                                0x3d0 (size before relaxing)
 .debug_str     0x000027bf       0x81 ..\obj\usb_mem.o
                                0x20b (size before relaxing)
 .debug_str     0x00002840       0x6b ..\obj\usb_istr.o
                                0x450 (size before relaxing)

.comment        0x00000000       0x6e
 .comment       0x00000000       0x6e ..\obj\usb_core.o
                                 0x6f (size before relaxing)
 .comment       0x0000006e       0x6f ..\obj\usb_int.o
 .comment       0x0000006e       0x6f ..\obj\system_stm32f10x.o
 .comment       0x0000006e       0x6f ..\obj\keycodes.o
 .comment       0x0000006e       0x6f ..\obj\usb_desc.o
 .comment       0x0000006e       0x6f ..\obj\usb_regs.o
 .comment       0x0000006e       0x6f ..\obj\startup_stm32f10x_md.o
 .comment       0x0000006e       0x6f ..\obj\hw_config.o
 .comment       0x0000006e       0x6f ..\obj\stm32f10x_gpio.o
 .comment       0x0000006e       0x6f ..\obj\usb_prop.o
 .comment       0x0000006e       0x6f ..\obj\usb_pwr.o
 .comment       0x0000006e       0x6f ..\obj\usb_init.o
 .comment       0x0000006e       0x6f ..\obj\main.o
 .comment       0x0000006e       0x6f ..\obj\stm32f10x_rcc.o
 .comment       0x0000006e       0x6f ..\obj\stm32f10x_exti.o
 .comment       0x0000006e       0x6f ..\obj\usb_sil.o
 .comment       0x0000006e       0x6f ..\obj\stm32_it.o
 .comment       0x0000006e       0x6f ..\obj\usb_endp.o
 .comment       0x0000006e       0x6f ..\obj\misc.o
 .comment       0x0000006e       0x6f ..\obj\usb_mem.o
 .comment       0x0000006e       0x6f ..\obj\usb_istr.o

.ARM.attributes
                0x00000000       0x31
 .ARM.attributes
                0x00000000       0x33 ..\obj\usb_core.o
 .ARM.attributes
                0x00000033       0x33 ..\obj\usb_int.o
 .ARM.attributes
                0x00000066       0x33 ..\obj\system_stm32f10x.o
 .ARM.attributes
                0x00000099       0x33 ..\obj\keycodes.o
 .ARM.attributes
                0x000000cc       0x33 ..\obj\usb_desc.o
 .ARM.attributes
                0x000000ff       0x33 ..\obj\usb_regs.o
 .ARM.attributes
                0x00000132       0x33 ..\obj\startup_stm32f10x_md.o
 .ARM.attributes
                0x00000165       0x33 ..\obj\hw_config.o
 .ARM.attributes
                0x00000198       0x33 ..\obj\stm32f10x_gpio.o
 .ARM.attributes
                0x000001cb       0x33 ..\obj\usb_prop.o
 .ARM.attributes
                0x000001fe       0x33 ..\obj\usb_pwr.o
 .ARM.attributes
                0x00000231       0x33 ..\obj\usb_init.o
 .ARM.attributes
                0x00000264       0x33 ..\obj\main.o
 .ARM.attributes
                0x00000297       0x33 ..\obj\stm32f10x_rcc.o
 .ARM.attributes
                0x000002ca       0x33 ..\obj\stm32f10x_exti.o
 .ARM.attributes
                0x000002fd       0x33 ..\obj\usb_sil.o
 .ARM.attributes
                0x00000330       0x33 ..\obj\stm32_it.o
 .ARM.attributes
                0x00000363       0x33 ..\obj\usb_endp.o
 .ARM.attributes
                0x00000396       0x33 ..\obj\misc.o
 .ARM.attributes
                0x000003c9       0x33 ..\obj\usb_mem.o
 .ARM.attributes
                0x000003fc       0x33 ..\obj\usb_istr.o
 .ARM.attributes
                0x0000042f       0x1b c:/program files/gnu tools arm embedded/5.3 2016q1/bin/../lib/gcc/arm-none-eabi/5.3.1/../../../../arm-none-eabi/lib/armv7-m\libg.a(lib_a-memcpy.o)

.debug_frame    0x00000000     0x1128
 .debug_frame   0x00000000      0x1bc ..\obj\usb_core.o
 .debug_frame   0x000001bc       0x5c ..\obj\usb_int.o
 .debug_frame   0x00000218       0x48 ..\obj\system_stm32f10x.o
 .debug_frame   0x00000260       0x30 ..\obj\keycodes.o
 .debug_frame   0x00000290      0x3ec ..\obj\usb_regs.o
 .debug_frame   0x0000067c       0x3c ..\obj\startup_stm32f10x_md.o
 .debug_frame   0x000006b8       0xe8 ..\obj\hw_config.o
 .debug_frame   0x000007a0      0x1b0 ..\obj\stm32f10x_gpio.o
 .debug_frame   0x00000950      0x138 ..\obj\usb_prop.o
 .debug_frame   0x00000a88       0xb4 ..\obj\usb_pwr.o
 .debug_frame   0x00000b3c       0x30 ..\obj\usb_init.o
 .debug_frame   0x00000b6c       0xb8 ..\obj\main.o
 .debug_frame   0x00000c24      0x224 ..\obj\stm32f10x_rcc.o
 .debug_frame   0x00000e48       0xb0 ..\obj\stm32f10x_exti.o
 .debug_frame   0x00000ef8       0x64 ..\obj\usb_sil.o
 .debug_frame   0x00000f5c       0xc0 ..\obj\stm32_it.o
 .debug_frame   0x0000101c       0x30 ..\obj\usb_endp.o
 .debug_frame   0x0000104c       0x6c ..\obj\misc.o
 .debug_frame   0x000010b8       0x3c ..\obj\usb_mem.o
 .debug_frame   0x000010f4       0x34 ..\obj\usb_istr.o
