
Allocating common symbols
Common symbol       size              file

ADCBuffer           0x10              ..\obj\main.o
i2c1_ram            0x100             ..\obj\i2c_slave.o

Discarded input sections

 .text          0x00000000        0x0 ..\obj\stm32f10x_tim.o
 .data          0x00000000        0x0 ..\obj\stm32f10x_tim.o
 .bss           0x00000000        0x0 ..\obj\stm32f10x_tim.o
 .text.TIM_DeInit
                0x00000000      0x22c ..\obj\stm32f10x_tim.o
 .text.TIM_TimeBaseInit
                0x00000000       0xf8 ..\obj\stm32f10x_tim.o
 .text.TIM_OC1Init
                0x00000000      0x118 ..\obj\stm32f10x_tim.o
 .text.TIM_OC2Init
                0x00000000      0x110 ..\obj\stm32f10x_tim.o
 .text.TIM_OC3Init
                0x00000000      0x10c ..\obj\stm32f10x_tim.o
 .text.TIM_OC4Init
                0x00000000       0xd0 ..\obj\stm32f10x_tim.o
 .text.TIM_ICInit
                0x00000000       0xa8 ..\obj\stm32f10x_tim.o
 .text.TIM_PWMIConfig
                0x00000000       0xb8 ..\obj\stm32f10x_tim.o
 .text.TIM_BDTRConfig
                0x00000000       0x50 ..\obj\stm32f10x_tim.o
 .text.TIM_TimeBaseStructInit
                0x00000000       0x34 ..\obj\stm32f10x_tim.o
 .text.TIM_OCStructInit
                0x00000000       0x44 ..\obj\stm32f10x_tim.o
 .text.TIM_ICStructInit
                0x00000000       0x30 ..\obj\stm32f10x_tim.o
 .text.TIM_BDTRStructInit
                0x00000000       0x3c ..\obj\stm32f10x_tim.o
 .text.TIM_Cmd  0x00000000       0x40 ..\obj\stm32f10x_tim.o
 .text.TIM_CtrlPWMOutputs
                0x00000000       0x4c ..\obj\stm32f10x_tim.o
 .text.TIM_ITConfig
                0x00000000       0x48 ..\obj\stm32f10x_tim.o
 .text.TIM_GenerateEvent
                0x00000000       0x1c ..\obj\stm32f10x_tim.o
 .text.TIM_DMAConfig
                0x00000000       0x28 ..\obj\stm32f10x_tim.o
 .text.TIM_DMACmd
                0x00000000       0x48 ..\obj\stm32f10x_tim.o
 .text.TIM_InternalClockConfig
                0x00000000       0x24 ..\obj\stm32f10x_tim.o
 .text.TIM_ITRxExternalClockConfig
                0x00000000       0x30 ..\obj\stm32f10x_tim.o
 .text.TIM_TIxExternalClockConfig
                0x00000000       0x5c ..\obj\stm32f10x_tim.o
 .text.TIM_ETRClockMode1Config
                0x00000000       0x60 ..\obj\stm32f10x_tim.o
 .text.TIM_ETRClockMode2Config
                0x00000000       0x40 ..\obj\stm32f10x_tim.o
 .text.TIM_ETRConfig
                0x00000000       0x54 ..\obj\stm32f10x_tim.o
 .text.TIM_PrescalerConfig
                0x00000000       0x28 ..\obj\stm32f10x_tim.o
 .text.TIM_CounterModeConfig
                0x00000000       0x38 ..\obj\stm32f10x_tim.o
 .text.TIM_SelectInputTrigger
                0x00000000       0x38 ..\obj\stm32f10x_tim.o
 .text.TIM_EncoderInterfaceConfig
                0x00000000       0x98 ..\obj\stm32f10x_tim.o
 .text.TIM_ForcedOC1Config
                0x00000000       0x38 ..\obj\stm32f10x_tim.o
 .text.TIM_ForcedOC2Config
                0x00000000       0x3c ..\obj\stm32f10x_tim.o
 .text.TIM_ForcedOC3Config
                0x00000000       0x38 ..\obj\stm32f10x_tim.o
 .text.TIM_ForcedOC4Config
                0x00000000       0x3c ..\obj\stm32f10x_tim.o
 .text.TIM_ARRPreloadConfig
                0x00000000       0x40 ..\obj\stm32f10x_tim.o
 .text.TIM_SelectCOM
                0x00000000       0x40 ..\obj\stm32f10x_tim.o
 .text.TIM_SelectCCDMA
                0x00000000       0x40 ..\obj\stm32f10x_tim.o
 .text.TIM_CCPreloadControl
                0x00000000       0x40 ..\obj\stm32f10x_tim.o
 .text.TIM_OC1PreloadConfig
                0x00000000       0x38 ..\obj\stm32f10x_tim.o
 .text.TIM_OC2PreloadConfig
                0x00000000       0x3c ..\obj\stm32f10x_tim.o
 .text.TIM_OC3PreloadConfig
                0x00000000       0x38 ..\obj\stm32f10x_tim.o
 .text.TIM_OC4PreloadConfig
                0x00000000       0x3c ..\obj\stm32f10x_tim.o
 .text.TIM_OC1FastConfig
                0x00000000       0x38 ..\obj\stm32f10x_tim.o
 .text.TIM_OC2FastConfig
                0x00000000       0x3c ..\obj\stm32f10x_tim.o
 .text.TIM_OC3FastConfig
                0x00000000       0x38 ..\obj\stm32f10x_tim.o
 .text.TIM_OC4FastConfig
                0x00000000       0x3c ..\obj\stm32f10x_tim.o
 .text.TIM_ClearOC1Ref
                0x00000000       0x38 ..\obj\stm32f10x_tim.o
 .text.TIM_ClearOC2Ref
                0x00000000       0x3c ..\obj\stm32f10x_tim.o
 .text.TIM_ClearOC3Ref
                0x00000000       0x38 ..\obj\stm32f10x_tim.o
 .text.TIM_ClearOC4Ref
                0x00000000       0x3c ..\obj\stm32f10x_tim.o
 .text.TIM_OC1PolarityConfig
                0x00000000       0x38 ..\obj\stm32f10x_tim.o
 .text.TIM_OC1NPolarityConfig
                0x00000000       0x38 ..\obj\stm32f10x_tim.o
 .text.TIM_OC2PolarityConfig
                0x00000000       0x3c ..\obj\stm32f10x_tim.o
 .text.TIM_OC2NPolarityConfig
                0x00000000       0x3c ..\obj\stm32f10x_tim.o
 .text.TIM_OC3PolarityConfig
                0x00000000       0x3c ..\obj\stm32f10x_tim.o
 .text.TIM_OC3NPolarityConfig
                0x00000000       0x3c ..\obj\stm32f10x_tim.o
 .text.TIM_OC4PolarityConfig
                0x00000000       0x3c ..\obj\stm32f10x_tim.o
 .text.TIM_CCxCmd
                0x00000000       0x58 ..\obj\stm32f10x_tim.o
 .text.TIM_CCxNCmd
                0x00000000       0x58 ..\obj\stm32f10x_tim.o
 .text.TIM_SelectOCxM
                0x00000000       0xac ..\obj\stm32f10x_tim.o
 .text.TIM_UpdateDisableConfig
                0x00000000       0x40 ..\obj\stm32f10x_tim.o
 .text.TIM_UpdateRequestConfig
                0x00000000       0x40 ..\obj\stm32f10x_tim.o
 .text.TIM_SelectHallSensor
                0x00000000       0x40 ..\obj\stm32f10x_tim.o
 .text.TIM_SelectOnePulseMode
                0x00000000       0x38 ..\obj\stm32f10x_tim.o
 .text.TIM_SelectOutputTrigger
                0x00000000       0x38 ..\obj\stm32f10x_tim.o
 .text.TIM_SelectSlaveMode
                0x00000000       0x38 ..\obj\stm32f10x_tim.o
 .text.TIM_SelectMasterSlaveMode
                0x00000000       0x38 ..\obj\stm32f10x_tim.o
 .text.TIM_SetCounter
                0x00000000       0x1c ..\obj\stm32f10x_tim.o
 .text.TIM_SetAutoreload
                0x00000000       0x1c ..\obj\stm32f10x_tim.o
 .text.TIM_SetCompare1
                0x00000000       0x1c ..\obj\stm32f10x_tim.o
 .text.TIM_SetCompare2
                0x00000000       0x1c ..\obj\stm32f10x_tim.o
 .text.TIM_SetCompare3
                0x00000000       0x1c ..\obj\stm32f10x_tim.o
 .text.TIM_SetCompare4
                0x00000000       0x20 ..\obj\stm32f10x_tim.o
 .text.TIM_SetIC1Prescaler
                0x00000000       0x38 ..\obj\stm32f10x_tim.o
 .text.TIM_SetIC2Prescaler
                0x00000000       0x3c ..\obj\stm32f10x_tim.o
 .text.TIM_SetIC3Prescaler
                0x00000000       0x38 ..\obj\stm32f10x_tim.o
 .text.TIM_SetIC4Prescaler
                0x00000000       0x3c ..\obj\stm32f10x_tim.o
 .text.TIM_SetClockDivision
                0x00000000       0x38 ..\obj\stm32f10x_tim.o
 .text.TIM_GetCapture1
                0x00000000       0x18 ..\obj\stm32f10x_tim.o
 .text.TIM_GetCapture2
                0x00000000       0x18 ..\obj\stm32f10x_tim.o
 .text.TIM_GetCapture3
                0x00000000       0x18 ..\obj\stm32f10x_tim.o
 .text.TIM_GetCapture4
                0x00000000       0x1c ..\obj\stm32f10x_tim.o
 .text.TIM_GetCounter
                0x00000000       0x18 ..\obj\stm32f10x_tim.o
 .text.TIM_GetPrescaler
                0x00000000       0x18 ..\obj\stm32f10x_tim.o
 .text.TIM_GetFlagStatus
                0x00000000       0x38 ..\obj\stm32f10x_tim.o
 .text.TIM_ClearFlag
                0x00000000       0x20 ..\obj\stm32f10x_tim.o
 .text.TIM_GetITStatus
                0x00000000       0x54 ..\obj\stm32f10x_tim.o
 .text.TIM_ClearITPendingBit
                0x00000000       0x20 ..\obj\stm32f10x_tim.o
 .text.TI1_Config
                0x00000000       0xe0 ..\obj\stm32f10x_tim.o
 .text.TI2_Config
                0x00000000       0xf4 ..\obj\stm32f10x_tim.o
 .text.TI3_Config
                0x00000000       0xec ..\obj\stm32f10x_tim.o
 .text.TI4_Config
                0x00000000       0xf8 ..\obj\stm32f10x_tim.o
 .debug_info    0x00000000     0x1c60 ..\obj\stm32f10x_tim.o
 .debug_abbrev  0x00000000      0x1b2 ..\obj\stm32f10x_tim.o
 .debug_aranges
                0x00000000      0x2f0 ..\obj\stm32f10x_tim.o
 .debug_ranges  0x00000000      0x2e0 ..\obj\stm32f10x_tim.o
 .debug_line    0x00000000      0xb64 ..\obj\stm32f10x_tim.o
 .debug_str     0x00000000      0xdec ..\obj\stm32f10x_tim.o
 .comment       0x00000000       0x6f ..\obj\stm32f10x_tim.o
 .debug_frame   0x00000000      0xe2c ..\obj\stm32f10x_tim.o
 .ARM.attributes
                0x00000000       0x33 ..\obj\stm32f10x_tim.o
 .text          0x00000000        0x0 ..\obj\system_stm32f10x.o
 .data          0x00000000       0x14 ..\obj\system_stm32f10x.o
 .bss           0x00000000        0x0 ..\obj\system_stm32f10x.o
 .text.SystemCoreClockUpdate
                0x00000000       0xd8 ..\obj\system_stm32f10x.o
 .text          0x00000000        0x0 ..\obj\startup_stm32f10x_md.o
 .data          0x00000000        0x0 ..\obj\startup_stm32f10x_md.o
 .bss           0x00000000        0x0 ..\obj\startup_stm32f10x_md.o
 .text          0x00000000        0x0 ..\obj\stm32f10x_gpio.o
 .data          0x00000000        0x0 ..\obj\stm32f10x_gpio.o
 .bss           0x00000000        0x0 ..\obj\stm32f10x_gpio.o
 .text.GPIO_DeInit
                0x00000000       0xe4 ..\obj\stm32f10x_gpio.o
 .text.GPIO_AFIODeInit
                0x00000000       0x18 ..\obj\stm32f10x_gpio.o
 .text.GPIO_StructInit
                0x00000000       0x28 ..\obj\stm32f10x_gpio.o
 .text.GPIO_ReadInputDataBit
                0x00000000       0x34 ..\obj\stm32f10x_gpio.o
 .text.GPIO_ReadInputData
                0x00000000       0x18 ..\obj\stm32f10x_gpio.o
 .text.GPIO_ReadOutputDataBit
                0x00000000       0x34 ..\obj\stm32f10x_gpio.o
 .text.GPIO_ReadOutputData
                0x00000000       0x18 ..\obj\stm32f10x_gpio.o
 .text.GPIO_SetBits
                0x00000000       0x1c ..\obj\stm32f10x_gpio.o
 .text.GPIO_ResetBits
                0x00000000       0x1c ..\obj\stm32f10x_gpio.o
 .text.GPIO_WriteBit
                0x00000000       0x30 ..\obj\stm32f10x_gpio.o
 .text.GPIO_Write
                0x00000000       0x1c ..\obj\stm32f10x_gpio.o
 .text.GPIO_PinLockConfig
                0x00000000       0x44 ..\obj\stm32f10x_gpio.o
 .text.GPIO_EventOutputConfig
                0x00000000       0x4c ..\obj\stm32f10x_gpio.o
 .text.GPIO_EventOutputCmd
                0x00000000       0x20 ..\obj\stm32f10x_gpio.o
 .text.GPIO_PinRemapConfig
                0x00000000       0xe0 ..\obj\stm32f10x_gpio.o
 .text.GPIO_EXTILineConfig
                0x00000000       0x84 ..\obj\stm32f10x_gpio.o
 .text.GPIO_ETH_MediaInterfaceConfig
                0x00000000       0x1c ..\obj\stm32f10x_gpio.o
 .text          0x00000000        0x0 ..\obj\main.o
 .data          0x00000000        0x0 ..\obj\main.o
 .bss           0x00000000        0x0 ..\obj\main.o
 .text          0x00000000        0x0 ..\obj\stm32f10x_rcc.o
 .bss           0x00000000        0x0 ..\obj\stm32f10x_rcc.o
 .text.RCC_AdjustHSICalibrationValue
                0x00000000       0x3c ..\obj\stm32f10x_rcc.o
 .text.RCC_HSICmd
                0x00000000       0x20 ..\obj\stm32f10x_rcc.o
 .text.RCC_ITConfig
                0x00000000       0x4c ..\obj\stm32f10x_rcc.o
 .text.RCC_USBCLKConfig
                0x00000000       0x1c ..\obj\stm32f10x_rcc.o
 .text.RCC_LSEConfig
                0x00000000       0x40 ..\obj\stm32f10x_rcc.o
 .text.RCC_LSICmd
                0x00000000       0x20 ..\obj\stm32f10x_rcc.o
 .text.RCC_RTCCLKConfig
                0x00000000       0x24 ..\obj\stm32f10x_rcc.o
 .text.RCC_RTCCLKCmd
                0x00000000       0x20 ..\obj\stm32f10x_rcc.o
 .text.RCC_APB2PeriphResetCmd
                0x00000000       0x3c ..\obj\stm32f10x_rcc.o
 .text.RCC_APB1PeriphResetCmd
                0x00000000       0x3c ..\obj\stm32f10x_rcc.o
 .text.RCC_BackupResetCmd
                0x00000000       0x20 ..\obj\stm32f10x_rcc.o
 .text.RCC_ClockSecuritySystemCmd
                0x00000000       0x20 ..\obj\stm32f10x_rcc.o
 .text.RCC_MCOConfig
                0x00000000       0x20 ..\obj\stm32f10x_rcc.o
 .text.RCC_ClearFlag
                0x00000000       0x1c ..\obj\stm32f10x_rcc.o
 .text.RCC_GetITStatus
                0x00000000       0x34 ..\obj\stm32f10x_rcc.o
 .text.RCC_ClearITPendingBit
                0x00000000       0x20 ..\obj\stm32f10x_rcc.o
 .text          0x00000000        0x0 ..\obj\i2c_slave.o
 .data          0x00000000        0x0 ..\obj\i2c_slave.o
 .text          0x00000000        0x0 ..\obj\stm32f10x_adc.o
 .data          0x00000000        0x0 ..\obj\stm32f10x_adc.o
 .bss           0x00000000        0x0 ..\obj\stm32f10x_adc.o
 .text.ADC_DeInit
                0x00000000       0x74 ..\obj\stm32f10x_adc.o
 .text.ADC_StructInit
                0x00000000       0x38 ..\obj\stm32f10x_adc.o
 .text.ADC_ITConfig
                0x00000000       0x44 ..\obj\stm32f10x_adc.o
 .text.ADC_GetSoftwareStartConvStatus
                0x00000000       0x30 ..\obj\stm32f10x_adc.o
 .text.ADC_DiscModeChannelCountConfig
                0x00000000       0x44 ..\obj\stm32f10x_adc.o
 .text.ADC_DiscModeCmd
                0x00000000       0x38 ..\obj\stm32f10x_adc.o
 .text.ADC_ExternalTrigConvCmd
                0x00000000       0x38 ..\obj\stm32f10x_adc.o
 .text.ADC_GetConversionValue
                0x00000000       0x18 ..\obj\stm32f10x_adc.o
 .text.ADC_GetDualModeConversionValue
                0x00000000       0x14 ..\obj\stm32f10x_adc.o
 .text.ADC_AutoInjectedConvCmd
                0x00000000       0x38 ..\obj\stm32f10x_adc.o
 .text.ADC_InjectedDiscModeCmd
                0x00000000       0x38 ..\obj\stm32f10x_adc.o
 .text.ADC_ExternalTrigInjectedConvConfig
                0x00000000       0x34 ..\obj\stm32f10x_adc.o
 .text.ADC_ExternalTrigInjectedConvCmd
                0x00000000       0x38 ..\obj\stm32f10x_adc.o
 .text.ADC_SoftwareStartInjectedConvCmd
                0x00000000       0x38 ..\obj\stm32f10x_adc.o
 .text.ADC_GetSoftwareStartInjectedConvCmdStatus
                0x00000000       0x30 ..\obj\stm32f10x_adc.o
 .text.ADC_InjectedChannelConfig
                0x00000000      0x120 ..\obj\stm32f10x_adc.o
 .text.ADC_InjectedSequencerLengthConfig
                0x00000000       0x44 ..\obj\stm32f10x_adc.o
 .text.ADC_SetInjectedOffset
                0x00000000       0x34 ..\obj\stm32f10x_adc.o
 .text.ADC_GetInjectedConversionValue
                0x00000000       0x30 ..\obj\stm32f10x_adc.o
 .text.ADC_AnalogWatchdogCmd
                0x00000000       0x38 ..\obj\stm32f10x_adc.o
 .text.ADC_AnalogWatchdogThresholdsConfig
                0x00000000       0x28 ..\obj\stm32f10x_adc.o
 .text.ADC_AnalogWatchdogSingleChannelConfig
                0x00000000       0x38 ..\obj\stm32f10x_adc.o
 .text.ADC_TempSensorVrefintCmd
                0x00000000       0x38 ..\obj\stm32f10x_adc.o
 .text.ADC_GetFlagStatus
                0x00000000       0x34 ..\obj\stm32f10x_adc.o
 .text.ADC_ClearFlag
                0x00000000       0x20 ..\obj\stm32f10x_adc.o
 .text.ADC_GetITStatus
                0x00000000       0x54 ..\obj\stm32f10x_adc.o
 .text.ADC_ClearITPendingBit
                0x00000000       0x2c ..\obj\stm32f10x_adc.o
 .text          0x00000000        0x0 ..\obj\syscalls.o
 .data          0x00000000        0x0 ..\obj\syscalls.o
 .bss           0x00000000        0x4 ..\obj\syscalls.o
 .text._sbrk    0x00000000       0x3c ..\obj\syscalls.o
 .text.link     0x00000000       0x18 ..\obj\syscalls.o
 .text._close   0x00000000       0x18 ..\obj\syscalls.o
 .text._fstat   0x00000000       0x20 ..\obj\syscalls.o
 .text._isatty  0x00000000       0x14 ..\obj\syscalls.o
 .text._lseek   0x00000000       0x18 ..\obj\syscalls.o
 .text._read    0x00000000       0x18 ..\obj\syscalls.o
 .text._write   0x00000000       0x18 ..\obj\syscalls.o
 .text.abort    0x00000000        0x8 ..\obj\syscalls.o
 .debug_info    0x00000000      0x3f5 ..\obj\syscalls.o
 .debug_abbrev  0x00000000       0xe5 ..\obj\syscalls.o
 .debug_aranges
                0x00000000       0x60 ..\obj\syscalls.o
 .debug_ranges  0x00000000       0x50 ..\obj\syscalls.o
 .debug_line    0x00000000      0x184 ..\obj\syscalls.o
 .debug_str     0x00000000      0x2f0 ..\obj\syscalls.o
 .comment       0x00000000       0x6f ..\obj\syscalls.o
 .debug_frame   0x00000000      0x168 ..\obj\syscalls.o
 .ARM.attributes
                0x00000000       0x33 ..\obj\syscalls.o
 .text          0x00000000        0x0 ..\obj\stm32f10x_dma.o
 .data          0x00000000        0x0 ..\obj\stm32f10x_dma.o
 .bss           0x00000000        0x0 ..\obj\stm32f10x_dma.o
 .text.DMA_DeInit
                0x00000000      0x178 ..\obj\stm32f10x_dma.o
 .text.DMA_StructInit
                0x00000000       0x54 ..\obj\stm32f10x_dma.o
 .text.DMA_ITConfig
                0x00000000       0x3c ..\obj\stm32f10x_dma.o
 .text.DMA_SetCurrDataCounter
                0x00000000       0x1c ..\obj\stm32f10x_dma.o
 .text.DMA_GetCurrDataCounter
                0x00000000       0x18 ..\obj\stm32f10x_dma.o
 .text.DMA_GetFlagStatus
                0x00000000       0x50 ..\obj\stm32f10x_dma.o
 .text.DMA_ClearFlag
                0x00000000       0x34 ..\obj\stm32f10x_dma.o
 .text.DMA_GetITStatus
                0x00000000       0x50 ..\obj\stm32f10x_dma.o
 .text.DMA_ClearITPendingBit
                0x00000000       0x34 ..\obj\stm32f10x_dma.o
 .text          0x00000000        0x0 ..\obj\misc.o
 .data          0x00000000        0x0 ..\obj\misc.o
 .bss           0x00000000        0x0 ..\obj\misc.o
 .text.NVIC_PriorityGroupConfig
                0x00000000       0x24 ..\obj\misc.o
 .text.NVIC_SetVectorTable
                0x00000000       0x2c ..\obj\misc.o
 .text.NVIC_SystemLPConfig
                0x00000000       0x40 ..\obj\misc.o
 .text.SysTick_CLKSourceConfig
                0x00000000       0x38 ..\obj\misc.o
 .text          0x00000000        0x0 ..\obj\stm32f10x_i2c.o
 .data          0x00000000        0x0 ..\obj\stm32f10x_i2c.o
 .bss           0x00000000        0x0 ..\obj\stm32f10x_i2c.o
 .text.I2C_DeInit
                0x00000000       0x48 ..\obj\stm32f10x_i2c.o
 .text.I2C_StructInit
                0x00000000       0x3c ..\obj\stm32f10x_i2c.o
 .text.I2C_DMACmd
                0x00000000       0x40 ..\obj\stm32f10x_i2c.o
 .text.I2C_DMALastTransferCmd
                0x00000000       0x40 ..\obj\stm32f10x_i2c.o
 .text.I2C_GenerateSTART
                0x00000000       0x40 ..\obj\stm32f10x_i2c.o
 .text.I2C_GenerateSTOP
                0x00000000       0x40 ..\obj\stm32f10x_i2c.o
 .text.I2C_AcknowledgeConfig
                0x00000000       0x40 ..\obj\stm32f10x_i2c.o
 .text.I2C_OwnAddress2Config
                0x00000000       0x44 ..\obj\stm32f10x_i2c.o
 .text.I2C_DualAddressCmd
                0x00000000       0x40 ..\obj\stm32f10x_i2c.o
 .text.I2C_GeneralCallCmd
                0x00000000       0x40 ..\obj\stm32f10x_i2c.o
 .text.I2C_Send7bitAddress
                0x00000000       0x3c ..\obj\stm32f10x_i2c.o
 .text.I2C_ReadRegister
                0x00000000       0x2c ..\obj\stm32f10x_i2c.o
 .text.I2C_SoftwareResetCmd
                0x00000000       0x44 ..\obj\stm32f10x_i2c.o
 .text.I2C_NACKPositionConfig
                0x00000000       0x40 ..\obj\stm32f10x_i2c.o
 .text.I2C_SMBusAlertConfig
                0x00000000       0x40 ..\obj\stm32f10x_i2c.o
 .text.I2C_TransmitPEC
                0x00000000       0x40 ..\obj\stm32f10x_i2c.o
 .text.I2C_PECPositionConfig
                0x00000000       0x40 ..\obj\stm32f10x_i2c.o
 .text.I2C_CalculatePEC
                0x00000000       0x40 ..\obj\stm32f10x_i2c.o
 .text.I2C_GetPEC
                0x00000000       0x20 ..\obj\stm32f10x_i2c.o
 .text.I2C_ARPCmd
                0x00000000       0x40 ..\obj\stm32f10x_i2c.o
 .text.I2C_StretchClockCmd
                0x00000000       0x40 ..\obj\stm32f10x_i2c.o
 .text.I2C_FastModeDutyCycleConfig
                0x00000000       0x40 ..\obj\stm32f10x_i2c.o
 .text.I2C_CheckEvent
                0x00000000       0x60 ..\obj\stm32f10x_i2c.o
 .text.I2C_GetFlagStatus
                0x00000000       0x64 ..\obj\stm32f10x_i2c.o
 .text.I2C_ClearFlag
                0x00000000       0x2c ..\obj\stm32f10x_i2c.o

Memory Configuration

Name             Origin             Length             Attributes
rom              0x08000000         0x00010000         xr
ram              0x20000000         0x00005000         xrw
*default*        0x00000000         0xffffffff

Linker script and memory map

                0x20005000                _eram = 0x20005000

.text           0x08000000     0x1620
 *(.isr_vector)
 .isr_vector    0x08000000      0x10c ..\obj\startup_stm32f10x_md.o
                0x08000000                g_pfnVectors
 *(.text*)
 .text.SystemInit
                0x0800010c       0x68 ..\obj\system_stm32f10x.o
                0x0800010c                SystemInit
 .text.SetSysClock
                0x08000174        0xc ..\obj\system_stm32f10x.o
 .text.SetSysClockTo72
                0x08000180      0x100 ..\obj\system_stm32f10x.o
 .text.Default_Reset_Handler
                0x08000280       0x60 ..\obj\startup_stm32f10x_md.o
                0x08000280                Default_Reset_Handler
                0x08000280                Reset_Handler
 .text.Default_Handler
                0x080002e0        0x8 ..\obj\startup_stm32f10x_md.o
                0x080002e0                EXTI2_IRQHandler
                0x080002e0                DebugMon_Handler
                0x080002e0                TIM1_CC_IRQHandler
                0x080002e0                HardFault_Handler
                0x080002e0                SysTick_Handler
                0x080002e0                PVD_IRQHandler
                0x080002e0                PendSV_Handler
                0x080002e0                NMI_Handler
                0x080002e0                EXTI3_IRQHandler
                0x080002e0                EXTI0_IRQHandler
                0x080002e0                I2C2_EV_IRQHandler
                0x080002e0                UsageFault_Handler
                0x080002e0                ADC1_2_IRQHandler
                0x080002e0                SPI1_IRQHandler
                0x080002e0                TAMPER_IRQHandler
                0x080002e0                DMA1_Channel4_IRQHandler
                0x080002e0                USART3_IRQHandler
                0x080002e0                RTC_IRQHandler
                0x080002e0                DMA1_Channel7_IRQHandler
                0x080002e0                CAN1_RX1_IRQHandler
                0x080002e0                TIM4_IRQHandler
                0x080002e0                DMA1_Channel6_IRQHandler
                0x080002e0                TIM3_IRQHandler
                0x080002e0                RCC_IRQHandler
                0x080002e0                TIM1_TRG_COM_IRQHandler
                0x080002e0                DMA1_Channel1_IRQHandler
                0x080002e0                EXTI15_10_IRQHandler
                0x080002e0                EXTI9_5_IRQHandler
                0x080002e0                SPI2_IRQHandler
                0x080002e0                MemManage_Handler
                0x080002e0                SVC_Handler
                0x080002e0                DMA1_Channel5_IRQHandler
                0x080002e0                EXTI4_IRQHandler
                0x080002e0                USB_LP_CAN1_RX0_IRQHandler
                0x080002e0                USB_HP_CAN1_TX_IRQHandler
                0x080002e0                DMA1_Channel3_IRQHandler
                0x080002e0                TIM1_UP_IRQHandler
                0x080002e0                WWDG_IRQHandler
                0x080002e0                TIM2_IRQHandler
                0x080002e0                TIM1_BRK_IRQHandler
                0x080002e0                EXTI1_IRQHandler
                0x080002e0                RTCAlarm_IRQHandler
                0x080002e0                USART2_IRQHandler
                0x080002e0                I2C2_ER_IRQHandler
                0x080002e0                DMA1_Channel2_IRQHandler
                0x080002e0                CAN1_SCE_IRQHandler
                0x080002e0                FLASH_IRQHandler
                0x080002e0                BusFault_Handler
                0x080002e0                USART1_IRQHandler
                0x080002e0                USBWakeUp_IRQHandler
 .text.GPIO_Init
                0x080002e8      0x178 ..\obj\stm32f10x_gpio.o
                0x080002e8                GPIO_Init
 .text.SetSysClockTo72
                0x08000460       0x70 ..\obj\main.o
                0x08000460                SetSysClockTo72
 .text.ADC_DMA_init
                0x080004d0      0x17c ..\obj\main.o
                0x080004d0                ADC_DMA_init
 .text.main     0x0800064c       0x14 ..\obj\main.o
                0x0800064c                main
 .text.RCC_DeInit
                0x08000660       0x5c ..\obj\stm32f10x_rcc.o
                0x08000660                RCC_DeInit
 .text.RCC_HSEConfig
                0x080006bc       0x5c ..\obj\stm32f10x_rcc.o
                0x080006bc                RCC_HSEConfig
 .text.RCC_WaitForHSEStartUp
                0x08000718       0x50 ..\obj\stm32f10x_rcc.o
                0x08000718                RCC_WaitForHSEStartUp
 .text.RCC_PLLConfig
                0x08000768       0x3c ..\obj\stm32f10x_rcc.o
                0x08000768                RCC_PLLConfig
 .text.RCC_PLLCmd
                0x080007a4       0x20 ..\obj\stm32f10x_rcc.o
                0x080007a4                RCC_PLLCmd
 .text.RCC_SYSCLKConfig
                0x080007c4       0x38 ..\obj\stm32f10x_rcc.o
                0x080007c4                RCC_SYSCLKConfig
 .text.RCC_GetSYSCLKSource
                0x080007fc       0x1c ..\obj\stm32f10x_rcc.o
                0x080007fc                RCC_GetSYSCLKSource
 .text.RCC_HCLKConfig
                0x08000818       0x38 ..\obj\stm32f10x_rcc.o
                0x08000818                RCC_HCLKConfig
 .text.RCC_PCLK1Config
                0x08000850       0x38 ..\obj\stm32f10x_rcc.o
                0x08000850                RCC_PCLK1Config
 .text.RCC_PCLK2Config
                0x08000888       0x38 ..\obj\stm32f10x_rcc.o
                0x08000888                RCC_PCLK2Config
 .text.RCC_ADCCLKConfig
                0x080008c0       0x38 ..\obj\stm32f10x_rcc.o
                0x080008c0                RCC_ADCCLKConfig
 .text.RCC_GetClocksFreq
                0x080008f8      0x160 ..\obj\stm32f10x_rcc.o
                0x080008f8                RCC_GetClocksFreq
 .text.RCC_AHBPeriphClockCmd
                0x08000a58       0x3c ..\obj\stm32f10x_rcc.o
                0x08000a58                RCC_AHBPeriphClockCmd
 .text.RCC_APB2PeriphClockCmd
                0x08000a94       0x3c ..\obj\stm32f10x_rcc.o
                0x08000a94                RCC_APB2PeriphClockCmd
 .text.RCC_APB1PeriphClockCmd
                0x08000ad0       0x3c ..\obj\stm32f10x_rcc.o
                0x08000ad0                RCC_APB1PeriphClockCmd
 .text.RCC_GetFlagStatus
                0x08000b0c       0x74 ..\obj\stm32f10x_rcc.o
                0x08000b0c                RCC_GetFlagStatus
 .text.get_i2c1_ram
                0x08000b80       0x34 ..\obj\i2c_slave.o
                0x08000b80                get_i2c1_ram
 .text.set_i2c1_ram
                0x08000bb4       0x28 ..\obj\i2c_slave.o
                0x08000bb4                set_i2c1_ram
 .text.I2C1_Slave_init
                0x08000bdc       0xc8 ..\obj\i2c_slave.o
                0x08000bdc                I2C1_Slave_init
 .text.I2C1_ClearFlag
                0x08000ca4       0x4c ..\obj\i2c_slave.o
                0x08000ca4                I2C1_ClearFlag
 .text.I2C1_EV_IRQHandler
                0x08000cf0      0x100 ..\obj\i2c_slave.o
                0x08000cf0                I2C1_EV_IRQHandler
 .text.I2C1_ER_IRQHandler
                0x08000df0       0x28 ..\obj\i2c_slave.o
                0x08000df0                I2C1_ER_IRQHandler
 .text.ADC_Init
                0x08000e18       0xa4 ..\obj\stm32f10x_adc.o
                0x08000e18                ADC_Init
 .text.ADC_Cmd  0x08000ebc       0x38 ..\obj\stm32f10x_adc.o
                0x08000ebc                ADC_Cmd
 .text.ADC_DMACmd
                0x08000ef4       0x38 ..\obj\stm32f10x_adc.o
                0x08000ef4                ADC_DMACmd
 .text.ADC_ResetCalibration
                0x08000f2c       0x20 ..\obj\stm32f10x_adc.o
                0x08000f2c                ADC_ResetCalibration
 .text.ADC_GetResetCalibrationStatus
                0x08000f4c       0x30 ..\obj\stm32f10x_adc.o
                0x08000f4c                ADC_GetResetCalibrationStatus
 .text.ADC_StartCalibration
                0x08000f7c       0x20 ..\obj\stm32f10x_adc.o
                0x08000f7c                ADC_StartCalibration
 .text.ADC_GetCalibrationStatus
                0x08000f9c       0x30 ..\obj\stm32f10x_adc.o
                0x08000f9c                ADC_GetCalibrationStatus
 .text.ADC_SoftwareStartConvCmd
                0x08000fcc       0x38 ..\obj\stm32f10x_adc.o
                0x08000fcc                ADC_SoftwareStartConvCmd
 .text.ADC_RegularChannelConfig
                0x08001004      0x194 ..\obj\stm32f10x_adc.o
                0x08001004                ADC_RegularChannelConfig
 .text.DMA_Init
                0x08001198       0x7c ..\obj\stm32f10x_dma.o
                0x08001198                DMA_Init
 .text.DMA_Cmd  0x08001214       0x38 ..\obj\stm32f10x_dma.o
                0x08001214                DMA_Cmd
 .text.NVIC_Init
                0x0800124c       0xc4 ..\obj\misc.o
                0x0800124c                NVIC_Init
 .text.I2C_Init
                0x08001310      0x184 ..\obj\stm32f10x_i2c.o
                0x08001310                I2C_Init
 .text.I2C_Cmd  0x08001494       0x40 ..\obj\stm32f10x_i2c.o
                0x08001494                I2C_Cmd
 .text.I2C_ITConfig
                0x080014d4       0x48 ..\obj\stm32f10x_i2c.o
                0x080014d4                I2C_ITConfig
 .text.I2C_SendData
                0x0800151c       0x20 ..\obj\stm32f10x_i2c.o
                0x0800151c                I2C_SendData
 .text.I2C_ReceiveData
                0x0800153c       0x1c ..\obj\stm32f10x_i2c.o
                0x0800153c                I2C_ReceiveData
 .text.I2C_GetLastEvent
                0x08001558       0x44 ..\obj\stm32f10x_i2c.o
                0x08001558                I2C_GetLastEvent
 .text.I2C_GetITStatus
                0x0800159c       0x58 ..\obj\stm32f10x_i2c.o
                0x0800159c                I2C_GetITStatus
 .text.I2C_ClearITPendingBit
                0x080015f4       0x2c ..\obj\stm32f10x_i2c.o
                0x080015f4                I2C_ClearITPendingBit
 *(.init)
 *(.fini)
 *crtbegin.o(.ctors)
 *crtbegin?.o(.ctors)
 *(EXCLUDE_FILE(*crtend.o *crtend?.o) .ctors)
 *(SORT(.ctors.*))
 *(.ctors)
 *crtbegin.o(.dtors)
 *crtbegin?.o(.dtors)
 *(EXCLUDE_FILE(*crtend.o *crtend?.o) .dtors)
 *(SORT(.dtors.*))
 *(.dtors)
 *(.rodata*)
 *(.eh_fram e*)

.glue_7         0x08001620        0x0
 .glue_7        0x08001620        0x0 linker stubs

.glue_7t        0x08001620        0x0
 .glue_7t       0x08001620        0x0 linker stubs

.vfp11_veneer   0x08001620        0x0
 .vfp11_veneer  0x08001620        0x0 linker stubs

.v4_bx          0x08001620        0x0
 .v4_bx         0x08001620        0x0 linker stubs

.iplt           0x08001620        0x0
 .iplt          0x08001620        0x0 ..\obj\stm32f10x_tim.o

.rel.dyn        0x08001620        0x0
 .rel.iplt      0x08001620        0x0 ..\obj\stm32f10x_tim.o

.ARM.extab
 *(.ARM.extab* .gnu.linkonce.armextab.*)
                0x08001620                __exidx_start = .

.ARM.exidx
 *(.ARM.exidx* .gnu.linkonce.armexidx.*)
                0x08001620                __exidx_end = .
                0x08001620                __etext = .
                0x08001620                _sidata = __etext

.data           0x20000000       0x14 load address 0x08001620
                0x20000000                __data_start__ = .
                0x20000000                _sdata = __data_start__
 *(vtable)
 *(.data*)
 .data          0x20000000       0x14 ..\obj\stm32f10x_rcc.o
                0x20000014                . = ALIGN (0x4)
                [!provide]                PROVIDE (__preinit_array_start, .)
 *(.preinit_array)
                [!provide]                PROVIDE (__preinit_array_end, .)
                0x20000014                . = ALIGN (0x4)
                [!provide]                PROVIDE (__init_array_start, .)
 *(SORT(.init_array.*))
 *(.init_array)
                [!provide]                PROVIDE (__init_array_end, .)
                0x20000014                . = ALIGN (0x4)
                [!provide]                PROVIDE (__fini_array_start, .)
 *(SORT(.fini_array.*))
 *(.fini_array)
                [!provide]                PROVIDE (__fini_array_end, .)
 *(.jcr*)
                0x20000014                . = ALIGN (0x4)
                0x20000014                __data_end__ = .
                0x20000014                _edata = __data_end__

.igot.plt       0x20000014        0x0 load address 0x08001634
 .igot.plt      0x20000014        0x0 ..\obj\stm32f10x_tim.o

.bss            0x20000014      0x114 load address 0x08001634
                0x20000014                . = ALIGN (0x4)
                0x20000014                __bss_start__ = .
                0x20000014                _sbss = __bss_start__
 *(.bss*)
 .bss           0x20000014        0x2 ..\obj\i2c_slave.o
                0x20000014                i2c1_mode
                0x20000015                i2c1_ram_adr
 *(COMMON)
 *fill*         0x20000016        0x2 
 COMMON         0x20000018       0x10 ..\obj\main.o
                0x20000018                ADCBuffer
 COMMON         0x20000028      0x100 ..\obj\i2c_slave.o
                0x20000028                i2c1_ram
                0x20000128                . = ALIGN (0x4)
                0x20000128                __bss_end__ = .
                0x20000128                _ebss = __bss_end__

.heap           0x20000128        0x0
                0x20000128                __end__ = .
                0x20000128                _end = __end__
                0x20000128                end = __end__
 *(.heap*)
                0x20000128                __HeapLimit = .

.co_stack       0x20000128      0x400 load address 0x08001748
                0x20000128                . = ALIGN (0x8)
 *(.co_stack .co_stack.*)
 .co_stack      0x20000128      0x400 ..\obj\startup_stm32f10x_md.o
                0x20000128                pulStack
                0x20005000                __StackTop = (ORIGIN (ram) + LENGTH (ram))
                0x20004c00                __StackLimit = (__StackTop - SIZEOF (.co_stack))
                [!provide]                PROVIDE (__stack, __StackTop)
                0x00000001                ASSERT ((__StackLimit >= __HeapLimit), region ram  overflowed with stack)
LOAD ..\obj\stm32f10x_tim.o
LOAD ..\obj\system_stm32f10x.o
LOAD ..\obj\startup_stm32f10x_md.o
LOAD ..\obj\stm32f10x_gpio.o
LOAD ..\obj\main.o
LOAD ..\obj\stm32f10x_rcc.o
LOAD ..\obj\i2c_slave.o
LOAD ..\obj\stm32f10x_adc.o
LOAD ..\obj\syscalls.o
LOAD ..\obj\stm32f10x_dma.o
LOAD ..\obj\misc.o
LOAD ..\obj\stm32f10x_i2c.o
START GROUP
LOAD c:/program files/gnu tools arm embedded/5.3 2016q1/bin/../lib/gcc/arm-none-eabi/5.3.1/armv7-m\libgcc.a
LOAD c:/program files/gnu tools arm embedded/5.3 2016q1/bin/../lib/gcc/arm-none-eabi/5.3.1/../../../../arm-none-eabi/lib/armv7-m\libg.a
LOAD c:/program files/gnu tools arm embedded/5.3 2016q1/bin/../lib/gcc/arm-none-eabi/5.3.1/../../../../arm-none-eabi/lib/armv7-m\libc.a
END GROUP
OUTPUT(Example_I2C_Slave.elf elf32-littlearm)

.debug_info     0x00000000     0x4130
 .debug_info    0x00000000      0x49c ..\obj\system_stm32f10x.o
 .debug_info    0x0000049c       0xee ..\obj\startup_stm32f10x_md.o
 .debug_info    0x0000058a      0x6f6 ..\obj\stm32f10x_gpio.o
 .debug_info    0x00000c80      0x559 ..\obj\main.o
 .debug_info    0x000011d9      0x8a3 ..\obj\stm32f10x_rcc.o
 .debug_info    0x00001a7c      0x65b ..\obj\i2c_slave.o
 .debug_info    0x000020d7      0xb7c ..\obj\stm32f10x_adc.o
 .debug_info    0x00002c53      0x47b ..\obj\stm32f10x_dma.o
 .debug_info    0x000030ce      0x556 ..\obj\misc.o
 .debug_info    0x00003624      0xb0c ..\obj\stm32f10x_i2c.o

.debug_abbrev   0x00000000      0xe06
 .debug_abbrev  0x00000000      0x14e ..\obj\system_stm32f10x.o
 .debug_abbrev  0x0000014e       0xa7 ..\obj\startup_stm32f10x_md.o
 .debug_abbrev  0x000001f5      0x1cc ..\obj\stm32f10x_gpio.o
 .debug_abbrev  0x000003c1      0x137 ..\obj\main.o
 .debug_abbrev  0x000004f8      0x1bc ..\obj\stm32f10x_rcc.o
 .debug_abbrev  0x000006b4      0x1b4 ..\obj\i2c_slave.o
 .debug_abbrev  0x00000868      0x19a ..\obj\stm32f10x_adc.o
 .debug_abbrev  0x00000a02      0x157 ..\obj\stm32f10x_dma.o
 .debug_abbrev  0x00000b59      0x147 ..\obj\misc.o
 .debug_abbrev  0x00000ca0      0x166 ..\obj\stm32f10x_i2c.o

.debug_aranges  0x00000000      0x5a0
 .debug_aranges
                0x00000000       0x38 ..\obj\system_stm32f10x.o
 .debug_aranges
                0x00000038       0x28 ..\obj\startup_stm32f10x_md.o
 .debug_aranges
                0x00000060       0xa8 ..\obj\stm32f10x_gpio.o
 .debug_aranges
                0x00000108       0x30 ..\obj\main.o
 .debug_aranges
                0x00000138      0x118 ..\obj\stm32f10x_rcc.o
 .debug_aranges
                0x00000250       0x48 ..\obj\i2c_slave.o
 .debug_aranges
                0x00000298      0x138 ..\obj\stm32f10x_adc.o
 .debug_aranges
                0x000003d0       0x70 ..\obj\stm32f10x_dma.o
 .debug_aranges
                0x00000440       0x40 ..\obj\misc.o
 .debug_aranges
                0x00000480      0x120 ..\obj\stm32f10x_i2c.o

.debug_ranges   0x00000000      0x500
 .debug_ranges  0x00000000       0x28 ..\obj\system_stm32f10x.o
 .debug_ranges  0x00000028       0x18 ..\obj\startup_stm32f10x_md.o
 .debug_ranges  0x00000040       0x98 ..\obj\stm32f10x_gpio.o
 .debug_ranges  0x000000d8       0x20 ..\obj\main.o
 .debug_ranges  0x000000f8      0x108 ..\obj\stm32f10x_rcc.o
 .debug_ranges  0x00000200       0x38 ..\obj\i2c_slave.o
 .debug_ranges  0x00000238      0x128 ..\obj\stm32f10x_adc.o
 .debug_ranges  0x00000360       0x60 ..\obj\stm32f10x_dma.o
 .debug_ranges  0x000003c0       0x30 ..\obj\misc.o
 .debug_ranges  0x000003f0      0x110 ..\obj\stm32f10x_i2c.o

.debug_line     0x00000000     0x20db
 .debug_line    0x00000000      0x226 ..\obj\system_stm32f10x.o
 .debug_line    0x00000226       0xa9 ..\obj\startup_stm32f10x_md.o
 .debug_line    0x000002cf      0x3e4 ..\obj\stm32f10x_gpio.o
 .debug_line    0x000006b3      0x2a1 ..\obj\main.o
 .debug_line    0x00000954      0x4df ..\obj\stm32f10x_rcc.o
 .debug_line    0x00000e33      0x2be ..\obj\i2c_slave.o
 .debug_line    0x000010f1      0x54e ..\obj\stm32f10x_adc.o
 .debug_line    0x0000163f      0x34c ..\obj\stm32f10x_dma.o
 .debug_line    0x0000198b      0x257 ..\obj\misc.o
 .debug_line    0x00001be2      0x4f9 ..\obj\stm32f10x_i2c.o

.debug_str      0x00000000     0x1c71
 .debug_str     0x00000000      0x28f ..\obj\system_stm32f10x.o
                                0x2fe (size before relaxing)
 .debug_str     0x0000028f       0xb7 ..\obj\startup_stm32f10x_md.o
                                0x14e (size before relaxing)
 .debug_str     0x00000346      0x3bc ..\obj\stm32f10x_gpio.o
                                0x528 (size before relaxing)
 .debug_str     0x00000702      0x25b ..\obj\main.o
                                0x50f (size before relaxing)
 .debug_str     0x0000095d      0x3d5 ..\obj\stm32f10x_rcc.o
                                0x629 (size before relaxing)
 .debug_str     0x00000d32      0x4e0 ..\obj\i2c_slave.o
                                0x7b9 (size before relaxing)
 .debug_str     0x00001212      0x47a ..\obj\stm32f10x_adc.o
                                0x70a (size before relaxing)
 .debug_str     0x0000168c      0x146 ..\obj\stm32f10x_dma.o
                                0x3c6 (size before relaxing)
 .debug_str     0x000017d2      0x159 ..\obj\misc.o
                                0x3cd (size before relaxing)
 .debug_str     0x0000192b      0x346 ..\obj\stm32f10x_i2c.o
                                0x675 (size before relaxing)

.comment        0x00000000       0x6e
 .comment       0x00000000       0x6e ..\obj\system_stm32f10x.o
                                 0x6f (size before relaxing)
 .comment       0x0000006e       0x6f ..\obj\startup_stm32f10x_md.o
 .comment       0x0000006e       0x6f ..\obj\stm32f10x_gpio.o
 .comment       0x0000006e       0x6f ..\obj\main.o
 .comment       0x0000006e       0x6f ..\obj\stm32f10x_rcc.o
 .comment       0x0000006e       0x6f ..\obj\i2c_slave.o
 .comment       0x0000006e       0x6f ..\obj\stm32f10x_adc.o
 .comment       0x0000006e       0x6f ..\obj\stm32f10x_dma.o
 .comment       0x0000006e       0x6f ..\obj\misc.o
 .comment       0x0000006e       0x6f ..\obj\stm32f10x_i2c.o

.ARM.attributes
                0x00000000       0x33
 .ARM.attributes
                0x00000000       0x33 ..\obj\system_stm32f10x.o
 .ARM.attributes
                0x00000033       0x33 ..\obj\startup_stm32f10x_md.o
 .ARM.attributes
                0x00000066       0x33 ..\obj\stm32f10x_gpio.o
 .ARM.attributes
                0x00000099       0x33 ..\obj\main.o
 .ARM.attributes
                0x000000cc       0x33 ..\obj\stm32f10x_rcc.o
 .ARM.attributes
                0x000000ff       0x33 ..\obj\i2c_slave.o
 .ARM.attributes
                0x00000132       0x33 ..\obj\stm32f10x_adc.o
 .ARM.attributes
                0x00000165       0x33 ..\obj\stm32f10x_dma.o
 .ARM.attributes
                0x00000198       0x33 ..\obj\misc.o
 .ARM.attributes
                0x000001cb       0x33 ..\obj\stm32f10x_i2c.o

.debug_frame    0x00000000     0x1774
 .debug_frame   0x00000000       0x98 ..\obj\system_stm32f10x.o
 .debug_frame   0x00000098       0x4c ..\obj\startup_stm32f10x_md.o
 .debug_frame   0x000000e4      0x2d0 ..\obj\stm32f10x_gpio.o
 .debug_frame   0x000003b4       0x74 ..\obj\main.o
 .debug_frame   0x00000428      0x4f4 ..\obj\stm32f10x_rcc.o
 .debug_frame   0x0000091c       0xe4 ..\obj\i2c_slave.o
 .debug_frame   0x00000a00      0x5a4 ..\obj\stm32f10x_adc.o
 .debug_frame   0x00000fa4      0x1c8 ..\obj\stm32f10x_dma.o
 .debug_frame   0x0000116c       0xd8 ..\obj\misc.o
 .debug_frame   0x00001244      0x530 ..\obj\stm32f10x_i2c.o
