Archive member included to satisfy reference by file (symbol)

c:/program files/gnu tools arm embedded/5.3 2016q1/bin/../lib/gcc/arm-none-eabi/5.3.1/../../../../arm-none-eabi/lib/armv7-m\libg.a(lib_a-memset.o)
                              ..\obj\main.o (memset)

Discarded input sections

 .text          0x00000000        0x0 ..\obj\system_stm32f10x.o
 .data          0x00000000       0x14 ..\obj\system_stm32f10x.o
 .bss           0x00000000        0x0 ..\obj\system_stm32f10x.o
 .text.SystemCoreClockUpdate
                0x00000000       0xd8 ..\obj\system_stm32f10x.o
 .text          0x00000000        0x0 ..\obj\startup_stm32f10x_md.o
 .data          0x00000000        0x0 ..\obj\startup_stm32f10x_md.o
 .bss           0x00000000        0x0 ..\obj\startup_stm32f10x_md.o
 .text          0x00000000        0x0 ..\obj\stm32f10x_gpio.o
 .data          0x00000000        0x0 ..\obj\stm32f10x_gpio.o
 .bss           0x00000000        0x0 ..\obj\stm32f10x_gpio.o
 .text.GPIO_DeInit
                0x00000000       0xe4 ..\obj\stm32f10x_gpio.o
 .text.GPIO_AFIODeInit
                0x00000000       0x18 ..\obj\stm32f10x_gpio.o
 .text.GPIO_StructInit
                0x00000000       0x28 ..\obj\stm32f10x_gpio.o
 .text.GPIO_ReadInputDataBit
                0x00000000       0x34 ..\obj\stm32f10x_gpio.o
 .text.GPIO_ReadInputData
                0x00000000       0x18 ..\obj\stm32f10x_gpio.o
 .text.GPIO_ReadOutputDataBit
                0x00000000       0x34 ..\obj\stm32f10x_gpio.o
 .text.GPIO_ReadOutputData
                0x00000000       0x18 ..\obj\stm32f10x_gpio.o
 .text.GPIO_SetBits
                0x00000000       0x1c ..\obj\stm32f10x_gpio.o
 .text.GPIO_ResetBits
                0x00000000       0x1c ..\obj\stm32f10x_gpio.o
 .text.GPIO_WriteBit
                0x00000000       0x30 ..\obj\stm32f10x_gpio.o
 .text.GPIO_Write
                0x00000000       0x1c ..\obj\stm32f10x_gpio.o
 .text.GPIO_PinLockConfig
                0x00000000       0x44 ..\obj\stm32f10x_gpio.o
 .text.GPIO_EventOutputConfig
                0x00000000       0x4c ..\obj\stm32f10x_gpio.o
 .text.GPIO_EventOutputCmd
                0x00000000       0x20 ..\obj\stm32f10x_gpio.o
 .text.GPIO_PinRemapConfig
                0x00000000       0xe0 ..\obj\stm32f10x_gpio.o
 .text.GPIO_EXTILineConfig
                0x00000000       0x84 ..\obj\stm32f10x_gpio.o
 .text.GPIO_ETH_MediaInterfaceConfig
                0x00000000       0x1c ..\obj\stm32f10x_gpio.o
 .text          0x00000000        0x0 ..\obj\main.o
 .data          0x00000000        0x0 ..\obj\main.o
 .text          0x00000000        0x0 ..\obj\printf.o
 .data          0x00000000      0x42c ..\obj\printf.o
 .bss           0x00000000        0x0 ..\obj\printf.o
 .text.PrintChar
                0x00000000       0x14 ..\obj\printf.o
 .text.snprintf
                0x00000000       0x30 ..\obj\printf.o
 .rodata        0x00000000       0x24 ..\obj\printf.o
 .text.vfprintf
                0x00000000       0x68 ..\obj\printf.o
 .text.vprintf  0x00000000       0x28 ..\obj\printf.o
 .text.fprintf  0x00000000       0x2c ..\obj\printf.o
 .text.printf   0x00000000       0x28 ..\obj\printf.o
 .text.puts     0x00000000       0x24 ..\obj\printf.o
 .text.fputc    0x00000000       0x40 ..\obj\printf.o
 .text.fputs    0x00000000       0x48 ..\obj\printf.o
 .text          0x00000000        0x0 ..\obj\stm32f10x_rcc.o
 .bss           0x00000000        0x0 ..\obj\stm32f10x_rcc.o
 .text.RCC_AdjustHSICalibrationValue
                0x00000000       0x3c ..\obj\stm32f10x_rcc.o
 .text.RCC_HSICmd
                0x00000000       0x20 ..\obj\stm32f10x_rcc.o
 .text.RCC_ITConfig
                0x00000000       0x4c ..\obj\stm32f10x_rcc.o
 .text.RCC_USBCLKConfig
                0x00000000       0x1c ..\obj\stm32f10x_rcc.o
 .text.RCC_LSEConfig
                0x00000000       0x40 ..\obj\stm32f10x_rcc.o
 .text.RCC_LSICmd
                0x00000000       0x20 ..\obj\stm32f10x_rcc.o
 .text.RCC_RTCCLKConfig
                0x00000000       0x24 ..\obj\stm32f10x_rcc.o
 .text.RCC_RTCCLKCmd
                0x00000000       0x20 ..\obj\stm32f10x_rcc.o
 .text.RCC_AHBPeriphClockCmd
                0x00000000       0x3c ..\obj\stm32f10x_rcc.o
 .text.RCC_APB1PeriphClockCmd
                0x00000000       0x3c ..\obj\stm32f10x_rcc.o
 .text.RCC_APB2PeriphResetCmd
                0x00000000       0x3c ..\obj\stm32f10x_rcc.o
 .text.RCC_APB1PeriphResetCmd
                0x00000000       0x3c ..\obj\stm32f10x_rcc.o
 .text.RCC_BackupResetCmd
                0x00000000       0x20 ..\obj\stm32f10x_rcc.o
 .text.RCC_ClockSecuritySystemCmd
                0x00000000       0x20 ..\obj\stm32f10x_rcc.o
 .text.RCC_MCOConfig
                0x00000000       0x20 ..\obj\stm32f10x_rcc.o
 .text.RCC_ClearFlag
                0x00000000       0x1c ..\obj\stm32f10x_rcc.o
 .text.RCC_GetITStatus
                0x00000000       0x34 ..\obj\stm32f10x_rcc.o
 .text.RCC_ClearITPendingBit
                0x00000000       0x20 ..\obj\stm32f10x_rcc.o
 .text          0x00000000        0x0 ..\obj\stm32f10x_adc.o
 .data          0x00000000        0x0 ..\obj\stm32f10x_adc.o
 .bss           0x00000000        0x0 ..\obj\stm32f10x_adc.o
 .text.ADC_DeInit
                0x00000000       0x74 ..\obj\stm32f10x_adc.o
 .text.ADC_StructInit
                0x00000000       0x38 ..\obj\stm32f10x_adc.o
 .text.ADC_DMACmd
                0x00000000       0x38 ..\obj\stm32f10x_adc.o
 .text.ADC_GetSoftwareStartConvStatus
                0x00000000       0x30 ..\obj\stm32f10x_adc.o
 .text.ADC_DiscModeChannelCountConfig
                0x00000000       0x44 ..\obj\stm32f10x_adc.o
 .text.ADC_DiscModeCmd
                0x00000000       0x38 ..\obj\stm32f10x_adc.o
 .text.ADC_ExternalTrigConvCmd
                0x00000000       0x38 ..\obj\stm32f10x_adc.o
 .text.ADC_GetDualModeConversionValue
                0x00000000       0x14 ..\obj\stm32f10x_adc.o
 .text.ADC_AutoInjectedConvCmd
                0x00000000       0x38 ..\obj\stm32f10x_adc.o
 .text.ADC_InjectedDiscModeCmd
                0x00000000       0x38 ..\obj\stm32f10x_adc.o
 .text.ADC_ExternalTrigInjectedConvConfig
                0x00000000       0x34 ..\obj\stm32f10x_adc.o
 .text.ADC_ExternalTrigInjectedConvCmd
                0x00000000       0x38 ..\obj\stm32f10x_adc.o
 .text.ADC_SoftwareStartInjectedConvCmd
                0x00000000       0x38 ..\obj\stm32f10x_adc.o
 .text.ADC_GetSoftwareStartInjectedConvCmdStatus
                0x00000000       0x30 ..\obj\stm32f10x_adc.o
 .text.ADC_InjectedChannelConfig
                0x00000000      0x120 ..\obj\stm32f10x_adc.o
 .text.ADC_InjectedSequencerLengthConfig
                0x00000000       0x44 ..\obj\stm32f10x_adc.o
 .text.ADC_SetInjectedOffset
                0x00000000       0x34 ..\obj\stm32f10x_adc.o
 .text.ADC_GetInjectedConversionValue
                0x00000000       0x30 ..\obj\stm32f10x_adc.o
 .text.ADC_TempSensorVrefintCmd
                0x00000000       0x38 ..\obj\stm32f10x_adc.o
 .text.ADC_GetFlagStatus
                0x00000000       0x34 ..\obj\stm32f10x_adc.o
 .text.ADC_ClearFlag
                0x00000000       0x20 ..\obj\stm32f10x_adc.o
 .text          0x00000000        0x0 ..\obj\stm32f10x_usart.o
 .data          0x00000000        0x0 ..\obj\stm32f10x_usart.o
 .bss           0x00000000        0x0 ..\obj\stm32f10x_usart.o
 .text.USART_DeInit
                0x00000000       0xb8 ..\obj\stm32f10x_usart.o
 .text.USART_StructInit
                0x00000000       0x38 ..\obj\stm32f10x_usart.o
 .text.USART_ClockInit
                0x00000000       0x58 ..\obj\stm32f10x_usart.o
 .text.USART_ClockStructInit
                0x00000000       0x2c ..\obj\stm32f10x_usart.o
 .text.USART_ITConfig
                0x00000000       0x90 ..\obj\stm32f10x_usart.o
 .text.USART_DMACmd
                0x00000000       0x48 ..\obj\stm32f10x_usart.o
 .text.USART_SetAddress
                0x00000000       0x38 ..\obj\stm32f10x_usart.o
 .text.USART_WakeUpConfig
                0x00000000       0x38 ..\obj\stm32f10x_usart.o
 .text.USART_ReceiverWakeUpCmd
                0x00000000       0x40 ..\obj\stm32f10x_usart.o
 .text.USART_LINBreakDetectLengthConfig
                0x00000000       0x38 ..\obj\stm32f10x_usart.o
 .text.USART_LINCmd
                0x00000000       0x40 ..\obj\stm32f10x_usart.o
 .text.USART_ReceiveData
                0x00000000       0x20 ..\obj\stm32f10x_usart.o
 .text.USART_SendBreak
                0x00000000       0x24 ..\obj\stm32f10x_usart.o
 .text.USART_SetGuardTime
                0x00000000       0x3c ..\obj\stm32f10x_usart.o
 .text.USART_SetPrescaler
                0x00000000       0x38 ..\obj\stm32f10x_usart.o
 .text.USART_SmartCardCmd
                0x00000000       0x40 ..\obj\stm32f10x_usart.o
 .text.USART_SmartCardNACKCmd
                0x00000000       0x40 ..\obj\stm32f10x_usart.o
 .text.USART_HalfDuplexCmd
                0x00000000       0x40 ..\obj\stm32f10x_usart.o
 .text.USART_OverSampling8Cmd
                0x00000000       0x44 ..\obj\stm32f10x_usart.o
 .text.USART_OneBitMethodCmd
                0x00000000       0x40 ..\obj\stm32f10x_usart.o
 .text.USART_IrDAConfig
                0x00000000       0x38 ..\obj\stm32f10x_usart.o
 .text.USART_IrDACmd
                0x00000000       0x40 ..\obj\stm32f10x_usart.o
 .text.USART_ClearFlag
                0x00000000       0x20 ..\obj\stm32f10x_usart.o
 .text.USART_GetITStatus
                0x00000000       0xb4 ..\obj\stm32f10x_usart.o
 .text.USART_ClearITPendingBit
                0x00000000       0x38 ..\obj\stm32f10x_usart.o
 .text          0x00000000        0x0 ..\obj\misc.o
 .data          0x00000000        0x0 ..\obj\misc.o
 .bss           0x00000000        0x0 ..\obj\misc.o
 .text.NVIC_PriorityGroupConfig
                0x00000000       0x24 ..\obj\misc.o
 .text.NVIC_SetVectorTable
                0x00000000       0x2c ..\obj\misc.o
 .text.NVIC_SystemLPConfig
                0x00000000       0x40 ..\obj\misc.o
 .text.SysTick_CLKSourceConfig
                0x00000000       0x38 ..\obj\misc.o
 .text          0x00000000        0x0 c:/program files/gnu tools arm embedded/5.3 2016q1/bin/../lib/gcc/arm-none-eabi/5.3.1/../../../../arm-none-eabi/lib/armv7-m\libg.a(lib_a-memset.o)
 .data          0x00000000        0x0 c:/program files/gnu tools arm embedded/5.3 2016q1/bin/../lib/gcc/arm-none-eabi/5.3.1/../../../../arm-none-eabi/lib/armv7-m\libg.a(lib_a-memset.o)
 .bss           0x00000000        0x0 c:/program files/gnu tools arm embedded/5.3 2016q1/bin/../lib/gcc/arm-none-eabi/5.3.1/../../../../arm-none-eabi/lib/armv7-m\libg.a(lib_a-memset.o)

Memory Configuration

Name             Origin             Length             Attributes
rom              0x08000000         0x00010000         xr
ram              0x20000000         0x00005000         xrw
*default*        0x00000000         0xffffffff

Linker script and memory map

                0x20005000                _eram = 0x20005000

.text           0x08000000     0x1965
 *(.isr_vector)
 .isr_vector    0x08000000      0x10c ..\obj\startup_stm32f10x_md.o
                0x08000000                g_pfnVectors
 *(.text*)
 .text.SystemInit
                0x0800010c       0x68 ..\obj\system_stm32f10x.o
                0x0800010c                SystemInit
 .text.SetSysClock
                0x08000174        0xc ..\obj\system_stm32f10x.o
 .text.SetSysClockTo72
                0x08000180      0x100 ..\obj\system_stm32f10x.o
 .text.Default_Reset_Handler
                0x08000280       0x60 ..\obj\startup_stm32f10x_md.o
                0x08000280                Default_Reset_Handler
                0x08000280                Reset_Handler
 .text.Default_Handler
                0x080002e0        0x8 ..\obj\startup_stm32f10x_md.o
                0x080002e0                EXTI2_IRQHandler
                0x080002e0                DebugMon_Handler
                0x080002e0                TIM1_CC_IRQHandler
                0x080002e0                HardFault_Handler
                0x080002e0                SysTick_Handler
                0x080002e0                PVD_IRQHandler
                0x080002e0                PendSV_Handler
                0x080002e0                NMI_Handler
                0x080002e0                EXTI3_IRQHandler
                0x080002e0                EXTI0_IRQHandler
                0x080002e0                I2C2_EV_IRQHandler
                0x080002e0                UsageFault_Handler
                0x080002e0                SPI1_IRQHandler
                0x080002e0                TAMPER_IRQHandler
                0x080002e0                DMA1_Channel4_IRQHandler
                0x080002e0                USART3_IRQHandler
                0x080002e0                RTC_IRQHandler
                0x080002e0                DMA1_Channel7_IRQHandler
                0x080002e0                CAN1_RX1_IRQHandler
                0x080002e0                TIM4_IRQHandler
                0x080002e0                I2C1_EV_IRQHandler
                0x080002e0                DMA1_Channel6_IRQHandler
                0x080002e0                TIM3_IRQHandler
                0x080002e0                RCC_IRQHandler
                0x080002e0                TIM1_TRG_COM_IRQHandler
                0x080002e0                DMA1_Channel1_IRQHandler
                0x080002e0                EXTI15_10_IRQHandler
                0x080002e0                EXTI9_5_IRQHandler
                0x080002e0                SPI2_IRQHandler
                0x080002e0                MemManage_Handler
                0x080002e0                SVC_Handler
                0x080002e0                DMA1_Channel5_IRQHandler
                0x080002e0                EXTI4_IRQHandler
                0x080002e0                USB_LP_CAN1_RX0_IRQHandler
                0x080002e0                USB_HP_CAN1_TX_IRQHandler
                0x080002e0                DMA1_Channel3_IRQHandler
                0x080002e0                TIM1_UP_IRQHandler
                0x080002e0                WWDG_IRQHandler
                0x080002e0                TIM2_IRQHandler
                0x080002e0                TIM1_BRK_IRQHandler
                0x080002e0                EXTI1_IRQHandler
                0x080002e0                RTCAlarm_IRQHandler
                0x080002e0                USART2_IRQHandler
                0x080002e0                I2C2_ER_IRQHandler
                0x080002e0                DMA1_Channel2_IRQHandler
                0x080002e0                CAN1_SCE_IRQHandler
                0x080002e0                FLASH_IRQHandler
                0x080002e0                BusFault_Handler
                0x080002e0                USART1_IRQHandler
                0x080002e0                I2C1_ER_IRQHandler
                0x080002e0                USBWakeUp_IRQHandler
 .text.GPIO_Init
                0x080002e8      0x178 ..\obj\stm32f10x_gpio.o
                0x080002e8                GPIO_Init
 .text.usart_init
                0x08000460       0x98 ..\obj\main.o
                0x08000460                usart_init
 .text.USARTSend
                0x080004f8       0x40 ..\obj\main.o
                0x080004f8                USARTSend
 .text.SetSysClockTo72
                0x08000538       0x70 ..\obj\main.o
                0x08000538                SetSysClockTo72
 .text.ADC1_2_IRQHandler
                0x080005a8       0x30 ..\obj\main.o
                0x080005a8                ADC1_2_IRQHandler
 .text.main     0x080005d8      0x148 ..\obj\main.o
                0x080005d8                main
 .text.PutChar  0x08000720       0x20 ..\obj\printf.o
                0x08000720                PutChar
 .text.PutString
                0x08000740       0x3c ..\obj\printf.o
                0x08000740                PutString
 .text.PutUnsignedInt
                0x0800077c       0x9c ..\obj\printf.o
                0x0800077c                PutUnsignedInt
 .text.PutSignedInt
                0x08000818       0xf8 ..\obj\printf.o
                0x08000818                PutSignedInt
 .text.PutHexa  0x08000910       0xd4 ..\obj\printf.o
                0x08000910                PutHexa
 .text.vsnprintf
                0x080009e4      0x254 ..\obj\printf.o
                0x080009e4                vsnprintf
 .text.vsprintf
                0x08000c38       0x24 ..\obj\printf.o
                0x08000c38                vsprintf
 .text.sprintf  0x08000c5c       0x2c ..\obj\printf.o
                0x08000c5c                sprintf
 .text.RCC_DeInit
                0x08000c88       0x5c ..\obj\stm32f10x_rcc.o
                0x08000c88                RCC_DeInit
 .text.RCC_HSEConfig
                0x08000ce4       0x5c ..\obj\stm32f10x_rcc.o
                0x08000ce4                RCC_HSEConfig
 .text.RCC_WaitForHSEStartUp
                0x08000d40       0x50 ..\obj\stm32f10x_rcc.o
                0x08000d40                RCC_WaitForHSEStartUp
 .text.RCC_PLLConfig
                0x08000d90       0x3c ..\obj\stm32f10x_rcc.o
                0x08000d90                RCC_PLLConfig
 .text.RCC_PLLCmd
                0x08000dcc       0x20 ..\obj\stm32f10x_rcc.o
                0x08000dcc                RCC_PLLCmd
 .text.RCC_SYSCLKConfig
                0x08000dec       0x38 ..\obj\stm32f10x_rcc.o
                0x08000dec                RCC_SYSCLKConfig
 .text.RCC_GetSYSCLKSource
                0x08000e24       0x1c ..\obj\stm32f10x_rcc.o
                0x08000e24                RCC_GetSYSCLKSource
 .text.RCC_HCLKConfig
                0x08000e40       0x38 ..\obj\stm32f10x_rcc.o
                0x08000e40                RCC_HCLKConfig
 .text.RCC_PCLK1Config
                0x08000e78       0x38 ..\obj\stm32f10x_rcc.o
                0x08000e78                RCC_PCLK1Config
 .text.RCC_PCLK2Config
                0x08000eb0       0x38 ..\obj\stm32f10x_rcc.o
                0x08000eb0                RCC_PCLK2Config
 .text.RCC_ADCCLKConfig
                0x08000ee8       0x38 ..\obj\stm32f10x_rcc.o
                0x08000ee8                RCC_ADCCLKConfig
 .text.RCC_GetClocksFreq
                0x08000f20      0x160 ..\obj\stm32f10x_rcc.o
                0x08000f20                RCC_GetClocksFreq
 .text.RCC_APB2PeriphClockCmd
                0x08001080       0x3c ..\obj\stm32f10x_rcc.o
                0x08001080                RCC_APB2PeriphClockCmd
 .text.RCC_GetFlagStatus
                0x080010bc       0x74 ..\obj\stm32f10x_rcc.o
                0x080010bc                RCC_GetFlagStatus
 .text.ADC_Init
                0x08001130       0xa4 ..\obj\stm32f10x_adc.o
                0x08001130                ADC_Init
 .text.ADC_Cmd  0x080011d4       0x38 ..\obj\stm32f10x_adc.o
                0x080011d4                ADC_Cmd
 .text.ADC_ITConfig
                0x0800120c       0x44 ..\obj\stm32f10x_adc.o
                0x0800120c                ADC_ITConfig
 .text.ADC_ResetCalibration
                0x08001250       0x20 ..\obj\stm32f10x_adc.o
                0x08001250                ADC_ResetCalibration
 .text.ADC_GetResetCalibrationStatus
                0x08001270       0x30 ..\obj\stm32f10x_adc.o
                0x08001270                ADC_GetResetCalibrationStatus
 .text.ADC_StartCalibration
                0x080012a0       0x20 ..\obj\stm32f10x_adc.o
                0x080012a0                ADC_StartCalibration
 .text.ADC_GetCalibrationStatus
                0x080012c0       0x30 ..\obj\stm32f10x_adc.o
                0x080012c0                ADC_GetCalibrationStatus
 .text.ADC_SoftwareStartConvCmd
                0x080012f0       0x38 ..\obj\stm32f10x_adc.o
                0x080012f0                ADC_SoftwareStartConvCmd
 .text.ADC_RegularChannelConfig
                0x08001328      0x194 ..\obj\stm32f10x_adc.o
                0x08001328                ADC_RegularChannelConfig
 .text.ADC_GetConversionValue
                0x080014bc       0x18 ..\obj\stm32f10x_adc.o
                0x080014bc                ADC_GetConversionValue
 .text.ADC_AnalogWatchdogCmd
                0x080014d4       0x38 ..\obj\stm32f10x_adc.o
                0x080014d4                ADC_AnalogWatchdogCmd
 .text.ADC_AnalogWatchdogThresholdsConfig
                0x0800150c       0x28 ..\obj\stm32f10x_adc.o
                0x0800150c                ADC_AnalogWatchdogThresholdsConfig
 .text.ADC_AnalogWatchdogSingleChannelConfig
                0x08001534       0x38 ..\obj\stm32f10x_adc.o
                0x08001534                ADC_AnalogWatchdogSingleChannelConfig
 .text.ADC_GetITStatus
                0x0800156c       0x54 ..\obj\stm32f10x_adc.o
                0x0800156c                ADC_GetITStatus
 .text.ADC_ClearITPendingBit
                0x080015c0       0x2c ..\obj\stm32f10x_adc.o
                0x080015c0                ADC_ClearITPendingBit
 .text.USART_Init
                0x080015ec      0x174 ..\obj\stm32f10x_usart.o
                0x080015ec                USART_Init
 .text.USART_Cmd
                0x08001760       0x40 ..\obj\stm32f10x_usart.o
                0x08001760                USART_Cmd
 .text.USART_SendData
                0x080017a0       0x24 ..\obj\stm32f10x_usart.o
                0x080017a0                USART_SendData
 .text.USART_GetFlagStatus
                0x080017c4       0x38 ..\obj\stm32f10x_usart.o
                0x080017c4                USART_GetFlagStatus
 .text.NVIC_Init
                0x080017fc       0xc4 ..\obj\misc.o
                0x080017fc                NVIC_Init
 .text.memset   0x080018c0       0x9c c:/program files/gnu tools arm embedded/5.3 2016q1/bin/../lib/gcc/arm-none-eabi/5.3.1/../../../../arm-none-eabi/lib/armv7-m\libg.a(lib_a-memset.o)
                0x080018c0                memset
 *(.init)
 *(.fini)
 *crtbegin.o(.ctors)
 *crtbegin?.o(.ctors)
 *(EXCLUDE_FILE(*crtend.o *crtend?.o) .ctors)
 *(SORT(.ctors.*))
 *(.ctors)
 *crtbegin.o(.dtors)
 *crtbegin?.o(.dtors)
 *(EXCLUDE_FILE(*crtend.o *crtend?.o) .dtors)
 *(SORT(.dtors.*))
 *(.dtors)
 *(.rodata*)
 .rodata        0x0800195c        0x9 ..\obj\main.o
 *(.eh_fram e*)

.glue_7         0x08001968        0x0
 .glue_7        0x08001968        0x0 linker stubs

.glue_7t        0x08001968        0x0
 .glue_7t       0x08001968        0x0 linker stubs

.vfp11_veneer   0x08001968        0x0
 .vfp11_veneer  0x08001968        0x0 linker stubs

.v4_bx          0x08001968        0x0
 .v4_bx         0x08001968        0x0 linker stubs

.iplt           0x08001968        0x0
 .iplt          0x08001968        0x0 ..\obj\system_stm32f10x.o

.rel.dyn        0x08001968        0x0
 .rel.iplt      0x08001968        0x0 ..\obj\system_stm32f10x.o

.ARM.extab
 *(.ARM.extab* .gnu.linkonce.armextab.*)
                0x08001968                __exidx_start = .

.ARM.exidx
 *(.ARM.exidx* .gnu.linkonce.armexidx.*)
                0x08001968                __exidx_end = .
                0x08001968                __etext = .
                0x08001965                _sidata = __etext

.data           0x20000000       0x14 load address 0x08001965
                0x20000000                __data_start__ = .
                0x20000000                _sdata = __data_start__
 *(vtable)
 *(.data*)
 .data          0x20000000       0x14 ..\obj\stm32f10x_rcc.o
                0x20000014                . = ALIGN (0x4)
                [!provide]                PROVIDE (__preinit_array_start, .)
 *(.preinit_array)
                [!provide]                PROVIDE (__preinit_array_end, .)
                0x20000014                . = ALIGN (0x4)
                [!provide]                PROVIDE (__init_array_start, .)
 *(SORT(.init_array.*))
 *(.init_array)
                [!provide]                PROVIDE (__init_array_end, .)
                0x20000014                . = ALIGN (0x4)
                [!provide]                PROVIDE (__fini_array_start, .)
 *(SORT(.fini_array.*))
 *(.fini_array)
                [!provide]                PROVIDE (__fini_array_end, .)
 *(.jcr*)
                0x20000014                . = ALIGN (0x4)
                0x20000014                __data_end__ = .
                0x20000014                _edata = __data_end__

.igot.plt       0x20000014        0x0 load address 0x0800197c
 .igot.plt      0x20000014        0x0 ..\obj\system_stm32f10x.o

.bss            0x20000014        0x4 load address 0x08001979
                0x20000014                . = ALIGN (0x4)
                0x20000014                __bss_start__ = .
                0x20000014                _sbss = __bss_start__
 *(.bss*)
 .bss           0x20000014        0x1 ..\obj\main.o
                0x20000014                ADC_IT_AWD_FLAG
 *(COMMON)
                0x20000018                . = ALIGN (0x4)
 *fill*         0x20000015        0x3 
                0x20000018                __bss_end__ = .
                0x20000018                _ebss = __bss_end__

.heap           0x20000018        0x0
                0x20000018                __end__ = .
                0x20000018                _end = __end__
                0x20000018                end = __end__
 *(.heap*)
                0x20000018                __HeapLimit = .

.co_stack       0x20000018      0x400 load address 0x08001980
                0x20000018                . = ALIGN (0x8)
 *(.co_stack .co_stack.*)
 .co_stack      0x20000018      0x400 ..\obj\startup_stm32f10x_md.o
                0x20000018                pulStack
                0x20005000                __StackTop = (ORIGIN (ram) + LENGTH (ram))
                0x20004c00                __StackLimit = (__StackTop - SIZEOF (.co_stack))
                [!provide]                PROVIDE (__stack, __StackTop)
                0x00000001                ASSERT ((__StackLimit >= __HeapLimit), region ram  overflowed with stack)
LOAD ..\obj\system_stm32f10x.o
LOAD ..\obj\startup_stm32f10x_md.o
LOAD ..\obj\stm32f10x_gpio.o
LOAD ..\obj\main.o
LOAD ..\obj\printf.o
LOAD ..\obj\stm32f10x_rcc.o
LOAD ..\obj\stm32f10x_adc.o
LOAD ..\obj\stm32f10x_usart.o
LOAD ..\obj\misc.o
START GROUP
LOAD c:/program files/gnu tools arm embedded/5.3 2016q1/bin/../lib/gcc/arm-none-eabi/5.3.1/armv7-m\libgcc.a
LOAD c:/program files/gnu tools arm embedded/5.3 2016q1/bin/../lib/gcc/arm-none-eabi/5.3.1/../../../../arm-none-eabi/lib/armv7-m\libg.a
LOAD c:/program files/gnu tools arm embedded/5.3 2016q1/bin/../lib/gcc/arm-none-eabi/5.3.1/../../../../arm-none-eabi/lib/armv7-m\libc.a
END GROUP
OUTPUT(Example_ADC_Watchdog.elf elf32-littlearm)

.debug_info     0x00000000     0x45e5
 .debug_info    0x00000000      0x49c ..\obj\system_stm32f10x.o
 .debug_info    0x0000049c       0xee ..\obj\startup_stm32f10x_md.o
 .debug_info    0x0000058a      0x6f6 ..\obj\stm32f10x_gpio.o
 .debug_info    0x00000c80      0x7c3 ..\obj\main.o
 .debug_info    0x00001443      0xe3d ..\obj\printf.o
 .debug_info    0x00002280      0x8a3 ..\obj\stm32f10x_rcc.o
 .debug_info    0x00002b23      0xb7c ..\obj\stm32f10x_adc.o
 .debug_info    0x0000369f      0x9f0 ..\obj\stm32f10x_usart.o
 .debug_info    0x0000408f      0x556 ..\obj\misc.o

.debug_abbrev   0x00000000      0xdb0
 .debug_abbrev  0x00000000      0x14e ..\obj\system_stm32f10x.o
 .debug_abbrev  0x0000014e       0xa7 ..\obj\startup_stm32f10x_md.o
 .debug_abbrev  0x000001f5      0x1cc ..\obj\stm32f10x_gpio.o
 .debug_abbrev  0x000003c1      0x18c ..\obj\main.o
 .debug_abbrev  0x0000054d      0x262 ..\obj\printf.o
 .debug_abbrev  0x000007af      0x1bc ..\obj\stm32f10x_rcc.o
 .debug_abbrev  0x0000096b      0x19a ..\obj\stm32f10x_adc.o
 .debug_abbrev  0x00000b05      0x164 ..\obj\stm32f10x_usart.o
 .debug_abbrev  0x00000c69      0x147 ..\obj\misc.o

.debug_aranges  0x00000000      0x578
 .debug_aranges
                0x00000000       0x38 ..\obj\system_stm32f10x.o
 .debug_aranges
                0x00000038       0x28 ..\obj\startup_stm32f10x_md.o
 .debug_aranges
                0x00000060       0xa8 ..\obj\stm32f10x_gpio.o
 .debug_aranges
                0x00000108       0x40 ..\obj\main.o
 .debug_aranges
                0x00000148       0xa0 ..\obj\printf.o
 .debug_aranges
                0x000001e8      0x118 ..\obj\stm32f10x_rcc.o
 .debug_aranges
                0x00000300      0x138 ..\obj\stm32f10x_adc.o
 .debug_aranges
                0x00000438      0x100 ..\obj\stm32f10x_usart.o
 .debug_aranges
                0x00000538       0x40 ..\obj\misc.o

.debug_ranges   0x00000000      0x4e8
 .debug_ranges  0x00000000       0x28 ..\obj\system_stm32f10x.o
 .debug_ranges  0x00000028       0x18 ..\obj\startup_stm32f10x_md.o
 .debug_ranges  0x00000040       0x98 ..\obj\stm32f10x_gpio.o
 .debug_ranges  0x000000d8       0x30 ..\obj\main.o
 .debug_ranges  0x00000108       0x90 ..\obj\printf.o
 .debug_ranges  0x00000198      0x108 ..\obj\stm32f10x_rcc.o
 .debug_ranges  0x000002a0      0x128 ..\obj\stm32f10x_adc.o
 .debug_ranges  0x000003c8       0xf0 ..\obj\stm32f10x_usart.o
 .debug_ranges  0x000004b8       0x30 ..\obj\misc.o

.debug_line     0x00000000     0x1ea0
 .debug_line    0x00000000      0x22c ..\obj\system_stm32f10x.o
 .debug_line    0x0000022c       0xac ..\obj\startup_stm32f10x_md.o
 .debug_line    0x000002d8      0x3f0 ..\obj\stm32f10x_gpio.o
 .debug_line    0x000006c8      0x2f3 ..\obj\main.o
 .debug_line    0x000009bb      0x36b ..\obj\printf.o
 .debug_line    0x00000d26      0x4eb ..\obj\stm32f10x_rcc.o
 .debug_line    0x00001211      0x55a ..\obj\stm32f10x_adc.o
 .debug_line    0x0000176b      0x4d2 ..\obj\stm32f10x_usart.o
 .debug_line    0x00001c3d      0x263 ..\obj\misc.o

.debug_str      0x00000000     0x1f5a
 .debug_str     0x00000000      0x292 ..\obj\system_stm32f10x.o
                                0x301 (size before relaxing)
 .debug_str     0x00000292       0xba ..\obj\startup_stm32f10x_md.o
                                0x151 (size before relaxing)
 .debug_str     0x0000034c      0x3bf ..\obj\stm32f10x_gpio.o
                                0x52b (size before relaxing)
 .debug_str     0x0000070b      0x623 ..\obj\main.o
                                0x8eb (size before relaxing)
 .debug_str     0x00000d2e      0x4cf ..\obj\printf.o
                                0x688 (size before relaxing)
 .debug_str     0x000011fd      0x3d8 ..\obj\stm32f10x_rcc.o
                                0x62c (size before relaxing)
 .debug_str     0x000015d5      0x47d ..\obj\stm32f10x_adc.o
                                0x70d (size before relaxing)
 .debug_str     0x00001a52      0x3ac ..\obj\stm32f10x_usart.o
                                0x6a2 (size before relaxing)
 .debug_str     0x00001dfe      0x15c ..\obj\misc.o
                                0x3d0 (size before relaxing)

.comment        0x00000000       0x6e
 .comment       0x00000000       0x6e ..\obj\system_stm32f10x.o
                                 0x6f (size before relaxing)
 .comment       0x0000006e       0x6f ..\obj\startup_stm32f10x_md.o
 .comment       0x0000006e       0x6f ..\obj\stm32f10x_gpio.o
 .comment       0x0000006e       0x6f ..\obj\main.o
 .comment       0x0000006e       0x6f ..\obj\printf.o
 .comment       0x0000006e       0x6f ..\obj\stm32f10x_rcc.o
 .comment       0x0000006e       0x6f ..\obj\stm32f10x_adc.o
 .comment       0x0000006e       0x6f ..\obj\stm32f10x_usart.o
 .comment       0x0000006e       0x6f ..\obj\misc.o

.ARM.attributes
                0x00000000       0x33
 .ARM.attributes
                0x00000000       0x33 ..\obj\system_stm32f10x.o
 .ARM.attributes
                0x00000033       0x33 ..\obj\startup_stm32f10x_md.o
 .ARM.attributes
                0x00000066       0x33 ..\obj\stm32f10x_gpio.o
 .ARM.attributes
                0x00000099       0x33 ..\obj\main.o
 .ARM.attributes
                0x000000cc       0x33 ..\obj\printf.o
 .ARM.attributes
                0x000000ff       0x33 ..\obj\stm32f10x_rcc.o
 .ARM.attributes
                0x00000132       0x33 ..\obj\stm32f10x_adc.o
 .ARM.attributes
                0x00000165       0x33 ..\obj\stm32f10x_usart.o
 .ARM.attributes
                0x00000198       0x33 ..\obj\misc.o
 .ARM.attributes
                0x000001cb       0x2d c:/program files/gnu tools arm embedded/5.3 2016q1/bin/../lib/gcc/arm-none-eabi/5.3.1/../../../../arm-none-eabi/lib/armv7-m\libg.a(lib_a-memset.o)

.debug_frame    0x00000000     0x177c
 .debug_frame   0x00000000       0x98 ..\obj\system_stm32f10x.o
 .debug_frame   0x00000098       0x4c ..\obj\startup_stm32f10x_md.o
 .debug_frame   0x000000e4      0x2d0 ..\obj\stm32f10x_gpio.o
 .debug_frame   0x000003b4       0xb8 ..\obj\main.o
 .debug_frame   0x0000046c      0x2dc ..\obj\printf.o
 .debug_frame   0x00000748      0x4f4 ..\obj\stm32f10x_rcc.o
 .debug_frame   0x00000c3c      0x5a4 ..\obj\stm32f10x_adc.o
 .debug_frame   0x000011e0      0x490 ..\obj\stm32f10x_usart.o
 .debug_frame   0x00001670       0xd8 ..\obj\misc.o
 .debug_frame   0x00001748       0x34 c:/program files/gnu tools arm embedded/5.3 2016q1/bin/../lib/gcc/arm-none-eabi/5.3.1/../../../../arm-none-eabi/lib/armv7-m\libg.a(lib_a-memset.o)
